<?xml version="1.0" encoding="ISO-8859-1" ?>
<link_info>
   <banner>TI ARM Linker PC v18.1.2.LTS</banner>
   <copyright>Copyright (c) 1996-2017 Texas Instruments Incorporated</copyright>
   <link_time>0x5bf18cf0</link_time>
   <link_errors>0x0</link_errors>
   <output_file>Balanced_Truck.out</output_file>
   <entry_point>
      <name>_c_int00_noargs</name>
      <address>0x6f71</address>
   </entry_point>
   <input_file_list>
      <input_file id="fl-2">
         <path>.\</path>
         <kind>object</kind>
         <file>main.obj</file>
         <name>main.obj</name>
      </input_file>
      <input_file id="fl-3">
         <path>.\</path>
         <kind>object</kind>
         <file>tm4c123gh6pm_startup_ccs.obj</file>
         <name>tm4c123gh6pm_startup_ccs.obj</name>
      </input_file>
      <input_file id="fl-4">
         <path>.\Beep\</path>
         <kind>object</kind>
         <file>Beep.obj</file>
         <name>Beep.obj</name>
      </input_file>
      <input_file id="fl-5">
         <path>.\Hardware\DMP\</path>
         <kind>object</kind>
         <file>inv_mpu.obj</file>
         <name>inv_mpu.obj</name>
      </input_file>
      <input_file id="fl-6">
         <path>.\Hardware\DMP\</path>
         <kind>object</kind>
         <file>inv_mpu_dmp_motion_driver.obj</file>
         <name>inv_mpu_dmp_motion_driver.obj</name>
      </input_file>
      <input_file id="fl-7">
         <path>.\Hardware\I2C\</path>
         <kind>object</kind>
         <file>I2C.obj</file>
         <name>I2C.obj</name>
      </input_file>
      <input_file id="fl-8">
         <path>.\Hardware\MPU6050\</path>
         <kind>object</kind>
         <file>mpu6050.obj</file>
         <name>mpu6050.obj</name>
      </input_file>
      <input_file id="fl-9">
         <path>.\Hardware\MPU6050\</path>
         <kind>object</kind>
         <file>mpu6050_firRefi.obj</file>
         <name>mpu6050_firRefi.obj</name>
      </input_file>
      <input_file id="fl-a">
         <path>.\Hardware\Sys\</path>
         <kind>object</kind>
         <file>sys.obj</file>
         <name>sys.obj</name>
      </input_file>
      <input_file id="fl-b">
         <path>.\Motor\</path>
         <kind>object</kind>
         <file>motor.obj</file>
         <name>motor.obj</name>
      </input_file>
      <input_file id="fl-c">
         <path>.\Pwm\</path>
         <kind>object</kind>
         <file>pwm.obj</file>
         <name>pwm.obj</name>
      </input_file>
      <input_file id="fl-d">
         <path>.\Timer\</path>
         <kind>object</kind>
         <file>Timer.obj</file>
         <name>Timer.obj</name>
      </input_file>
      <input_file id="fl-e">
         <path>.\colorful_LED\</path>
         <kind>object</kind>
         <file>colorful_LED.obj</file>
         <name>colorful_LED.obj</name>
      </input_file>
      <input_file id="fl-f">
         <path>.\delay\</path>
         <kind>object</kind>
         <file>delay.obj</file>
         <name>delay.obj</name>
      </input_file>
      <input_file id="fl-10">
         <path>.\key\</path>
         <kind>object</kind>
         <file>key.obj</file>
         <name>key.obj</name>
      </input_file>
      <input_file id="fl-11">
         <path>.\led\</path>
         <kind>object</kind>
         <file>led.obj</file>
         <name>led.obj</name>
      </input_file>
      <input_file id="fl-12">
         <path>.\uart\</path>
         <kind>object</kind>
         <file>uart_echo.obj</file>
         <name>uart_echo.obj</name>
      </input_file>
      <input_file id="fl-13">
         <path>.\uart\</path>
         <kind>object</kind>
         <file>uartstdio.obj</file>
         <name>uartstdio.obj</name>
      </input_file>
      <input_file id="fl-18">
         <kind>object</kind>
         <file>&lt;internal&gt;</file>
         <name>&lt;internal&gt;</name>
      </input_file>
      <input_file id="fl-19">
         <path>D:\ti\TivaWare_C_Series-2.1.4.178\driverlib\ccs\Debug\</path>
         <kind>archive</kind>
         <file>driverlib.lib</file>
         <name>fpu.obj</name>
      </input_file>
      <input_file id="fl-1a">
         <path>D:\ti\TivaWare_C_Series-2.1.4.178\driverlib\ccs\Debug\</path>
         <kind>archive</kind>
         <file>driverlib.lib</file>
         <name>gpio.obj</name>
      </input_file>
      <input_file id="fl-1b">
         <path>D:\ti\TivaWare_C_Series-2.1.4.178\driverlib\ccs\Debug\</path>
         <kind>archive</kind>
         <file>driverlib.lib</file>
         <name>interrupt.obj</name>
      </input_file>
      <input_file id="fl-1c">
         <path>D:\ti\TivaWare_C_Series-2.1.4.178\driverlib\ccs\Debug\</path>
         <kind>archive</kind>
         <file>driverlib.lib</file>
         <name>pwm.obj</name>
      </input_file>
      <input_file id="fl-1d">
         <path>D:\ti\TivaWare_C_Series-2.1.4.178\driverlib\ccs\Debug\</path>
         <kind>archive</kind>
         <file>driverlib.lib</file>
         <name>sysctl.obj</name>
      </input_file>
      <input_file id="fl-1e">
         <path>D:\ti\TivaWare_C_Series-2.1.4.178\driverlib\ccs\Debug\</path>
         <kind>archive</kind>
         <file>driverlib.lib</file>
         <name>timer.obj</name>
      </input_file>
      <input_file id="fl-1f">
         <path>D:\ti\TivaWare_C_Series-2.1.4.178\driverlib\ccs\Debug\</path>
         <kind>archive</kind>
         <file>driverlib.lib</file>
         <name>uart.obj</name>
      </input_file>
      <input_file id="fl-20">
         <path>D:\ti\TivaWare_C_Series-2.1.4.178\driverlib\ccs\Debug\</path>
         <kind>archive</kind>
         <file>driverlib.lib</file>
         <name>cpu.obj</name>
      </input_file>
      <input_file id="fl-d6">
         <path>D:\Project_Program\Ccs\ccsv8\tools\compiler\ti-cgt-arm_18.1.2.LTS\lib\</path>
         <kind>archive</kind>
         <file>rtsv7M4_T_le_v4SPD16_eabi.lib</file>
         <name>e_asin.c.obj</name>
      </input_file>
      <input_file id="fl-d7">
         <path>D:\Project_Program\Ccs\ccsv8\tools\compiler\ti-cgt-arm_18.1.2.LTS\lib\</path>
         <kind>archive</kind>
         <file>rtsv7M4_T_le_v4SPD16_eabi.lib</file>
         <name>e_atan2.c.obj</name>
      </input_file>
      <input_file id="fl-d8">
         <path>D:\Project_Program\Ccs\ccsv8\tools\compiler\ti-cgt-arm_18.1.2.LTS\lib\</path>
         <kind>archive</kind>
         <file>rtsv7M4_T_le_v4SPD16_eabi.lib</file>
         <name>e_sqrt.c.obj</name>
      </input_file>
      <input_file id="fl-d9">
         <path>D:\Project_Program\Ccs\ccsv8\tools\compiler\ti-cgt-arm_18.1.2.LTS\lib\</path>
         <kind>archive</kind>
         <file>rtsv7M4_T_le_v4SPD16_eabi.lib</file>
         <name>s_atan.c.obj</name>
      </input_file>
      <input_file id="fl-da">
         <path>D:\Project_Program\Ccs\ccsv8\tools\compiler\ti-cgt-arm_18.1.2.LTS\lib\</path>
         <kind>archive</kind>
         <file>rtsv7M4_T_le_v4SPD16_eabi.lib</file>
         <name>u_divt2.asm.obj</name>
      </input_file>
      <input_file id="fl-db">
         <path>D:\Project_Program\Ccs\ccsv8\tools\compiler\ti-cgt-arm_18.1.2.LTS\lib\</path>
         <kind>archive</kind>
         <file>rtsv7M4_T_le_v4SPD16_eabi.lib</file>
         <name>memset_t2.asm.obj</name>
      </input_file>
      <input_file id="fl-dc">
         <path>D:\Project_Program\Ccs\ccsv8\tools\compiler\ti-cgt-arm_18.1.2.LTS\lib\</path>
         <kind>archive</kind>
         <file>rtsv7M4_T_le_v4SPD16_eabi.lib</file>
         <name>fd_add_t2.asm.obj</name>
      </input_file>
      <input_file id="fl-dd">
         <path>D:\Project_Program\Ccs\ccsv8\tools\compiler\ti-cgt-arm_18.1.2.LTS\lib\</path>
         <kind>archive</kind>
         <file>rtsv7M4_T_le_v4SPD16_eabi.lib</file>
         <name>fd_cmp_t2.asm.obj</name>
      </input_file>
      <input_file id="fl-de">
         <path>D:\Project_Program\Ccs\ccsv8\tools\compiler\ti-cgt-arm_18.1.2.LTS\lib\</path>
         <kind>archive</kind>
         <file>rtsv7M4_T_le_v4SPD16_eabi.lib</file>
         <name>fd_div_t2.asm.obj</name>
      </input_file>
      <input_file id="fl-df">
         <path>D:\Project_Program\Ccs\ccsv8\tools\compiler\ti-cgt-arm_18.1.2.LTS\lib\</path>
         <kind>archive</kind>
         <file>rtsv7M4_T_le_v4SPD16_eabi.lib</file>
         <name>fd_mul_t2.asm.obj</name>
      </input_file>
      <input_file id="fl-e0">
         <path>D:\Project_Program\Ccs\ccsv8\tools\compiler\ti-cgt-arm_18.1.2.LTS\lib\</path>
         <kind>archive</kind>
         <file>rtsv7M4_T_le_v4SPD16_eabi.lib</file>
         <name>fd_toi_t2.asm.obj</name>
      </input_file>
      <input_file id="fl-e1">
         <path>D:\Project_Program\Ccs\ccsv8\tools\compiler\ti-cgt-arm_18.1.2.LTS\lib\</path>
         <kind>archive</kind>
         <file>rtsv7M4_T_le_v4SPD16_eabi.lib</file>
         <name>fd_tos_t2.asm.obj</name>
      </input_file>
      <input_file id="fl-e2">
         <path>D:\Project_Program\Ccs\ccsv8\tools\compiler\ti-cgt-arm_18.1.2.LTS\lib\</path>
         <kind>archive</kind>
         <file>rtsv7M4_T_le_v4SPD16_eabi.lib</file>
         <name>fs_tod_t2.asm.obj</name>
      </input_file>
      <input_file id="fl-e3">
         <path>D:\Project_Program\Ccs\ccsv8\tools\compiler\ti-cgt-arm_18.1.2.LTS\lib\</path>
         <kind>archive</kind>
         <file>rtsv7M4_T_le_v4SPD16_eabi.lib</file>
         <name>i_tofd_t2.asm.obj</name>
      </input_file>
      <input_file id="fl-e4">
         <path>D:\Project_Program\Ccs\ccsv8\tools\compiler\ti-cgt-arm_18.1.2.LTS\lib\</path>
         <kind>archive</kind>
         <file>rtsv7M4_T_le_v4SPD16_eabi.lib</file>
         <name>ll_mul_t2.asm.obj</name>
      </input_file>
      <input_file id="fl-e5">
         <path>D:\Project_Program\Ccs\ccsv8\tools\compiler\ti-cgt-arm_18.1.2.LTS\lib\</path>
         <kind>archive</kind>
         <file>rtsv7M4_T_le_v4SPD16_eabi.lib</file>
         <name>memcpy_t2.asm.obj</name>
      </input_file>
      <input_file id="fl-e6">
         <path>D:\Project_Program\Ccs\ccsv8\tools\compiler\ti-cgt-arm_18.1.2.LTS\lib\</path>
         <kind>archive</kind>
         <file>rtsv7M4_T_le_v4SPD16_eabi.lib</file>
         <name>u_tofd_t2.asm.obj</name>
      </input_file>
      <input_file id="fl-e7">
         <path>D:\Project_Program\Ccs\ccsv8\tools\compiler\ti-cgt-arm_18.1.2.LTS\lib\</path>
         <kind>archive</kind>
         <file>rtsv7M4_T_le_v4SPD16_eabi.lib</file>
         <name>ll_div_t2.asm.obj</name>
      </input_file>
      <input_file id="fl-e8">
         <path>D:\Project_Program\Ccs\ccsv8\tools\compiler\ti-cgt-arm_18.1.2.LTS\lib\</path>
         <kind>archive</kind>
         <file>rtsv7M4_T_le_v4SPD16_eabi.lib</file>
         <name>ull_div_t2.asm.obj</name>
      </input_file>
      <input_file id="fl-e9">
         <path>D:\Project_Program\Ccs\ccsv8\tools\compiler\ti-cgt-arm_18.1.2.LTS\lib\</path>
         <kind>archive</kind>
         <file>rtsv7M4_T_le_v4SPD16_eabi.lib</file>
         <name>copy_zero_init.c.obj</name>
      </input_file>
      <input_file id="fl-ea">
         <path>D:\Project_Program\Ccs\ccsv8\tools\compiler\ti-cgt-arm_18.1.2.LTS\lib\</path>
         <kind>archive</kind>
         <file>rtsv7M4_T_le_v4SPD16_eabi.lib</file>
         <name>copy_decompress_none.c.obj</name>
      </input_file>
      <input_file id="fl-eb">
         <path>D:\Project_Program\Ccs\ccsv8\tools\compiler\ti-cgt-arm_18.1.2.LTS\lib\</path>
         <kind>archive</kind>
         <file>rtsv7M4_T_le_v4SPD16_eabi.lib</file>
         <name>copy_decompress_lzss.c.obj</name>
      </input_file>
      <input_file id="fl-ec">
         <path>D:\Project_Program\Ccs\ccsv8\tools\compiler\ti-cgt-arm_18.1.2.LTS\lib\</path>
         <kind>archive</kind>
         <file>rtsv7M4_T_le_v4SPD16_eabi.lib</file>
         <name>boot_cortex_m.c.obj</name>
      </input_file>
      <input_file id="fl-ed">
         <path>D:\Project_Program\Ccs\ccsv8\tools\compiler\ti-cgt-arm_18.1.2.LTS\lib\</path>
         <kind>archive</kind>
         <file>rtsv7M4_T_le_v4SPD16_eabi.lib</file>
         <name>errno.c.obj</name>
      </input_file>
      <input_file id="fl-ee">
         <path>D:\Project_Program\Ccs\ccsv8\tools\compiler\ti-cgt-arm_18.1.2.LTS\lib\</path>
         <kind>archive</kind>
         <file>rtsv7M4_T_le_v4SPD16_eabi.lib</file>
         <name>exit.c.obj</name>
      </input_file>
      <input_file id="fl-ef">
         <path>D:\Project_Program\Ccs\ccsv8\tools\compiler\ti-cgt-arm_18.1.2.LTS\lib\</path>
         <kind>archive</kind>
         <file>rtsv7M4_T_le_v4SPD16_eabi.lib</file>
         <name>_lock.c.obj</name>
      </input_file>
      <input_file id="fl-f0">
         <path>D:\Project_Program\Ccs\ccsv8\tools\compiler\ti-cgt-arm_18.1.2.LTS\lib\</path>
         <kind>archive</kind>
         <file>rtsv7M4_T_le_v4SPD16_eabi.lib</file>
         <name>args_main.c.obj</name>
      </input_file>
      <input_file id="fl-f1">
         <path>D:\Project_Program\Ccs\ccsv8\tools\compiler\ti-cgt-arm_18.1.2.LTS\lib\</path>
         <kind>archive</kind>
         <file>rtsv7M4_T_le_v4SPD16_eabi.lib</file>
         <name>memcmp.c.obj</name>
      </input_file>
      <input_file id="fl-f2">
         <path>D:\Project_Program\Ccs\ccsv8\tools\compiler\ti-cgt-arm_18.1.2.LTS\lib\</path>
         <kind>archive</kind>
         <file>rtsv7M4_T_le_v4SPD16_eabi.lib</file>
         <name>div0.asm.obj</name>
      </input_file>
      <input_file id="fl-f3">
         <path>D:\Project_Program\Ccs\ccsv8\tools\compiler\ti-cgt-arm_18.1.2.LTS\lib\</path>
         <kind>archive</kind>
         <file>rtsv7M4_T_le_v4SPD16_eabi.lib</file>
         <name>autoinit.c.obj</name>
      </input_file>
      <input_file id="fl-f4">
         <path>D:\Project_Program\Ccs\ccsv8\tools\compiler\ti-cgt-arm_18.1.2.LTS\lib\</path>
         <kind>archive</kind>
         <file>rtsv7M4_T_le_v4SPD16_eabi.lib</file>
         <name>pre_init.c.obj</name>
      </input_file>
      <input_file id="fl-f5">
         <path>D:\Project_Program\Ccs\ccsv8\tools\compiler\ti-cgt-arm_18.1.2.LTS\lib\</path>
         <kind>archive</kind>
         <file>rtsv7M4_T_le_v4SPD16_eabi.lib</file>
         <name>cpy_tbl.c.obj</name>
      </input_file>
   </input_file_list>
   <object_component_list>
      <object_component id="oc-f">
         <name>.intvecs</name>
         <load_address>0x0</load_address>
         <run_address>0x0</run_address>
         <size>0x26c</size>
         <input_file_ref idref="fl-3"/>
      </object_component>
      <object_component id="oc-229">
         <name>.text</name>
         <load_address>0x26c</load_address>
         <run_address>0x26c</run_address>
         <size>0x2b0c</size>
         <input_file_ref idref="fl-5"/>
      </object_component>
      <object_component id="oc-2ce">
         <name>.text</name>
         <load_address>0x2d78</load_address>
         <run_address>0x2d78</run_address>
         <size>0x1084</size>
         <input_file_ref idref="fl-6"/>
      </object_component>
      <object_component id="oc-2a">
         <name>.text</name>
         <load_address>0x3dfc</load_address>
         <run_address>0x3dfc</run_address>
         <size>0x5f4</size>
         <input_file_ref idref="fl-12"/>
      </object_component>
      <object_component id="oc-14a">
         <name>.text</name>
         <load_address>0x43f0</load_address>
         <run_address>0x43f0</run_address>
         <size>0x4c0</size>
         <input_file_ref idref="fl-2"/>
      </object_component>
      <object_component id="oc-ed">
         <name>.text</name>
         <load_address>0x48b0</load_address>
         <run_address>0x48b0</run_address>
         <size>0x49c</size>
         <input_file_ref idref="fl-13"/>
      </object_component>
      <object_component id="oc-2da">
         <name>.text:asin</name>
         <load_address>0x4d4c</load_address>
         <run_address>0x4d4c</run_address>
         <size>0x3d8</size>
         <input_file_ref idref="fl-d6"/>
      </object_component>
      <object_component id="oc-2d4">
         <name>.text</name>
         <load_address>0x5124</load_address>
         <run_address>0x5124</run_address>
         <size>0x340</size>
         <input_file_ref idref="fl-7"/>
      </object_component>
      <object_component id="oc-379">
         <name>.text:atan</name>
         <load_address>0x5464</load_address>
         <run_address>0x5464</run_address>
         <size>0x2ec</size>
         <input_file_ref idref="fl-d9"/>
      </object_component>
      <object_component id="oc-22f">
         <name>.text</name>
         <load_address>0x5750</load_address>
         <run_address>0x5750</run_address>
         <size>0x2bc</size>
         <input_file_ref idref="fl-8"/>
      </object_component>
      <object_component id="oc-30">
         <name>.text</name>
         <load_address>0x5a0c</load_address>
         <run_address>0x5a0c</run_address>
         <size>0x260</size>
         <input_file_ref idref="fl-d"/>
      </object_component>
      <object_component id="oc-2e5">
         <name>.text:atan2</name>
         <load_address>0x5c6c</load_address>
         <run_address>0x5c6c</run_address>
         <size>0x1ec</size>
         <input_file_ref idref="fl-d7"/>
      </object_component>
      <object_component id="oc-e3">
         <name>.text</name>
         <load_address>0x5e58</load_address>
         <run_address>0x5e58</run_address>
         <size>0x1b6</size>
         <input_file_ref idref="fl-dc"/>
      </object_component>
      <object_component id="oc-2b7">
         <name>.text</name>
         <load_address>0x600e</load_address>
         <run_address>0x600e</run_address>
         <size>0x194</size>
         <input_file_ref idref="fl-9"/>
      </object_component>
      <object_component id="oc-2a2">
         <name>.text</name>
         <load_address>0x61a2</load_address>
         <run_address>0x61a2</run_address>
         <size>0x2</size>
         <input_file_ref idref="fl-f2"/>
      </object_component>
      <object_component id="oc-360">
         <name>.text:sqrt</name>
         <load_address>0x61a4</load_address>
         <run_address>0x61a4</run_address>
         <size>0x158</size>
         <input_file_ref idref="fl-d8"/>
      </object_component>
      <object_component id="oc-20b">
         <name>.text</name>
         <load_address>0x62fc</load_address>
         <run_address>0x62fc</run_address>
         <size>0x138</size>
         <input_file_ref idref="fl-b"/>
      </object_component>
      <object_component id="oc-117">
         <name>.text</name>
         <load_address>0x6434</load_address>
         <run_address>0x6434</run_address>
         <size>0x136</size>
         <input_file_ref idref="fl-de"/>
      </object_component>
      <object_component id="oc-185">
         <name>.text:GPIOPadConfigSet</name>
         <load_address>0x656a</load_address>
         <run_address>0x656a</run_address>
         <size>0x132</size>
         <input_file_ref idref="fl-1a"/>
      </object_component>
      <object_component id="oc-8f">
         <name>.text:SysCtlClockGet</name>
         <load_address>0x669c</load_address>
         <run_address>0x669c</run_address>
         <size>0x110</size>
         <input_file_ref idref="fl-1d"/>
      </object_component>
      <object_component id="oc-2e0">
         <name>.text</name>
         <load_address>0x67ac</load_address>
         <run_address>0x67ac</run_address>
         <size>0xfc</size>
         <input_file_ref idref="fl-df"/>
      </object_component>
      <object_component id="oc-1ff">
         <name>.text:SysCtlClockSet</name>
         <load_address>0x68a8</load_address>
         <run_address>0x68a8</run_address>
         <size>0xf4</size>
         <input_file_ref idref="fl-1d"/>
      </object_component>
      <object_component id="oc-44">
         <name>.text</name>
         <load_address>0x699c</load_address>
         <run_address>0x699c</run_address>
         <size>0x9c</size>
         <input_file_ref idref="fl-e5"/>
      </object_component>
      <object_component id="oc-329">
         <name>.text</name>
         <load_address>0x6a38</load_address>
         <run_address>0x6a38</run_address>
         <size>0x96</size>
         <input_file_ref idref="fl-e8"/>
      </object_component>
      <object_component id="oc-366">
         <name>.text:__aeabi_cdrcmple</name>
         <load_address>0x6ace</load_address>
         <run_address>0x6ace</run_address>
         <size>0x86</size>
         <input_file_ref idref="fl-dd"/>
      </object_component>
      <object_component id="oc-13e">
         <name>.text</name>
         <load_address>0x6b54</load_address>
         <run_address>0x6b54</run_address>
         <size>0x7a</size>
         <input_file_ref idref="fl-db"/>
      </object_component>
      <object_component id="oc-e8">
         <name>.text</name>
         <load_address>0x6bce</load_address>
         <run_address>0x6bce</run_address>
         <size>0x6e</size>
         <input_file_ref idref="fl-e1"/>
      </object_component>
      <object_component id="oc-2c3">
         <name>.text</name>
         <load_address>0x6c3c</load_address>
         <run_address>0x6c3c</run_address>
         <size>0x6e</size>
         <input_file_ref idref="fl-e7"/>
      </object_component>
      <object_component id="oc-c0">
         <name>.text:IntEnable</name>
         <load_address>0x6cac</load_address>
         <run_address>0x6cac</run_address>
         <size>0x68</size>
         <input_file_ref idref="fl-1b"/>
      </object_component>
      <object_component id="oc-12">
         <name>.text:decompress:lzss:__TI_decompress_lzss</name>
         <load_address>0x6d14</load_address>
         <run_address>0x6d14</run_address>
         <size>0x68</size>
         <input_file_ref idref="fl-eb"/>
      </object_component>
      <object_component id="oc-100">
         <name>.text:TimerConfigure</name>
         <load_address>0x6d7c</load_address>
         <run_address>0x6d7c</run_address>
         <size>0x60</size>
         <input_file_ref idref="fl-1e"/>
      </object_component>
      <object_component id="oc-ae">
         <name>.text:GPIOPinConfigure</name>
         <load_address>0x6ddc</load_address>
         <run_address>0x6ddc</run_address>
         <size>0x48</size>
         <input_file_ref idref="fl-1a"/>
      </object_component>
      <object_component id="oc-11c">
         <name>.text</name>
         <load_address>0x6e24</load_address>
         <run_address>0x6e24</run_address>
         <size>0x48</size>
         <input_file_ref idref="fl-e0"/>
      </object_component>
      <object_component id="oc-ba">
         <name>.text:UARTConfigSetExpClk</name>
         <load_address>0x6e6c</load_address>
         <run_address>0x6e6c</run_address>
         <size>0x46</size>
         <input_file_ref idref="fl-1f"/>
      </object_component>
      <object_component id="oc-24d">
         <name>.text:__TI_auto_init_nobinit_nopinit:__TI_auto_init_nobinit_nopinit</name>
         <load_address>0x6eb4</load_address>
         <run_address>0x6eb4</run_address>
         <size>0x44</size>
         <input_file_ref idref="fl-f3"/>
      </object_component>
      <object_component id="oc-1c9">
         <name>.text</name>
         <load_address>0x6ef8</load_address>
         <run_address>0x6ef8</run_address>
         <size>0x40</size>
         <input_file_ref idref="fl-da"/>
      </object_component>
      <object_component id="oc-1ae">
         <name>.text:SysCtlPeripheralPresent</name>
         <load_address>0x6f38</load_address>
         <run_address>0x6f38</run_address>
         <size>0x38</size>
         <input_file_ref idref="fl-1d"/>
      </object_component>
      <object_component id="oc-62">
         <name>.text:_c_int00_noargs:_c_int00_noargs</name>
         <load_address>0x6f70</load_address>
         <run_address>0x6f70</run_address>
         <size>0x38</size>
         <input_file_ref idref="fl-ec"/>
      </object_component>
      <object_component id="oc-223">
         <name>.text</name>
         <load_address>0x6fa8</load_address>
         <run_address>0x6fa8</run_address>
         <size>0x38</size>
         <input_file_ref idref="fl-f"/>
      </object_component>
      <object_component id="oc-de">
         <name>.text</name>
         <load_address>0x6fe0</load_address>
         <run_address>0x6fe0</run_address>
         <size>0x38</size>
         <input_file_ref idref="fl-e2"/>
      </object_component>
      <object_component id="oc-a2">
         <name>.text:SysCtlPeripheralEnable</name>
         <load_address>0x7018</load_address>
         <run_address>0x7018</run_address>
         <size>0x34</size>
         <input_file_ref idref="fl-1d"/>
      </object_component>
      <object_component id="oc-2f0">
         <name>.text</name>
         <load_address>0x704c</load_address>
         <run_address>0x704c</run_address>
         <size>0x2e</size>
         <input_file_ref idref="fl-e3"/>
      </object_component>
      <object_component id="oc-17f">
         <name>.text:GPIODirModeSet</name>
         <load_address>0x707a</load_address>
         <run_address>0x707a</run_address>
         <size>0x2a</size>
         <input_file_ref idref="fl-1a"/>
      </object_component>
      <object_component id="oc-211">
         <name>.text</name>
         <load_address>0x70a4</load_address>
         <run_address>0x70a4</run_address>
         <size>0x24</size>
         <input_file_ref idref="fl-4"/>
      </object_component>
      <object_component id="oc-2c8">
         <name>.text:memcmp</name>
         <load_address>0x70c8</load_address>
         <run_address>0x70c8</run_address>
         <size>0x24</size>
         <input_file_ref idref="fl-f1"/>
      </object_component>
      <object_component id="oc-18c">
         <name>.text:UARTDisable</name>
         <load_address>0x70ec</load_address>
         <run_address>0x70ec</run_address>
         <size>0x20</size>
         <input_file_ref idref="fl-1f"/>
      </object_component>
      <object_component id="oc-112">
         <name>.text</name>
         <load_address>0x710c</load_address>
         <run_address>0x710c</run_address>
         <size>0x20</size>
         <input_file_ref idref="fl-e6"/>
      </object_component>
      <object_component id="oc-205">
         <name>.text:GPIOPinTypeGPIOOutput</name>
         <load_address>0x712c</load_address>
         <run_address>0x712c</run_address>
         <size>0x18</size>
         <input_file_ref idref="fl-1a"/>
      </object_component>
      <object_component id="oc-217">
         <name>.text:TimerDisable</name>
         <load_address>0x7144</load_address>
         <run_address>0x7144</run_address>
         <size>0x18</size>
         <input_file_ref idref="fl-1e"/>
      </object_component>
      <object_component id="oc-340">
         <name>.text</name>
         <load_address>0x715c</load_address>
         <run_address>0x715c</run_address>
         <size>0x18</size>
         <input_file_ref idref="fl-e4"/>
      </object_component>
      <object_component id="oc-192">
         <name>.text:UARTEnable</name>
         <load_address>0x7174</load_address>
         <run_address>0x7174</run_address>
         <size>0x14</size>
         <input_file_ref idref="fl-1f"/>
      </object_component>
      <object_component id="oc-359">
         <name>.text:GPIOPinTypeGPIOInput</name>
         <load_address>0x7188</load_address>
         <run_address>0x7188</run_address>
         <size>0x12</size>
         <input_file_ref idref="fl-1a"/>
      </object_component>
      <object_component id="oc-b4">
         <name>.text:GPIOPinTypeUART</name>
         <load_address>0x719a</load_address>
         <run_address>0x719a</run_address>
         <size>0x12</size>
         <input_file_ref idref="fl-1a"/>
      </object_component>
      <object_component id="oc-d8">
         <name>.text:TimerLoadSet</name>
         <load_address>0x71ac</load_address>
         <run_address>0x71ac</run_address>
         <size>0x12</size>
         <input_file_ref idref="fl-1e"/>
      </object_component>
      <object_component id="oc-50">
         <name>.text:decompress:ZI:__TI_zero_init_nomemset:__TI_zero_init_nomemset</name>
         <load_address>0x71be</load_address>
         <run_address>0x71be</run_address>
         <size>0x12</size>
         <input_file_ref idref="fl-e9"/>
      </object_component>
      <object_component id="oc-1f9">
         <name>.text:FPULazyStackingEnable</name>
         <load_address>0x71d0</load_address>
         <run_address>0x71d0</run_address>
         <size>0x10</size>
         <input_file_ref idref="fl-19"/>
      </object_component>
      <object_component id="oc-a8">
         <name>.text:IntMasterEnable</name>
         <load_address>0x71e0</load_address>
         <run_address>0x71e0</run_address>
         <size>0x10</size>
         <input_file_ref idref="fl-1b"/>
      </object_component>
      <object_component id="oc-d2">
         <name>.text:TimerEnable</name>
         <load_address>0x71f0</load_address>
         <run_address>0x71f0</run_address>
         <size>0xe</size>
         <input_file_ref idref="fl-1e"/>
      </object_component>
      <object_component id="oc-83">
         <name>.text:UARTCharGetNonBlocking</name>
         <load_address>0x71fe</load_address>
         <run_address>0x71fe</run_address>
         <size>0xe</size>
         <input_file_ref idref="fl-1f"/>
      </object_component>
      <object_component id="oc-9c">
         <name>.text:UARTCharPutNonBlocking</name>
         <load_address>0x720c</load_address>
         <run_address>0x720c</run_address>
         <size>0xe</size>
         <input_file_ref idref="fl-1f"/>
      </object_component>
      <object_component id="oc-96">
         <name>.text:UARTCharsAvail</name>
         <load_address>0x721a</load_address>
         <run_address>0x721a</run_address>
         <size>0xe</size>
         <input_file_ref idref="fl-1f"/>
      </object_component>
      <object_component id="oc-18">
         <name>.text:decompress:none:__TI_decompress_none</name>
         <load_address>0x7228</load_address>
         <run_address>0x7228</run_address>
         <size>0xe</size>
         <input_file_ref idref="fl-ea"/>
      </object_component>
      <object_component id="oc-174">
         <name>.text:CPUcpsie</name>
         <load_address>0x7236</load_address>
         <run_address>0x7236</run_address>
         <size>0xc</size>
         <input_file_ref idref="fl-20"/>
      </object_component>
      <object_component id="oc-24">
         <name>.text</name>
         <load_address>0x7242</load_address>
         <run_address>0x7242</run_address>
         <size>0xc</size>
         <input_file_ref idref="fl-3"/>
      </object_component>
      <object_component id="oc-1ba">
         <name>.text:UARTCharGet</name>
         <load_address>0x724e</load_address>
         <run_address>0x724e</run_address>
         <size>0xa</size>
         <input_file_ref idref="fl-1f"/>
      </object_component>
      <object_component id="oc-1b4">
         <name>.text:UARTCharPut</name>
         <load_address>0x7258</load_address>
         <run_address>0x7258</run_address>
         <size>0xa</size>
         <input_file_ref idref="fl-1f"/>
      </object_component>
      <object_component id="oc-77">
         <name>.text:UARTIntStatus</name>
         <load_address>0x7262</load_address>
         <run_address>0x7262</run_address>
         <size>0xa</size>
         <input_file_ref idref="fl-1f"/>
      </object_component>
      <object_component id="oc-106">
         <name>.text:TimerIntEnable</name>
         <load_address>0x726c</load_address>
         <run_address>0x726c</run_address>
         <size>0x8</size>
         <input_file_ref idref="fl-1e"/>
      </object_component>
      <object_component id="oc-c6">
         <name>.text:UARTIntEnable</name>
         <load_address>0x7274</load_address>
         <run_address>0x7274</run_address>
         <size>0x8</size>
         <input_file_ref idref="fl-1f"/>
      </object_component>
      <object_component id="oc-36b">
         <name>.text:__aeabi_errno_addr</name>
         <load_address>0x727c</load_address>
         <run_address>0x727c</run_address>
         <size>0x8</size>
         <input_file_ref idref="fl-ed"/>
      </object_component>
      <object_component id="oc-21d">
         <name>.text:GPIOPinRead</name>
         <load_address>0x7284</load_address>
         <run_address>0x7284</run_address>
         <size>0x6</size>
         <input_file_ref idref="fl-1a"/>
      </object_component>
      <object_component id="oc-89">
         <name>.text:GPIOPinWrite</name>
         <load_address>0x728a</load_address>
         <run_address>0x728a</run_address>
         <size>0x6</size>
         <input_file_ref idref="fl-1a"/>
      </object_component>
      <object_component id="oc-95">
         <name>.text:SysCtlDelay</name>
         <load_address>0x7290</load_address>
         <run_address>0x7290</run_address>
         <size>0x6</size>
         <input_file_ref idref="fl-1d"/>
      </object_component>
      <object_component id="oc-10c">
         <name>.text:TimerIntClear</name>
         <load_address>0x7296</load_address>
         <run_address>0x7296</run_address>
         <size>0x4</size>
         <input_file_ref idref="fl-1e"/>
      </object_component>
      <object_component id="oc-7d">
         <name>.text:UARTIntClear</name>
         <load_address>0x729a</load_address>
         <run_address>0x729a</run_address>
         <size>0x4</size>
         <input_file_ref idref="fl-1f"/>
      </object_component>
      <object_component id="oc-144">
         <name>.text:_system_pre_init</name>
         <load_address>0x729e</load_address>
         <run_address>0x729e</run_address>
         <size>0x4</size>
         <input_file_ref idref="fl-f4"/>
      </object_component>
      <object_component id="oc-241">
         <name>.text:abort:abort</name>
         <load_address>0x72a2</load_address>
         <run_address>0x72a2</run_address>
         <size>0x4</size>
         <input_file_ref idref="fl-ee"/>
      </object_component>
      <object_component id="oc-331">
         <name>.const:.string:dmp_memory</name>
         <load_address>0x72a8</load_address>
         <run_address>0x72a8</run_address>
         <size>0xbf6</size>
         <input_file_ref idref="fl-6"/>
      </object_component>
      <object_component id="oc-3e5">
         <name>.const:$O1$$</name>
         <load_address>0x7ea0</load_address>
         <run_address>0x7ea0</run_address>
         <size>0x98</size>
         <input_file_ref idref="fl-d9"/>
      </object_component>
      <object_component id="oc-17b">
         <name>.const:g_pui32GPIOBaseAddrs</name>
         <load_address>0x7f38</load_address>
         <run_address>0x7f38</run_address>
         <size>0x90</size>
         <input_file_ref idref="fl-1a"/>
      </object_component>
      <object_component id="oc-199">
         <name>.const</name>
         <load_address>0x7fc8</load_address>
         <run_address>0x7fc8</run_address>
         <size>0x70</size>
         <input_file_ref idref="fl-1b"/>
      </object_component>
      <object_component id="oc-16c">
         <name>.const:g_pui32Xtals</name>
         <load_address>0x8038</load_address>
         <run_address>0x8038</run_address>
         <size>0x6c</size>
         <input_file_ref idref="fl-1d"/>
      </object_component>
      <object_component id="oc-2c0">
         <name>.const:test</name>
         <load_address>0x80a4</load_address>
         <run_address>0x80a4</run_address>
         <size>0x28</size>
         <input_file_ref idref="fl-5"/>
      </object_component>
      <object_component id="oc-31a">
         <name>.const:reg</name>
         <load_address>0x80cc</load_address>
         <run_address>0x80cc</run_address>
         <size>0x1b</size>
         <input_file_ref idref="fl-5"/>
      </object_component>
      <object_component id="oc-2a8">
         <name>.const:.string</name>
         <load_address>0x80e8</load_address>
         <run_address>0x80e8</run_address>
         <size>0x12</size>
         <input_file_ref idref="fl-13"/>
      </object_component>
      <object_component id="oc-348">
         <name>.const:.string:$P$T4$5</name>
         <load_address>0x80fa</load_address>
         <run_address>0x80fa</run_address>
         <size>0xc</size>
         <input_file_ref idref="fl-6"/>
      </object_component>
      <object_component id="oc-1c6">
         <name>.const:g_ui32UARTBase</name>
         <load_address>0x8108</load_address>
         <run_address>0x8108</run_address>
         <size>0xc</size>
         <input_file_ref idref="fl-13"/>
      </object_component>
      <object_component id="oc-1c0">
         <name>.const:g_ui32UARTPeriph</name>
         <load_address>0x8114</load_address>
         <run_address>0x8114</run_address>
         <size>0xc</size>
         <input_file_ref idref="fl-13"/>
      </object_component>
      <object_component id="oc-31d">
         <name>.const:hw</name>
         <load_address>0x8120</load_address>
         <run_address>0x8120</run_address>
         <size>0xc</size>
         <input_file_ref idref="fl-5"/>
      </object_component>
      <object_component id="oc-351">
         <name>.const:.string:$P$T7$8</name>
         <load_address>0x812c</load_address>
         <run_address>0x812c</run_address>
         <size>0xb</size>
         <input_file_ref idref="fl-6"/>
      </object_component>
      <object_component id="oc-354">
         <name>.const:.string:$P$T8$9</name>
         <load_address>0x8137</load_address>
         <run_address>0x8137</run_address>
         <size>0xb</size>
         <input_file_ref idref="fl-6"/>
      </object_component>
      <object_component id="oc-34b">
         <name>.const:.string:$P$T5$6</name>
         <load_address>0x8142</load_address>
         <run_address>0x8142</run_address>
         <size>0x9</size>
         <input_file_ref idref="fl-6"/>
      </object_component>
      <object_component id="oc-34e">
         <name>.const:.string:$P$T6$7</name>
         <load_address>0x814b</load_address>
         <run_address>0x814b</run_address>
         <size>0x9</size>
         <input_file_ref idref="fl-6"/>
      </object_component>
      <object_component id="oc-1ce">
         <name>.const</name>
         <load_address>0x8154</load_address>
         <run_address>0x8154</run_address>
         <size>0x4</size>
         <input_file_ref idref="fl-13"/>
      </object_component>
      <object_component id="oc-334">
         <name>.const:.string:$P$T0$1</name>
         <load_address>0x8158</load_address>
         <run_address>0x8158</run_address>
         <size>0x3</size>
         <input_file_ref idref="fl-6"/>
      </object_component>
      <object_component id="oc-337">
         <name>.const:.string:$P$T1$2</name>
         <load_address>0x815b</load_address>
         <run_address>0x815b</run_address>
         <size>0x3</size>
         <input_file_ref idref="fl-6"/>
      </object_component>
      <object_component id="oc-33a">
         <name>.const:.string:$P$T2$3</name>
         <load_address>0x815e</load_address>
         <run_address>0x815e</run_address>
         <size>0x3</size>
         <input_file_ref idref="fl-6"/>
      </object_component>
      <object_component id="oc-33d">
         <name>.const:.string:$P$T3$4</name>
         <load_address>0x8161</load_address>
         <run_address>0x8161</run_address>
         <size>0x3</size>
         <input_file_ref idref="fl-6"/>
      </object_component>
      <object_component id="oc-42f">
         <name>.cinit..data.load</name>
         <load_address>0x8168</load_address>
         <run_address>0x8168</run_address>
         <size>0x3a</size>
      </object_component>
      <object_component id="oc-42d">
         <name>__TI_handler_table</name>
         <load_address>0x81a4</load_address>
         <run_address>0x81a4</run_address>
         <size>0xc</size>
      </object_component>
      <object_component id="oc-430">
         <name>.cinit..bss.load</name>
         <load_address>0x81b0</load_address>
         <run_address>0x81b0</run_address>
         <size>0x8</size>
      </object_component>
      <object_component id="oc-42e">
         <name>__TI_cinit_table</name>
         <load_address>0x81b8</load_address>
         <run_address>0x81b8</run_address>
         <size>0x10</size>
      </object_component>
      <object_component id="oc-f4">
         <name>.data</name>
         <load_address>0x20000244</load_address>
         <run_address>0x20000244</run_address>
         <size>0x14</size>
         <input_file_ref idref="fl-2"/>
      </object_component>
      <object_component id="oc-2bd">
         <name>.data:st</name>
         <load_address>0x20000200</load_address>
         <run_address>0x20000200</run_address>
         <size>0x2c</size>
         <input_file_ref idref="fl-5"/>
      </object_component>
      <object_component id="oc-2eb">
         <name>.data:gyro_orientation</name>
         <load_address>0x20000268</load_address>
         <run_address>0x20000268</run_address>
         <size>0x9</size>
         <input_file_ref idref="fl-5"/>
      </object_component>
      <object_component id="oc-345">
         <name>.data:dmp</name>
         <load_address>0x20000258</load_address>
         <run_address>0x20000258</run_address>
         <size>0x10</size>
         <input_file_ref idref="fl-6"/>
      </object_component>
      <object_component id="oc-f7">
         <name>.data</name>
         <load_address>0x2000022c</load_address>
         <run_address>0x2000022c</run_address>
         <size>0x18</size>
         <input_file_ref idref="fl-d"/>
      </object_component>
      <object_component id="oc-cc">
         <name>.data</name>
         <load_address>0x20000280</load_address>
         <run_address>0x20000280</run_address>
         <size>0x4</size>
         <input_file_ref idref="fl-12"/>
      </object_component>
      <object_component id="oc-1c3">
         <name>.data</name>
         <load_address>0x20000274</load_address>
         <run_address>0x20000274</run_address>
         <size>0x5</size>
         <input_file_ref idref="fl-13"/>
      </object_component>
      <object_component id="oc-3d9">
         <name>.data</name>
         <load_address>0x2000027c</load_address>
         <run_address>0x2000027c</run_address>
         <size>0x4</size>
         <input_file_ref idref="fl-ed"/>
      </object_component>
      <object_component id="oc-236">
         <name>.common:CharTable</name>
         <uninitialized>true</uninitialized>
         <run_address>0x200002a4</run_address>
         <size>0xc</size>
      </object_component>
      <object_component id="oc-235">
         <name>.common:CharNum</name>
         <uninitialized>true</uninitialized>
         <run_address>0x200002b0</run_address>
         <size>0x4</size>
      </object_component>
      <object_component id="oc-23a">
         <name>.common:aacx</name>
         <uninitialized>true</uninitialized>
         <run_address>0x200002c0</run_address>
         <size>0x2</size>
      </object_component>
      <object_component id="oc-23b">
         <name>.common:aacy</name>
         <uninitialized>true</uninitialized>
         <run_address>0x200002c2</run_address>
         <size>0x2</size>
      </object_component>
      <object_component id="oc-23c">
         <name>.common:aacz</name>
         <uninitialized>true</uninitialized>
         <run_address>0x200002c4</run_address>
         <size>0x2</size>
      </object_component>
      <object_component id="oc-23d">
         <name>.common:gyrox</name>
         <uninitialized>true</uninitialized>
         <run_address>0x200002c6</run_address>
         <size>0x2</size>
      </object_component>
      <object_component id="oc-23e">
         <name>.common:gyroy</name>
         <uninitialized>true</uninitialized>
         <run_address>0x200002c8</run_address>
         <size>0x2</size>
      </object_component>
      <object_component id="oc-23f">
         <name>.common:gyroz</name>
         <uninitialized>true</uninitialized>
         <run_address>0x200002ca</run_address>
         <size>0x2</size>
      </object_component>
      <object_component id="oc-237">
         <name>.common:pitch</name>
         <uninitialized>true</uninitialized>
         <run_address>0x200002b4</run_address>
         <size>0x4</size>
      </object_component>
      <object_component id="oc-238">
         <name>.common:roll</name>
         <uninitialized>true</uninitialized>
         <run_address>0x200002b8</run_address>
         <size>0x4</size>
      </object_component>
      <object_component id="oc-239">
         <name>.common:yaw</name>
         <uninitialized>true</uninitialized>
         <run_address>0x200002bc</run_address>
         <size>0x4</size>
      </object_component>
      <object_component id="oc-cf">
         <name>.common:ReciveData_UART0</name>
         <uninitialized>true</uninitialized>
         <run_address>0x20000284</run_address>
         <size>0x10</size>
      </object_component>
      <object_component id="oc-f3">
         <name>.common:ReciveData_UART1</name>
         <uninitialized>true</uninitialized>
         <run_address>0x20000294</run_address>
         <size>0x10</size>
      </object_component>
      <object_component id="oc-21">
         <name>.stack</name>
         <uninitialized>true</uninitialized>
         <run_address>0x20000000</run_address>
         <size>0x4</size>
         <input_file_ref idref="fl-ec"/>
      </object_component>
      <object_component id="oc-431">
         <name>.stack</name>
         <uninitialized>true</uninitialized>
         <run_address>0x20000000</run_address>
         <size>0x0</size>
      </object_component>
      <object_component id="oc-1e7">
         <name>.debug_info</name>
         <load_address>0x0</load_address>
         <run_address>0x0</run_address>
         <size>0xa35</size>
         <input_file_ref idref="fl-2"/>
      </object_component>
      <object_component id="oc-f5">
         <name>.debug_info</name>
         <load_address>0xa35</load_address>
         <run_address>0xa35</run_address>
         <size>0x1cd</size>
         <input_file_ref idref="fl-2"/>
      </object_component>
      <object_component id="oc-14b">
         <name>.debug_info</name>
         <load_address>0xc02</load_address>
         <run_address>0xc02</run_address>
         <size>0x31b</size>
         <input_file_ref idref="fl-2"/>
      </object_component>
      <object_component id="oc-124">
         <name>.debug_info</name>
         <load_address>0xf1d</load_address>
         <run_address>0xf1d</run_address>
         <size>0x26b</size>
         <input_file_ref idref="fl-2"/>
      </object_component>
      <object_component id="oc-1a3">
         <name>.debug_info</name>
         <load_address>0x1188</load_address>
         <run_address>0x1188</run_address>
         <size>0x6bd</size>
         <input_file_ref idref="fl-2"/>
      </object_component>
      <object_component id="oc-162">
         <name>.debug_info</name>
         <load_address>0x1845</load_address>
         <run_address>0x1845</run_address>
         <size>0x8b</size>
         <input_file_ref idref="fl-2"/>
      </object_component>
      <object_component id="oc-1dc">
         <name>.debug_info</name>
         <load_address>0x18d0</load_address>
         <run_address>0x18d0</run_address>
         <size>0x297</size>
         <input_file_ref idref="fl-2"/>
      </object_component>
      <object_component id="oc-fb">
         <name>.debug_info</name>
         <load_address>0x1b67</load_address>
         <run_address>0x1b67</run_address>
         <size>0xbb</size>
         <input_file_ref idref="fl-2"/>
      </object_component>
      <object_component id="oc-385">
         <name>.debug_info</name>
         <load_address>0x1c22</load_address>
         <run_address>0x1c22</run_address>
         <size>0xcc</size>
         <input_file_ref idref="fl-2"/>
      </object_component>
      <object_component id="oc-1d3">
         <name>.debug_info</name>
         <load_address>0x1cee</load_address>
         <run_address>0x1cee</run_address>
         <size>0x2c</size>
         <input_file_ref idref="fl-2"/>
      </object_component>
      <object_component id="oc-38">
         <name>.debug_info</name>
         <load_address>0x1d1a</load_address>
         <run_address>0x1d1a</run_address>
         <size>0x33b</size>
         <input_file_ref idref="fl-3"/>
      </object_component>
      <object_component id="oc-10">
         <name>.debug_info</name>
         <load_address>0x2055</load_address>
         <run_address>0x2055</run_address>
         <size>0xe0</size>
         <input_file_ref idref="fl-3"/>
      </object_component>
      <object_component id="oc-26">
         <name>.debug_info</name>
         <load_address>0x2135</load_address>
         <run_address>0x2135</run_address>
         <size>0x25c</size>
         <input_file_ref idref="fl-3"/>
      </object_component>
      <object_component id="oc-3f">
         <name>.debug_info</name>
         <load_address>0x2391</load_address>
         <run_address>0x2391</run_address>
         <size>0x84</size>
         <input_file_ref idref="fl-3"/>
      </object_component>
      <object_component id="oc-212">
         <name>.debug_info</name>
         <load_address>0x2415</load_address>
         <run_address>0x2415</run_address>
         <size>0x155</size>
         <input_file_ref idref="fl-4"/>
      </object_component>
      <object_component id="oc-2ef">
         <name>.debug_info</name>
         <load_address>0x256a</load_address>
         <run_address>0x256a</run_address>
         <size>0x701</size>
         <input_file_ref idref="fl-5"/>
      </object_component>
      <object_component id="oc-31b">
         <name>.debug_info</name>
         <load_address>0x2c6b</load_address>
         <run_address>0x2c6b</run_address>
         <size>0xcb</size>
         <input_file_ref idref="fl-5"/>
      </object_component>
      <object_component id="oc-31e">
         <name>.debug_info</name>
         <load_address>0x2d36</load_address>
         <run_address>0x2d36</run_address>
         <size>0xc9</size>
         <input_file_ref idref="fl-5"/>
      </object_component>
      <object_component id="oc-2c1">
         <name>.debug_info</name>
         <load_address>0x2dff</load_address>
         <run_address>0x2dff</run_address>
         <size>0xcd</size>
         <input_file_ref idref="fl-5"/>
      </object_component>
      <object_component id="oc-2be">
         <name>.debug_info</name>
         <load_address>0x2ecc</load_address>
         <run_address>0x2ecc</run_address>
         <size>0xc8</size>
         <input_file_ref idref="fl-5"/>
      </object_component>
      <object_component id="oc-2ec">
         <name>.debug_info</name>
         <load_address>0x2f94</load_address>
         <run_address>0x2f94</run_address>
         <size>0xe4</size>
         <input_file_ref idref="fl-5"/>
      </object_component>
      <object_component id="oc-22a">
         <name>.debug_info</name>
         <load_address>0x3078</load_address>
         <run_address>0x3078</run_address>
         <size>0x3f55</size>
         <input_file_ref idref="fl-5"/>
      </object_component>
      <object_component id="oc-322">
         <name>.debug_info</name>
         <load_address>0x6fcd</load_address>
         <run_address>0x6fcd</run_address>
         <size>0x7d2</size>
         <input_file_ref idref="fl-5"/>
      </object_component>
      <object_component id="oc-358">
         <name>.debug_info</name>
         <load_address>0x779f</load_address>
         <run_address>0x779f</run_address>
         <size>0x5ac</size>
         <input_file_ref idref="fl-6"/>
      </object_component>
      <object_component id="oc-332">
         <name>.debug_info</name>
         <load_address>0x7d4b</load_address>
         <run_address>0x7d4b</run_address>
         <size>0xe9</size>
         <input_file_ref idref="fl-6"/>
      </object_component>
      <object_component id="oc-346">
         <name>.debug_info</name>
         <load_address>0x7e34</load_address>
         <run_address>0x7e34</run_address>
         <size>0xdc</size>
         <input_file_ref idref="fl-6"/>
      </object_component>
      <object_component id="oc-335">
         <name>.debug_info</name>
         <load_address>0x7f10</load_address>
         <run_address>0x7f10</run_address>
         <size>0xe4</size>
         <input_file_ref idref="fl-6"/>
      </object_component>
      <object_component id="oc-338">
         <name>.debug_info</name>
         <load_address>0x7ff4</load_address>
         <run_address>0x7ff4</run_address>
         <size>0xe4</size>
         <input_file_ref idref="fl-6"/>
      </object_component>
      <object_component id="oc-33b">
         <name>.debug_info</name>
         <load_address>0x80d8</load_address>
         <run_address>0x80d8</run_address>
         <size>0xe4</size>
         <input_file_ref idref="fl-6"/>
      </object_component>
      <object_component id="oc-33e">
         <name>.debug_info</name>
         <load_address>0x81bc</load_address>
         <run_address>0x81bc</run_address>
         <size>0xe4</size>
         <input_file_ref idref="fl-6"/>
      </object_component>
      <object_component id="oc-349">
         <name>.debug_info</name>
         <load_address>0x82a0</load_address>
         <run_address>0x82a0</run_address>
         <size>0xe4</size>
         <input_file_ref idref="fl-6"/>
      </object_component>
      <object_component id="oc-34c">
         <name>.debug_info</name>
         <load_address>0x8384</load_address>
         <run_address>0x8384</run_address>
         <size>0xe4</size>
         <input_file_ref idref="fl-6"/>
      </object_component>
      <object_component id="oc-34f">
         <name>.debug_info</name>
         <load_address>0x8468</load_address>
         <run_address>0x8468</run_address>
         <size>0xe4</size>
         <input_file_ref idref="fl-6"/>
      </object_component>
      <object_component id="oc-352">
         <name>.debug_info</name>
         <load_address>0x854c</load_address>
         <run_address>0x854c</run_address>
         <size>0xe4</size>
         <input_file_ref idref="fl-6"/>
      </object_component>
      <object_component id="oc-355">
         <name>.debug_info</name>
         <load_address>0x8630</load_address>
         <run_address>0x8630</run_address>
         <size>0xe4</size>
         <input_file_ref idref="fl-6"/>
      </object_component>
      <object_component id="oc-2cf">
         <name>.debug_info</name>
         <load_address>0x8714</load_address>
         <run_address>0x8714</run_address>
         <size>0x22fb</size>
         <input_file_ref idref="fl-6"/>
      </object_component>
      <object_component id="oc-3c4">
         <name>.debug_info</name>
         <load_address>0xaa0f</load_address>
         <run_address>0xaa0f</run_address>
         <size>0xac</size>
         <input_file_ref idref="fl-6"/>
      </object_component>
      <object_component id="oc-2d6">
         <name>.debug_info</name>
         <load_address>0xaabb</load_address>
         <run_address>0xaabb</run_address>
         <size>0x95a</size>
         <input_file_ref idref="fl-7"/>
      </object_component>
      <object_component id="oc-2f6">
         <name>.debug_info</name>
         <load_address>0xb415</load_address>
         <run_address>0xb415</run_address>
         <size>0x3a7</size>
         <input_file_ref idref="fl-8"/>
      </object_component>
      <object_component id="oc-231">
         <name>.debug_info</name>
         <load_address>0xb7bc</load_address>
         <run_address>0xb7bc</run_address>
         <size>0x8ac</size>
         <input_file_ref idref="fl-8"/>
      </object_component>
      <object_component id="oc-319">
         <name>.debug_info</name>
         <load_address>0xc068</load_address>
         <run_address>0xc068</run_address>
         <size>0x323</size>
         <input_file_ref idref="fl-9"/>
      </object_component>
      <object_component id="oc-2b8">
         <name>.debug_info</name>
         <load_address>0xc38b</load_address>
         <run_address>0xc38b</run_address>
         <size>0x750</size>
         <input_file_ref idref="fl-9"/>
      </object_component>
      <object_component id="oc-20f">
         <name>.debug_info</name>
         <load_address>0xcadb</load_address>
         <run_address>0xcadb</run_address>
         <size>0x3e3</size>
         <input_file_ref idref="fl-b"/>
      </object_component>
      <object_component id="oc-f8">
         <name>.debug_info</name>
         <load_address>0xcebe</load_address>
         <run_address>0xcebe</run_address>
         <size>0x1d4</size>
         <input_file_ref idref="fl-d"/>
      </object_component>
      <object_component id="oc-32">
         <name>.debug_info</name>
         <load_address>0xd092</load_address>
         <run_address>0xd092</run_address>
         <size>0x439</size>
         <input_file_ref idref="fl-d"/>
      </object_component>
      <object_component id="oc-225">
         <name>.debug_info</name>
         <load_address>0xd4cb</load_address>
         <run_address>0xd4cb</run_address>
         <size>0x1d0</size>
         <input_file_ref idref="fl-f"/>
      </object_component>
      <object_component id="oc-d0">
         <name>.debug_info</name>
         <load_address>0xd69b</load_address>
         <run_address>0xd69b</run_address>
         <size>0xa02</size>
         <input_file_ref idref="fl-12"/>
      </object_component>
      <object_component id="oc-cd">
         <name>.debug_info</name>
         <load_address>0xe09d</load_address>
         <run_address>0xe09d</run_address>
         <size>0x18b</size>
         <input_file_ref idref="fl-12"/>
      </object_component>
      <object_component id="oc-2b">
         <name>.debug_info</name>
         <load_address>0xe228</load_address>
         <run_address>0xe228</run_address>
         <size>0x881</size>
         <input_file_ref idref="fl-12"/>
      </object_component>
      <object_component id="oc-1d2">
         <name>.debug_info</name>
         <load_address>0xeaa9</load_address>
         <run_address>0xeaa9</run_address>
         <size>0x3da</size>
         <input_file_ref idref="fl-13"/>
      </object_component>
      <object_component id="oc-1c4">
         <name>.debug_info</name>
         <load_address>0xee83</load_address>
         <run_address>0xee83</run_address>
         <size>0xd1</size>
         <input_file_ref idref="fl-13"/>
      </object_component>
      <object_component id="oc-1cf">
         <name>.debug_info</name>
         <load_address>0xef54</load_address>
         <run_address>0xef54</run_address>
         <size>0xcb</size>
         <input_file_ref idref="fl-13"/>
      </object_component>
      <object_component id="oc-1c7">
         <name>.debug_info</name>
         <load_address>0xf01f</load_address>
         <run_address>0xf01f</run_address>
         <size>0xd9</size>
         <input_file_ref idref="fl-13"/>
      </object_component>
      <object_component id="oc-1c1">
         <name>.debug_info</name>
         <load_address>0xf0f8</load_address>
         <run_address>0xf0f8</run_address>
         <size>0xdd</size>
         <input_file_ref idref="fl-13"/>
      </object_component>
      <object_component id="oc-ee">
         <name>.debug_info</name>
         <load_address>0xf1d5</load_address>
         <run_address>0xf1d5</run_address>
         <size>0x7b6</size>
         <input_file_ref idref="fl-13"/>
      </object_component>
      <object_component id="oc-1fa">
         <name>.debug_info</name>
         <load_address>0xf98b</load_address>
         <run_address>0xf98b</run_address>
         <size>0x225</size>
         <input_file_ref idref="fl-19"/>
      </object_component>
      <object_component id="oc-15d">
         <name>.debug_info</name>
         <load_address>0xfbb0</load_address>
         <run_address>0xfbb0</run_address>
         <size>0x18b</size>
         <input_file_ref idref="fl-19"/>
      </object_component>
      <object_component id="oc-16b">
         <name>.debug_info</name>
         <load_address>0xfd3b</load_address>
         <run_address>0xfd3b</run_address>
         <size>0x240</size>
         <input_file_ref idref="fl-1a"/>
      </object_component>
      <object_component id="oc-17c">
         <name>.debug_info</name>
         <load_address>0xff7b</load_address>
         <run_address>0xff7b</run_address>
         <size>0x15b</size>
         <input_file_ref idref="fl-1a"/>
      </object_component>
      <object_component id="oc-8a">
         <name>.debug_info</name>
         <load_address>0x100d6</load_address>
         <run_address>0x100d6</run_address>
         <size>0x2a3</size>
         <input_file_ref idref="fl-1a"/>
      </object_component>
      <object_component id="oc-180">
         <name>.debug_info</name>
         <load_address>0x10379</load_address>
         <run_address>0x10379</run_address>
         <size>0x2b3</size>
         <input_file_ref idref="fl-1a"/>
      </object_component>
      <object_component id="oc-186">
         <name>.debug_info</name>
         <load_address>0x1062c</load_address>
         <run_address>0x1062c</run_address>
         <size>0x316</size>
         <input_file_ref idref="fl-1a"/>
      </object_component>
      <object_component id="oc-b5">
         <name>.debug_info</name>
         <load_address>0x10942</load_address>
         <run_address>0x10942</run_address>
         <size>0x27b</size>
         <input_file_ref idref="fl-1a"/>
      </object_component>
      <object_component id="oc-206">
         <name>.debug_info</name>
         <load_address>0x10bbd</load_address>
         <run_address>0x10bbd</run_address>
         <size>0x2b7</size>
         <input_file_ref idref="fl-1a"/>
      </object_component>
      <object_component id="oc-35a">
         <name>.debug_info</name>
         <load_address>0x10e74</load_address>
         <run_address>0x10e74</run_address>
         <size>0x285</size>
         <input_file_ref idref="fl-1a"/>
      </object_component>
      <object_component id="oc-21e">
         <name>.debug_info</name>
         <load_address>0x110f9</load_address>
         <run_address>0x110f9</run_address>
         <size>0x27b</size>
         <input_file_ref idref="fl-1a"/>
      </object_component>
      <object_component id="oc-af">
         <name>.debug_info</name>
         <load_address>0x11374</load_address>
         <run_address>0x11374</run_address>
         <size>0x280</size>
         <input_file_ref idref="fl-1a"/>
      </object_component>
      <object_component id="oc-19d">
         <name>.debug_info</name>
         <load_address>0x115f4</load_address>
         <run_address>0x115f4</run_address>
         <size>0x20e</size>
         <input_file_ref idref="fl-1b"/>
      </object_component>
      <object_component id="oc-19a">
         <name>.debug_info</name>
         <load_address>0x11802</load_address>
         <run_address>0x11802</run_address>
         <size>0x210</size>
         <input_file_ref idref="fl-1b"/>
      </object_component>
      <object_component id="oc-a9">
         <name>.debug_info</name>
         <load_address>0x11a12</load_address>
         <run_address>0x11a12</run_address>
         <size>0x23e</size>
         <input_file_ref idref="fl-1b"/>
      </object_component>
      <object_component id="oc-c1">
         <name>.debug_info</name>
         <load_address>0x11c50</load_address>
         <run_address>0x11c50</run_address>
         <size>0x268</size>
         <input_file_ref idref="fl-1b"/>
      </object_component>
      <object_component id="oc-173">
         <name>.debug_info</name>
         <load_address>0x11eb8</load_address>
         <run_address>0x11eb8</run_address>
         <size>0x298</size>
         <input_file_ref idref="fl-1d"/>
      </object_component>
      <object_component id="oc-16d">
         <name>.debug_info</name>
         <load_address>0x12150</load_address>
         <run_address>0x12150</run_address>
         <size>0x14d</size>
         <input_file_ref idref="fl-1d"/>
      </object_component>
      <object_component id="oc-1af">
         <name>.debug_info</name>
         <load_address>0x1229d</load_address>
         <run_address>0x1229d</run_address>
         <size>0x283</size>
         <input_file_ref idref="fl-1d"/>
      </object_component>
      <object_component id="oc-a3">
         <name>.debug_info</name>
         <load_address>0x12520</load_address>
         <run_address>0x12520</run_address>
         <size>0x27d</size>
         <input_file_ref idref="fl-1d"/>
      </object_component>
      <object_component id="oc-200">
         <name>.debug_info</name>
         <load_address>0x1279d</load_address>
         <run_address>0x1279d</run_address>
         <size>0x2db</size>
         <input_file_ref idref="fl-1d"/>
      </object_component>
      <object_component id="oc-90">
         <name>.debug_info</name>
         <load_address>0x12a78</load_address>
         <run_address>0x12a78</run_address>
         <size>0x2b5</size>
         <input_file_ref idref="fl-1d"/>
      </object_component>
      <object_component id="oc-287">
         <name>.debug_info</name>
         <load_address>0x12d2d</load_address>
         <run_address>0x12d2d</run_address>
         <size>0x5f</size>
         <input_file_ref idref="fl-1d"/>
      </object_component>
      <object_component id="oc-1a9">
         <name>.debug_info</name>
         <load_address>0x12d8c</load_address>
         <run_address>0x12d8c</run_address>
         <size>0x223</size>
         <input_file_ref idref="fl-1e"/>
      </object_component>
      <object_component id="oc-da">
         <name>.debug_info</name>
         <load_address>0x12faf</load_address>
         <run_address>0x12faf</run_address>
         <size>0x2ba</size>
         <input_file_ref idref="fl-1e"/>
      </object_component>
      <object_component id="oc-108">
         <name>.debug_info</name>
         <load_address>0x13269</load_address>
         <run_address>0x13269</run_address>
         <size>0x294</size>
         <input_file_ref idref="fl-1e"/>
      </object_component>
      <object_component id="oc-10e">
         <name>.debug_info</name>
         <load_address>0x134fd</load_address>
         <run_address>0x134fd</run_address>
         <size>0x292</size>
         <input_file_ref idref="fl-1e"/>
      </object_component>
      <object_component id="oc-d4">
         <name>.debug_info</name>
         <load_address>0x1378f</load_address>
         <run_address>0x1378f</run_address>
         <size>0x27f</size>
         <input_file_ref idref="fl-1e"/>
      </object_component>
      <object_component id="oc-219">
         <name>.debug_info</name>
         <load_address>0x13a0e</load_address>
         <run_address>0x13a0e</run_address>
         <size>0x281</size>
         <input_file_ref idref="fl-1e"/>
      </object_component>
      <object_component id="oc-102">
         <name>.debug_info</name>
         <load_address>0x13c8f</load_address>
         <run_address>0x13c8f</run_address>
         <size>0x28c</size>
         <input_file_ref idref="fl-1e"/>
      </object_component>
      <object_component id="oc-167">
         <name>.debug_info</name>
         <load_address>0x13f1b</load_address>
         <run_address>0x13f1b</run_address>
         <size>0x227</size>
         <input_file_ref idref="fl-1f"/>
      </object_component>
      <object_component id="oc-78">
         <name>.debug_info</name>
         <load_address>0x14142</load_address>
         <run_address>0x14142</run_address>
         <size>0x27f</size>
         <input_file_ref idref="fl-1f"/>
      </object_component>
      <object_component id="oc-c7">
         <name>.debug_info</name>
         <load_address>0x143c1</load_address>
         <run_address>0x143c1</run_address>
         <size>0x28f</size>
         <input_file_ref idref="fl-1f"/>
      </object_component>
      <object_component id="oc-7e">
         <name>.debug_info</name>
         <load_address>0x14650</load_address>
         <run_address>0x14650</run_address>
         <size>0x28d</size>
         <input_file_ref idref="fl-1f"/>
      </object_component>
      <object_component id="oc-193">
         <name>.debug_info</name>
         <load_address>0x148dd</load_address>
         <run_address>0x148dd</run_address>
         <size>0x247</size>
         <input_file_ref idref="fl-1f"/>
      </object_component>
      <object_component id="oc-18d">
         <name>.debug_info</name>
         <load_address>0x14b24</load_address>
         <run_address>0x14b24</run_address>
         <size>0x249</size>
         <input_file_ref idref="fl-1f"/>
      </object_component>
      <object_component id="oc-bb">
         <name>.debug_info</name>
         <load_address>0x14d6d</load_address>
         <run_address>0x14d6d</run_address>
         <size>0x326</size>
         <input_file_ref idref="fl-1f"/>
      </object_component>
      <object_component id="oc-97">
         <name>.debug_info</name>
         <load_address>0x15093</load_address>
         <run_address>0x15093</run_address>
         <size>0x253</size>
         <input_file_ref idref="fl-1f"/>
      </object_component>
      <object_component id="oc-9d">
         <name>.debug_info</name>
         <load_address>0x152e6</load_address>
         <run_address>0x152e6</run_address>
         <size>0x28d</size>
         <input_file_ref idref="fl-1f"/>
      </object_component>
      <object_component id="oc-1b5">
         <name>.debug_info</name>
         <load_address>0x15573</load_address>
         <run_address>0x15573</run_address>
         <size>0x273</size>
         <input_file_ref idref="fl-1f"/>
      </object_component>
      <object_component id="oc-84">
         <name>.debug_info</name>
         <load_address>0x157e6</load_address>
         <run_address>0x157e6</run_address>
         <size>0x263</size>
         <input_file_ref idref="fl-1f"/>
      </object_component>
      <object_component id="oc-1bb">
         <name>.debug_info</name>
         <load_address>0x15a49</load_address>
         <run_address>0x15a49</run_address>
         <size>0x24d</size>
         <input_file_ref idref="fl-1f"/>
      </object_component>
      <object_component id="oc-176">
         <name>.debug_info</name>
         <load_address>0x15c96</load_address>
         <run_address>0x15c96</run_address>
         <size>0x212</size>
         <input_file_ref idref="fl-20"/>
      </object_component>
      <object_component id="oc-372">
         <name>.debug_info</name>
         <load_address>0x15ea8</load_address>
         <run_address>0x15ea8</run_address>
         <size>0x2de</size>
         <input_file_ref idref="fl-d6"/>
      </object_component>
      <object_component id="oc-2dc">
         <name>.debug_info</name>
         <load_address>0x16186</load_address>
         <run_address>0x16186</run_address>
         <size>0x69e</size>
         <input_file_ref idref="fl-d6"/>
      </object_component>
      <object_component id="oc-3e0">
         <name>.debug_info</name>
         <load_address>0x16824</load_address>
         <run_address>0x16824</run_address>
         <size>0x46</size>
         <input_file_ref idref="fl-d6"/>
      </object_component>
      <object_component id="oc-373">
         <name>.debug_info</name>
         <load_address>0x1686a</load_address>
         <run_address>0x1686a</run_address>
         <size>0x39</size>
         <input_file_ref idref="fl-d6"/>
      </object_component>
      <object_component id="oc-380">
         <name>.debug_info</name>
         <load_address>0x168a3</load_address>
         <run_address>0x168a3</run_address>
         <size>0x2a3</size>
         <input_file_ref idref="fl-d7"/>
      </object_component>
      <object_component id="oc-2e6">
         <name>.debug_info</name>
         <load_address>0x16b46</load_address>
         <run_address>0x16b46</run_address>
         <size>0x23c</size>
         <input_file_ref idref="fl-d7"/>
      </object_component>
      <object_component id="oc-3d7">
         <name>.debug_info</name>
         <load_address>0x16d82</load_address>
         <run_address>0x16d82</run_address>
         <size>0x2bf</size>
         <input_file_ref idref="fl-d8"/>
      </object_component>
      <object_component id="oc-361">
         <name>.debug_info</name>
         <load_address>0x17041</load_address>
         <run_address>0x17041</run_address>
         <size>0x242</size>
         <input_file_ref idref="fl-d8"/>
      </object_component>
      <object_component id="oc-402">
         <name>.debug_info</name>
         <load_address>0x17283</load_address>
         <run_address>0x17283</run_address>
         <size>0x2ec</size>
         <input_file_ref idref="fl-d9"/>
      </object_component>
      <object_component id="oc-3e6">
         <name>.debug_info</name>
         <load_address>0x1756f</load_address>
         <run_address>0x1756f</run_address>
         <size>0x126</size>
         <input_file_ref idref="fl-d9"/>
      </object_component>
      <object_component id="oc-37a">
         <name>.debug_info</name>
         <load_address>0x17695</load_address>
         <run_address>0x17695</run_address>
         <size>0x4a1</size>
         <input_file_ref idref="fl-d9"/>
      </object_component>
      <object_component id="oc-1cb">
         <name>.debug_info</name>
         <load_address>0x17b36</load_address>
         <run_address>0x17b36</run_address>
         <size>0x13a</size>
         <input_file_ref idref="fl-da"/>
      </object_component>
      <object_component id="oc-13f">
         <name>.debug_info</name>
         <load_address>0x17c70</load_address>
         <run_address>0x17c70</run_address>
         <size>0x13f</size>
         <input_file_ref idref="fl-db"/>
      </object_component>
      <object_component id="oc-e5">
         <name>.debug_info</name>
         <load_address>0x17daf</load_address>
         <run_address>0x17daf</run_address>
         <size>0x144</size>
         <input_file_ref idref="fl-dc"/>
      </object_component>
      <object_component id="oc-369">
         <name>.debug_info</name>
         <load_address>0x17ef3</load_address>
         <run_address>0x17ef3</run_address>
         <size>0x122</size>
         <input_file_ref idref="fl-dd"/>
      </object_component>
      <object_component id="oc-119">
         <name>.debug_info</name>
         <load_address>0x18015</load_address>
         <run_address>0x18015</run_address>
         <size>0x132</size>
         <input_file_ref idref="fl-de"/>
      </object_component>
      <object_component id="oc-2e2">
         <name>.debug_info</name>
         <load_address>0x18147</load_address>
         <run_address>0x18147</run_address>
         <size>0x132</size>
         <input_file_ref idref="fl-df"/>
      </object_component>
      <object_component id="oc-11f">
         <name>.debug_info</name>
         <load_address>0x18279</load_address>
         <run_address>0x18279</run_address>
         <size>0x126</size>
         <input_file_ref idref="fl-e0"/>
      </object_component>
      <object_component id="oc-ea">
         <name>.debug_info</name>
         <load_address>0x1839f</load_address>
         <run_address>0x1839f</run_address>
         <size>0x136</size>
         <input_file_ref idref="fl-e1"/>
      </object_component>
      <object_component id="oc-e0">
         <name>.debug_info</name>
         <load_address>0x184d5</load_address>
         <run_address>0x184d5</run_address>
         <size>0x124</size>
         <input_file_ref idref="fl-e2"/>
      </object_component>
      <object_component id="oc-2f2">
         <name>.debug_info</name>
         <load_address>0x185f9</load_address>
         <run_address>0x185f9</run_address>
         <size>0x124</size>
         <input_file_ref idref="fl-e3"/>
      </object_component>
      <object_component id="oc-343">
         <name>.debug_info</name>
         <load_address>0x1871d</load_address>
         <run_address>0x1871d</run_address>
         <size>0x11a</size>
         <input_file_ref idref="fl-e4"/>
      </object_component>
      <object_component id="oc-47">
         <name>.debug_info</name>
         <load_address>0x18837</load_address>
         <run_address>0x18837</run_address>
         <size>0x111</size>
         <input_file_ref idref="fl-e5"/>
      </object_component>
      <object_component id="oc-115">
         <name>.debug_info</name>
         <load_address>0x18948</load_address>
         <run_address>0x18948</run_address>
         <size>0x126</size>
         <input_file_ref idref="fl-e6"/>
      </object_component>
      <object_component id="oc-2c4">
         <name>.debug_info</name>
         <load_address>0x18a6e</load_address>
         <run_address>0x18a6e</run_address>
         <size>0x137</size>
         <input_file_ref idref="fl-e7"/>
      </object_component>
      <object_component id="oc-32a">
         <name>.debug_info</name>
         <load_address>0x18ba5</load_address>
         <run_address>0x18ba5</run_address>
         <size>0x12c</size>
         <input_file_ref idref="fl-e8"/>
      </object_component>
      <object_component id="oc-13d">
         <name>.debug_info</name>
         <load_address>0x18cd1</load_address>
         <run_address>0x18cd1</run_address>
         <size>0x313</size>
         <input_file_ref idref="fl-e9"/>
      </object_component>
      <object_component id="oc-52">
         <name>.debug_info</name>
         <load_address>0x18fe4</load_address>
         <run_address>0x18fe4</run_address>
         <size>0x1b4</size>
         <input_file_ref idref="fl-e9"/>
      </object_component>
      <object_component id="oc-138">
         <name>.debug_info</name>
         <load_address>0x19198</load_address>
         <run_address>0x19198</run_address>
         <size>0x46</size>
         <input_file_ref idref="fl-e9"/>
      </object_component>
      <object_component id="oc-1f0">
         <name>.debug_info</name>
         <load_address>0x191de</load_address>
         <run_address>0x191de</run_address>
         <size>0x2c</size>
         <input_file_ref idref="fl-e9"/>
      </object_component>
      <object_component id="oc-4f">
         <name>.debug_info</name>
         <load_address>0x1920a</load_address>
         <run_address>0x1920a</run_address>
         <size>0x29d</size>
         <input_file_ref idref="fl-ea"/>
      </object_component>
      <object_component id="oc-1c">
         <name>.debug_info</name>
         <load_address>0x194a7</load_address>
         <run_address>0x194a7</run_address>
         <size>0x1df</size>
         <input_file_ref idref="fl-ea"/>
      </object_component>
      <object_component id="oc-4a">
         <name>.debug_info</name>
         <load_address>0x19686</load_address>
         <run_address>0x19686</run_address>
         <size>0x46</size>
         <input_file_ref idref="fl-ea"/>
      </object_component>
      <object_component id="oc-130">
         <name>.debug_info</name>
         <load_address>0x196cc</load_address>
         <run_address>0x196cc</run_address>
         <size>0x2c</size>
         <input_file_ref idref="fl-ea"/>
      </object_component>
      <object_component id="oc-12e">
         <name>.debug_info</name>
         <load_address>0x196f8</load_address>
         <run_address>0x196f8</run_address>
         <size>0x293</size>
         <input_file_ref idref="fl-eb"/>
      </object_component>
      <object_component id="oc-14">
         <name>.debug_info</name>
         <load_address>0x1998b</load_address>
         <run_address>0x1998b</run_address>
         <size>0x245</size>
         <input_file_ref idref="fl-eb"/>
      </object_component>
      <object_component id="oc-3a">
         <name>.debug_info</name>
         <load_address>0x19bd0</load_address>
         <run_address>0x19bd0</run_address>
         <size>0x60</size>
         <input_file_ref idref="fl-eb"/>
      </object_component>
      <object_component id="oc-1e9">
[...]
         <value>0x594d</value>
         <object_component_ref idref="oc-22f"/>
      </symbol>
      <symbol id="sm-518">
         <name>MPU_Get_Temperature</name>
         <value>0x58d3</value>
         <object_component_ref idref="oc-22f"/>
      </symbol>
      <symbol id="sm-519">
         <name>MPU_Set_Accel_Fsr</name>
         <value>0x5767</value>
         <object_component_ref idref="oc-22f"/>
      </symbol>
      <symbol id="sm-51a">
         <name>MPU_Set_Gyro_Fsr</name>
         <value>0x5751</value>
         <object_component_ref idref="oc-22f"/>
      </symbol>
      <symbol id="sm-51b">
         <name>MPU_Get_Accelerometer</name>
         <value>0x59a7</value>
         <object_component_ref idref="oc-22f"/>
      </symbol>
      <symbol id="sm-51c">
         <name>MPU_Set_LPF</name>
         <value>0x577d</value>
         <object_component_ref idref="oc-22f"/>
      </symbol>
      <symbol id="sm-539">
         <name>MPU_Read_Len</name>
         <value>0x6093</value>
         <object_component_ref idref="oc-2b7"/>
      </symbol>
      <symbol id="sm-53a">
         <name>MPU_Read_Byte</name>
         <value>0x6051</value>
         <object_component_ref idref="oc-2b7"/>
      </symbol>
      <symbol id="sm-53b">
         <name>MPU_Write_Len</name>
         <value>0x6129</value>
         <object_component_ref idref="oc-2b7"/>
      </symbol>
      <symbol id="sm-53c">
         <name>MPU_Write_Byte</name>
         <value>0x600f</value>
         <object_component_ref idref="oc-2b7"/>
      </symbol>
      <symbol id="sm-555">
         <name>MotorInit</name>
         <value>0x62fd</value>
         <object_component_ref idref="oc-20b"/>
      </symbol>
      <symbol id="sm-556">
         <name>MotorSet</name>
         <value>0x6359</value>
         <object_component_ref idref="oc-20b"/>
      </symbol>
      <symbol id="sm-595">
         <name>Beep_Flag</name>
         <value>0x20000234</value>
         <object_component_ref idref="oc-f7"/>
      </symbol>
      <symbol id="sm-596">
         <name>Set_Low_Speed_temp</name>
         <value>0x20000236</value>
         <object_component_ref idref="oc-f7"/>
      </symbol>
      <symbol id="sm-597">
         <name>Beep_Counter</name>
         <value>0x20000238</value>
         <object_component_ref idref="oc-f7"/>
      </symbol>
      <symbol id="sm-598">
         <name>Set_Low_Speed</name>
         <value>0x20000235</value>
         <object_component_ref idref="oc-f7"/>
      </symbol>
      <symbol id="sm-599">
         <name>Counter</name>
         <value>0x20000230</value>
         <object_component_ref idref="oc-f7"/>
      </symbol>
      <symbol id="sm-59a">
         <name>Speed</name>
         <value>0x20000240</value>
         <object_component_ref idref="oc-f7"/>
      </symbol>
      <symbol id="sm-59b">
         <name>Time_Flag</name>
         <value>0x2000022c</value>
         <object_component_ref idref="oc-f7"/>
      </symbol>
      <symbol id="sm-59c">
         <name>MotorContolTimer</name>
         <value>0x5a0d</value>
         <object_component_ref idref="oc-30"/>
      </symbol>
      <symbol id="sm-59d">
         <name>Beep_Fre</name>
         <value>0x2000023c</value>
         <object_component_ref idref="oc-f7"/>
      </symbol>
      <symbol id="sm-59e">
         <name>Timer0IntHandler</name>
         <value>0x5a81</value>
         <object_component_ref idref="oc-30"/>
      </symbol>
      <symbol id="sm-59f">
         <name>Timer1IntHandler</name>
         <value>0x5b83</value>
         <object_component_ref idref="oc-30"/>
      </symbol>
      <symbol id="sm-5ad">
         <name>delay_us</name>
         <value>0x6fc3</value>
         <object_component_ref idref="oc-223"/>
      </symbol>
      <symbol id="sm-5ae">
         <name>delay_ms</name>
         <value>0x6fa9</value>
         <object_component_ref idref="oc-223"/>
      </symbol>
      <symbol id="sm-619">
         <name>ReciveData_UART0</name>
         <value>0x20000284</value>
      </symbol>
      <symbol id="sm-61a">
         <name>ReciveData_UART1</name>
         <value>0x20000294</value>
      </symbol>
      <symbol id="sm-61b">
         <name>MotorOrderDirection</name>
         <value>0x20000282</value>
         <object_component_ref idref="oc-cc"/>
      </symbol>
      <symbol id="sm-61c">
         <name>UART1IntHandler</name>
         <value>0x3f11</value>
         <object_component_ref idref="oc-2a"/>
      </symbol>
      <symbol id="sm-61d">
         <name>Uart1Iint</name>
         <value>0x4331</value>
         <object_component_ref idref="oc-2a"/>
      </symbol>
      <symbol id="sm-61e">
         <name>Uart0Iint</name>
         <value>0x3e91</value>
         <object_component_ref idref="oc-2a"/>
      </symbol>
      <symbol id="sm-61f">
         <name>UART1Send</name>
         <value>0x42ef</value>
         <object_component_ref idref="oc-2a"/>
      </symbol>
      <symbol id="sm-620">
         <name>UART0Send</name>
         <value>0x3e69</value>
         <object_component_ref idref="oc-2a"/>
      </symbol>
      <symbol id="sm-621">
         <name>ReciveData_i_UART1</name>
         <value>0x20000281</value>
         <object_component_ref idref="oc-cc"/>
      </symbol>
      <symbol id="sm-622">
         <name>ReciveData_i_UART0</name>
         <value>0x20000280</value>
         <object_component_ref idref="oc-cc"/>
      </symbol>
      <symbol id="sm-623">
         <name>UARTIntHandler</name>
         <value>0x3dfd</value>
         <object_component_ref idref="oc-2a"/>
      </symbol>
      <symbol id="sm-624">
         <name>MotorOrderDisplacement</name>
         <value>0x20000283</value>
         <object_component_ref idref="oc-cc"/>
      </symbol>
      <symbol id="sm-693">
         <name>UARTgetc</name>
         <value>0x49f7</value>
         <object_component_ref idref="oc-ed"/>
      </symbol>
      <symbol id="sm-694">
         <name>UARTgets</name>
         <value>0x493d</value>
         <object_component_ref idref="oc-ed"/>
      </symbol>
      <symbol id="sm-695">
         <name>UARTStdioConfig</name>
         <value>0x48b1</value>
         <object_component_ref idref="oc-ed"/>
      </symbol>
      <symbol id="sm-696">
         <name>UARTwrite</name>
         <value>0x48f7</value>
         <object_component_ref idref="oc-ed"/>
      </symbol>
      <symbol id="sm-697">
         <name>UARTprintf</name>
         <value>0x4d17</value>
         <object_component_ref idref="oc-ed"/>
      </symbol>
      <symbol id="sm-698">
         <name>UARTvprintf</name>
         <value>0x4a1d</value>
         <object_component_ref idref="oc-ed"/>
      </symbol>
      <symbol id="sm-6a9">
         <name>FPULazyStackingEnable</name>
         <value>0x71d1</value>
         <object_component_ref idref="oc-1f9"/>
      </symbol>
      <symbol id="sm-6fb">
         <name>GPIOPinConfigure</name>
         <value>0x6ddd</value>
         <object_component_ref idref="oc-ae"/>
      </symbol>
      <symbol id="sm-6fc">
         <name>GPIOPinTypeGPIOInput</name>
         <value>0x7189</value>
         <object_component_ref idref="oc-359"/>
      </symbol>
      <symbol id="sm-6fd">
         <name>GPIOPinTypeUART</name>
         <value>0x719b</value>
         <object_component_ref idref="oc-b4"/>
      </symbol>
      <symbol id="sm-6fe">
         <name>GPIOPinTypeGPIOOutput</name>
         <value>0x712d</value>
         <object_component_ref idref="oc-205"/>
      </symbol>
      <symbol id="sm-6ff">
         <name>GPIOPinRead</name>
         <value>0x7285</value>
         <object_component_ref idref="oc-21d"/>
      </symbol>
      <symbol id="sm-700">
         <name>GPIODirModeSet</name>
         <value>0x707b</value>
         <object_component_ref idref="oc-17f"/>
      </symbol>
      <symbol id="sm-701">
         <name>GPIOPinWrite</name>
         <value>0x728b</value>
         <object_component_ref idref="oc-89"/>
      </symbol>
      <symbol id="sm-702">
         <name>GPIOPadConfigSet</name>
         <value>0x656b</value>
         <object_component_ref idref="oc-185"/>
      </symbol>
      <symbol id="sm-732">
         <name>IntEnable</name>
         <value>0x6cad</value>
         <object_component_ref idref="oc-c0"/>
      </symbol>
      <symbol id="sm-733">
         <name>IntMasterEnable</name>
         <value>0x71e1</value>
         <object_component_ref idref="oc-a8"/>
      </symbol>
      <symbol id="sm-791">
         <name>SysCtlPeripheralPresent</name>
         <value>0x6f39</value>
         <object_component_ref idref="oc-1ae"/>
      </symbol>
      <symbol id="sm-792">
         <name>SysCtlClockSet</name>
         <value>0x68a9</value>
         <object_component_ref idref="oc-1ff"/>
      </symbol>
      <symbol id="sm-793">
         <name>SysCtlDelay</name>
         <value>0x7291</value>
         <object_component_ref idref="oc-95"/>
      </symbol>
      <symbol id="sm-794">
         <name>SysCtlPeripheralEnable</name>
         <value>0x7019</value>
         <object_component_ref idref="oc-a2"/>
      </symbol>
      <symbol id="sm-795">
         <name>SysCtlClockGet</name>
         <value>0x669d</value>
         <object_component_ref idref="oc-8f"/>
      </symbol>
      <symbol id="sm-7d3">
         <name>TimerLoadSet</name>
         <value>0x71ad</value>
         <object_component_ref idref="oc-d8"/>
      </symbol>
      <symbol id="sm-7d4">
         <name>TimerDisable</name>
         <value>0x7145</value>
         <object_component_ref idref="oc-217"/>
      </symbol>
      <symbol id="sm-7d5">
         <name>TimerEnable</name>
         <value>0x71f1</value>
         <object_component_ref idref="oc-d2"/>
      </symbol>
      <symbol id="sm-7d6">
         <name>TimerIntEnable</name>
         <value>0x726d</value>
         <object_component_ref idref="oc-106"/>
      </symbol>
      <symbol id="sm-7d7">
         <name>TimerConfigure</name>
         <value>0x6d7d</value>
         <object_component_ref idref="oc-100"/>
      </symbol>
      <symbol id="sm-7d8">
         <name>TimerIntClear</name>
         <value>0x7297</value>
         <object_component_ref idref="oc-10c"/>
      </symbol>
      <symbol id="sm-83b">
         <name>UARTCharPutNonBlocking</name>
         <value>0x720d</value>
         <object_component_ref idref="oc-9c"/>
      </symbol>
      <symbol id="sm-83c">
         <name>UARTConfigSetExpClk</name>
         <value>0x6e6d</value>
         <object_component_ref idref="oc-ba"/>
      </symbol>
      <symbol id="sm-83d">
         <name>UARTDisable</name>
         <value>0x70ed</value>
         <object_component_ref idref="oc-18c"/>
      </symbol>
      <symbol id="sm-83e">
         <name>UARTIntEnable</name>
         <value>0x7275</value>
         <object_component_ref idref="oc-c6"/>
      </symbol>
      <symbol id="sm-83f">
         <name>UARTCharsAvail</name>
         <value>0x721b</value>
         <object_component_ref idref="oc-96"/>
      </symbol>
      <symbol id="sm-840">
         <name>UARTCharGetNonBlocking</name>
         <value>0x71ff</value>
         <object_component_ref idref="oc-83"/>
      </symbol>
      <symbol id="sm-841">
         <name>UARTCharPut</name>
         <value>0x7259</value>
         <object_component_ref idref="oc-1b4"/>
      </symbol>
      <symbol id="sm-842">
         <name>UARTEnable</name>
         <value>0x7175</value>
         <object_component_ref idref="oc-192"/>
      </symbol>
      <symbol id="sm-843">
         <name>UARTIntClear</name>
         <value>0x729b</value>
         <object_component_ref idref="oc-7d"/>
      </symbol>
      <symbol id="sm-844">
         <name>UARTIntStatus</name>
         <value>0x7263</value>
         <object_component_ref idref="oc-77"/>
      </symbol>
      <symbol id="sm-845">
         <name>UARTCharGet</name>
         <value>0x724f</value>
         <object_component_ref idref="oc-1ba"/>
      </symbol>
      <symbol id="sm-84f">
         <name>CPUcpsie</name>
         <value>0x7237</value>
         <object_component_ref idref="oc-174"/>
      </symbol>
      <symbol id="sm-887">
         <name>asinl</name>
         <value>0x4d4d</value>
         <object_component_ref idref="oc-2da"/>
      </symbol>
      <symbol id="sm-888">
         <name>asin</name>
         <value>0x4d4d</value>
         <object_component_ref idref="oc-2da"/>
      </symbol>
      <symbol id="sm-8c2">
         <name>atan2</name>
         <value>0x5c6d</value>
         <object_component_ref idref="oc-2e5"/>
      </symbol>
      <symbol id="sm-8c3">
         <name>atan2l</name>
         <value>0x5c6d</value>
         <object_component_ref idref="oc-2e5"/>
      </symbol>
      <symbol id="sm-8e5">
         <name>sqrtl</name>
         <value>0x61a5</value>
         <object_component_ref idref="oc-360"/>
      </symbol>
      <symbol id="sm-8e6">
         <name>sqrt</name>
         <value>0x61a5</value>
         <object_component_ref idref="oc-360"/>
      </symbol>
      <symbol id="sm-91c">
         <name>atanl</name>
         <value>0x5465</value>
         <object_component_ref idref="oc-379"/>
      </symbol>
      <symbol id="sm-91d">
         <name>atan</name>
         <value>0x5465</value>
         <object_component_ref idref="oc-379"/>
      </symbol>
      <symbol id="sm-92c">
         <name>__aeabi_uidivmod</name>
         <value>0x6ef9</value>
         <object_component_ref idref="oc-1c9"/>
      </symbol>
      <symbol id="sm-92d">
         <name>__aeabi_uidiv</name>
         <value>0x6ef9</value>
         <object_component_ref idref="oc-1c9"/>
      </symbol>
      <symbol id="sm-93c">
         <name>__aeabi_memset</name>
         <value>0x6b57</value>
         <object_component_ref idref="oc-13e"/>
      </symbol>
      <symbol id="sm-93d">
         <name>memset</name>
         <value>0x6b5d</value>
         <object_component_ref idref="oc-13e"/>
      </symbol>
      <symbol id="sm-93e">
         <name>__aeabi_memset8</name>
         <value>0x6b57</value>
         <object_component_ref idref="oc-13e"/>
      </symbol>
      <symbol id="sm-93f">
         <name>__aeabi_memset4</name>
         <value>0x6b57</value>
         <object_component_ref idref="oc-13e"/>
      </symbol>
      <symbol id="sm-940">
         <name>__aeabi_memclr8</name>
         <value>0x6b55</value>
         <object_component_ref idref="oc-13e"/>
      </symbol>
      <symbol id="sm-941">
         <name>__aeabi_memclr4</name>
         <value>0x6b55</value>
         <object_component_ref idref="oc-13e"/>
      </symbol>
      <symbol id="sm-942">
         <name>__aeabi_memclr</name>
         <value>0x6b55</value>
         <object_component_ref idref="oc-13e"/>
      </symbol>
      <symbol id="sm-959">
         <name>__aeabi_dsub</name>
         <value>0x5e59</value>
         <object_component_ref idref="oc-e3"/>
      </symbol>
      <symbol id="sm-95a">
         <name>__aeabi_dadd</name>
         <value>0x5e63</value>
         <object_component_ref idref="oc-e3"/>
      </symbol>
      <symbol id="sm-96c">
         <name>__aeabi_cdrcmple</name>
         <value>0x6acf</value>
         <object_component_ref idref="oc-366"/>
      </symbol>
      <symbol id="sm-980">
         <name>__aeabi_ddiv</name>
         <value>0x6435</value>
         <object_component_ref idref="oc-117"/>
      </symbol>
      <symbol id="sm-98b">
         <name>__aeabi_dmul</name>
         <value>0x67ad</value>
         <object_component_ref idref="oc-2e0"/>
      </symbol>
      <symbol id="sm-995">
         <name>__aeabi_d2iz</name>
         <value>0x6e25</value>
         <object_component_ref idref="oc-11c"/>
      </symbol>
      <symbol id="sm-9a1">
         <name>__aeabi_d2f</name>
         <value>0x6bcf</value>
         <object_component_ref idref="oc-e8"/>
      </symbol>
      <symbol id="sm-9ac">
         <name>__aeabi_f2d</name>
         <value>0x6fe1</value>
         <object_component_ref idref="oc-de"/>
      </symbol>
      <symbol id="sm-9b6">
         <name>__aeabi_i2d</name>
         <value>0x704d</value>
         <object_component_ref idref="oc-2f0"/>
      </symbol>
      <symbol id="sm-9bf">
         <name>__aeabi_lmul</name>
         <value>0x715d</value>
         <object_component_ref idref="oc-340"/>
      </symbol>
      <symbol id="sm-9da">
         <name>memcpy</name>
         <value>0x699d</value>
         <object_component_ref idref="oc-44"/>
      </symbol>
      <symbol id="sm-9db">
         <name>__aeabi_memcpy</name>
         <value>0x699d</value>
         <object_component_ref idref="oc-44"/>
      </symbol>
      <symbol id="sm-9dc">
         <name>__aeabi_memcpy8</name>
         <value>0x699d</value>
         <object_component_ref idref="oc-44"/>
      </symbol>
      <symbol id="sm-9dd">
         <name>__aeabi_memcpy4</name>
         <value>0x699d</value>
         <object_component_ref idref="oc-44"/>
      </symbol>
      <symbol id="sm-9e7">
         <name>__aeabi_ui2d</name>
         <value>0x710d</value>
         <object_component_ref idref="oc-112"/>
      </symbol>
      <symbol id="sm-9f5">
         <name>__aeabi_ldivmod</name>
         <value>0x6c3d</value>
         <object_component_ref idref="oc-2c3"/>
      </symbol>
      <symbol id="sm-a02">
         <name>__aeabi_uldivmod</name>
         <value>0x6a39</value>
         <object_component_ref idref="oc-329"/>
      </symbol>
      <symbol id="sm-a1b">
         <name>__TI_zero_init_nomemset</name>
         <value>0x71bf</value>
         <object_component_ref idref="oc-50"/>
      </symbol>
      <symbol id="sm-a32">
         <name>__TI_decompress_none</name>
         <value>0x7229</value>
         <object_component_ref idref="oc-18"/>
      </symbol>
      <symbol id="sm-a55">
         <name>__TI_decompress_lzss</name>
         <value>0x6d15</value>
         <object_component_ref idref="oc-12"/>
      </symbol>
      <symbol id="sm-a68">
         <name>__stack</name>
         <value>0x20000000</value>
         <object_component_ref idref="oc-21"/>
      </symbol>
      <symbol id="sm-a69">
         <name>_c_int00_noargs</name>
         <value>0x6f71</value>
         <object_component_ref idref="oc-62"/>
      </symbol>
      <symbol id="sm-a7f">
         <name>__aeabi_errno_addr</name>
         <value>0x727d</value>
         <object_component_ref idref="oc-36b"/>
      </symbol>
      <symbol id="sm-a80">
         <name>errno</name>
         <value>0x2000027c</value>
         <object_component_ref idref="oc-3d9"/>
      </symbol>
      <symbol id="sm-a8b">
         <name>C$$EXIT</name>
         <value>0x72a3</value>
         <object_component_ref idref="oc-241"/>
      </symbol>
      <symbol id="sm-a8c">
         <name>abort</name>
         <value>0x72a3</value>
         <object_component_ref idref="oc-241"/>
      </symbol>
      <symbol id="sm-a9e">
         <name>memcmp</name>
         <value>0x70c9</value>
         <object_component_ref idref="oc-2c8"/>
      </symbol>
      <symbol id="sm-aa8">
         <name>__aeabi_idiv0</name>
         <value>0x61a3</value>
         <object_component_ref idref="oc-2a2"/>
      </symbol>
      <symbol id="sm-aa9">
         <name>__aeabi_ldiv0</name>
         <value>0x61a3</value>
         <object_component_ref idref="oc-2a2"/>
      </symbol>
      <symbol id="sm-ad1">
         <name>__TI_auto_init_nobinit_nopinit</name>
         <value>0x6eb5</value>
         <object_component_ref idref="oc-24d"/>
      </symbol>
      <symbol id="sm-adb">
         <name>_system_pre_init</name>
         <value>0x729f</value>
         <object_component_ref idref="oc-144"/>
      </symbol>
      <symbol id="sm-add">
         <name>__TI_static_base__</name>
         <value>0x0</value>
      </symbol>
      <symbol id="sm-ae0">
         <name>__mpu_init</name>
         <value>0x0</value>
      </symbol>
      <symbol id="sm-ae1">
         <name>_system_post_cinit</name>
         <value>0x0</value>
      </symbol>
   </symbol_table>
   <title>Link successful</title>
</link_info>
