******************************************************************************
                  TI ARM Linker PC v18.1.2                     
******************************************************************************
>> Linked Wed Nov 21 11:47:00 2018

OUTPUT FILE NAME:   <Balanced_Truck.out>
ENTRY POINT SYMBOL: "_c_int00_noargs"  address: 00007145


MEMORY CONFIGURATION

         name            origin    length      used     unused   attr    fill
----------------------  --------  ---------  --------  --------  ----  --------
  FLASH                 00000000   00040000  00008396  00037c6a  R  X
  SRAM                  20000000   00008000  00000308  00007cf8  RW X


SEGMENT ALLOCATION MAP

run origin  load origin   length   init length attrs members
----------  ----------- ---------- ----------- ----- -------
00000000    00000000    000083a0   000083a0    r-x
  00000000    00000000    0000026c   0000026c    r-- .intvecs
  0000026c    0000026c    000071fe   000071fe    r-x .text
  00007470    00007470    00000ebc   00000ebc    r-- .const
  00008330    00008330    00000070   00000070    r-- .cinit
20000000    20000000    00000308   00000000    rw-
  20000000    20000000    00000200   00000000    rw- .stack
  20000200    20000200    000000ac   00000000    rw- .data
  200002ac    200002ac    0000005c   00000000    rw- .bss


SECTION ALLOCATION MAP

 output                                  attributes/
section   page    origin      length       input sections
--------  ----  ----------  ----------   ----------------
.intvecs   0    00000000    0000026c     
                  00000000    0000026c     tm4c123gh6pm_startup_ccs.obj (.intvecs)

.text      0    0000026c    000071fe     
                  0000026c    00002b04     inv_mpu.obj (.text)
                  00002d70    00001084     inv_mpu_dmp_motion_driver.obj (.text)
                  00003df4    00000738     uart_echo.obj (.text)
                  0000452c    0000049c     uartstdio.obj (.text)
                  000049c8    00000404     main.obj (.text)
                  00004dcc    000003d8     rtsv7M4_T_le_v4SPD16_eabi.lib : e_asin.c.obj (.text:asin)
                  000051a4    000003b4     Timer.obj (.text)
                  00005558    00000340     I2C.obj (.text)
                  00005898    000002ec     rtsv7M4_T_le_v4SPD16_eabi.lib : s_atan.c.obj (.text:atan)
                  00005b84    000002bc     mpu6050.obj (.text)
                  00005e40    000001ec     rtsv7M4_T_le_v4SPD16_eabi.lib : e_atan2.c.obj (.text:atan2)
                  0000602c    000001b6                                   : fd_add_t2.asm.obj (.text)
                  000061e2    00000194     mpu6050_firRefi.obj (.text)
                  00006376    00000002     rtsv7M4_T_le_v4SPD16_eabi.lib : div0.asm.obj (.text)
                  00006378    00000158                                   : e_sqrt.c.obj (.text:sqrt)
                  000064d0    00000138     motor.obj (.text)
                  00006608    00000136     rtsv7M4_T_le_v4SPD16_eabi.lib : fd_div_t2.asm.obj (.text)
                  0000673e    00000132     driverlib.lib : gpio.obj (.text:GPIOPadConfigSet)
                  00006870    00000110                   : sysctl.obj (.text:SysCtlClockGet)
                  00006980    000000fc     rtsv7M4_T_le_v4SPD16_eabi.lib : fd_mul_t2.asm.obj (.text)
                  00006a7c    000000f4     driverlib.lib : sysctl.obj (.text:SysCtlClockSet)
                  00006b70    0000009c     rtsv7M4_T_le_v4SPD16_eabi.lib : memcpy_t2.asm.obj (.text)
                  00006c0c    00000096                                   : ull_div_t2.asm.obj (.text)
                  00006ca2    00000086                                   : fd_cmp_t2.asm.obj (.text:__aeabi_cdrcmple)
                  00006d28    0000007a                                   : memset_t2.asm.obj (.text)
                  00006da2    0000006e                                   : fd_tos_t2.asm.obj (.text)
                  00006e10    0000006e                                   : ll_div_t2.asm.obj (.text)
                  00006e7e    00000002     --HOLE-- [fill = 0]
                  00006e80    00000068     driverlib.lib : interrupt.obj (.text:IntEnable)
                  00006ee8    00000068     rtsv7M4_T_le_v4SPD16_eabi.lib : copy_decompress_lzss.c.obj (.text:decompress:lzss:__TI_decompress_lzss)
                  00006f50    00000060     driverlib.lib : timer.obj (.text:TimerConfigure)
                  00006fb0    00000048                   : gpio.obj (.text:GPIOPinConfigure)
                  00006ff8    00000048     rtsv7M4_T_le_v4SPD16_eabi.lib : fd_toi_t2.asm.obj (.text)
                  00007040    00000046     driverlib.lib : uart.obj (.text:UARTConfigSetExpClk)
                  00007086    00000002     --HOLE-- [fill = 0]
                  00007088    00000044     rtsv7M4_T_le_v4SPD16_eabi.lib : autoinit.c.obj (.text:__TI_auto_init_nobinit_nopinit:__TI_auto_init_nobinit_nopinit)
                  000070cc    00000040                                   : u_divt2.asm.obj (.text)
                  0000710c    00000038     driverlib.lib : sysctl.obj (.text:SysCtlPeripheralPresent)
                  00007144    00000038     rtsv7M4_T_le_v4SPD16_eabi.lib : boot_cortex_m.c.obj (.text:_c_int00_noargs:_c_int00_noargs)
                  0000717c    00000038     delay.obj (.text)
                  000071b4    00000038     rtsv7M4_T_le_v4SPD16_eabi.lib : fs_tod_t2.asm.obj (.text)
                  000071ec    00000034     driverlib.lib : sysctl.obj (.text:SysCtlPeripheralEnable)
                  00007220    0000002e     rtsv7M4_T_le_v4SPD16_eabi.lib : i_tofd_t2.asm.obj (.text)
                  0000724e    0000002a     driverlib.lib : gpio.obj (.text:GPIODirModeSet)
                  00007278    00000024     Beep.obj (.text)
                  0000729c    00000024     rtsv7M4_T_le_v4SPD16_eabi.lib : memcmp.c.obj (.text:memcmp)
                  000072c0    00000020     driverlib.lib : uart.obj (.text:UARTDisable)
                  000072e0    00000018                   : gpio.obj (.text:GPIOPinTypeGPIOOutput)
                  000072f8    00000018                   : timer.obj (.text:TimerDisable)
                  00007310    00000018     rtsv7M4_T_le_v4SPD16_eabi.lib : ll_mul_t2.asm.obj (.text)
                  00007328    00000014     driverlib.lib : uart.obj (.text:UARTEnable)
                  0000733c    00000012                   : gpio.obj (.text:GPIOPinTypeGPIOInput)
                  0000734e    00000012                   : gpio.obj (.text:GPIOPinTypeUART)
                  00007360    00000012                   : timer.obj (.text:TimerLoadSet)
                  00007372    00000012     rtsv7M4_T_le_v4SPD16_eabi.lib : copy_zero_init.c.obj (.text:decompress:ZI:__TI_zero_init_nomemset:__TI_zero_init_nomemset)
                  00007384    00000010     driverlib.lib : fpu.obj (.text:FPUEnable)
                  00007394    00000010                   : fpu.obj (.text:FPULazyStackingEnable)
                  000073a4    00000010                   : interrupt.obj (.text:IntMasterEnable)
                  000073b4    0000000e                   : timer.obj (.text:TimerEnable)
                  000073c2    0000000e                   : uart.obj (.text:UARTCharGetNonBlocking)
                  000073d0    0000000e                   : uart.obj (.text:UARTCharPutNonBlocking)
                  000073de    0000000e                   : uart.obj (.text:UARTCharsAvail)
                  000073ec    0000000e     rtsv7M4_T_le_v4SPD16_eabi.lib : copy_decompress_none.c.obj (.text:decompress:none:__TI_decompress_none)
                  000073fa    0000000c     driverlib.lib : cpu.obj (.text:CPUcpsie)
                  00007406    0000000c     tm4c123gh6pm_startup_ccs.obj (.text)
                  00007412    0000000a     driverlib.lib : uart.obj (.text:UARTCharGet)
                  0000741c    0000000a                   : uart.obj (.text:UARTCharPut)
                  00007426    0000000a                   : uart.obj (.text:UARTIntStatus)
                  00007430    00000008                   : timer.obj (.text:TimerIntEnable)
                  00007438    00000008                   : uart.obj (.text:UARTIntEnable)
                  00007440    00000008     rtsv7M4_T_le_v4SPD16_eabi.lib : errno.c.obj (.text:__aeabi_errno_addr)
                  00007448    00000006     driverlib.lib : gpio.obj (.text:GPIOPinRead)
                  0000744e    00000006                   : gpio.obj (.text:GPIOPinWrite)
                  00007454    00000006                   : sysctl.obj (.text:SysCtlDelay)
                  0000745a    00000004                   : timer.obj (.text:TimerIntClear)
                  0000745e    00000004                   : uart.obj (.text:UARTIntClear)
                  00007462    00000004     rtsv7M4_T_le_v4SPD16_eabi.lib : pre_init.c.obj (.text:_system_pre_init)
                  00007466    00000004                                   : exit.c.obj (.text:abort:abort)

.const     0    00007470    00000ebc     
                  00007470    00000bf6     inv_mpu_dmp_motion_driver.obj (.const:.string:dmp_memory)
                  00008066    00000002     --HOLE-- [fill = 0]
                  00008068    00000098     rtsv7M4_T_le_v4SPD16_eabi.lib : s_atan.c.obj (.const:$O1$$)
                  00008100    00000090     driverlib.lib : gpio.obj (.const:g_pui32GPIOBaseAddrs)
                  00008190    00000070                   : interrupt.obj (.const)
                  00008200    0000006c                   : sysctl.obj (.const:g_pui32Xtals)
                  0000826c    00000028     inv_mpu.obj (.const:test)
                  00008294    0000001b     inv_mpu.obj (.const:reg)
                  000082af    00000001     --HOLE-- [fill = 0]
                  000082b0    00000012     uartstdio.obj (.const:.string)
                  000082c2    0000000c     inv_mpu_dmp_motion_driver.obj (.const:.string:$P$T4$5)
                  000082ce    00000002     --HOLE-- [fill = 0]
                  000082d0    0000000c     uartstdio.obj (.const:g_ui32UARTBase)
                  000082dc    0000000c     uartstdio.obj (.const:g_ui32UARTPeriph)
                  000082e8    0000000c     inv_mpu.obj (.const:hw)
                  000082f4    0000000b     inv_mpu_dmp_motion_driver.obj (.const:.string:$P$T7$8)
                  000082ff    0000000b     inv_mpu_dmp_motion_driver.obj (.const:.string:$P$T8$9)
                  0000830a    00000009     inv_mpu_dmp_motion_driver.obj (.const:.string:$P$T5$6)
                  00008313    00000009     inv_mpu_dmp_motion_driver.obj (.const:.string:$P$T6$7)
                  0000831c    00000004     uartstdio.obj (.const)
                  00008320    00000003     inv_mpu_dmp_motion_driver.obj (.const:.string:$P$T0$1)
                  00008323    00000003     inv_mpu_dmp_motion_driver.obj (.const:.string:$P$T1$2)
                  00008326    00000003     inv_mpu_dmp_motion_driver.obj (.const:.string:$P$T2$3)
                  00008329    00000003     inv_mpu_dmp_motion_driver.obj (.const:.string:$P$T3$4)

.cinit     0    00008330    00000070     
                  00008330    00000046     (.cinit..data.load) [load image, compression = lzss]
                  00008376    00000002     --HOLE-- [fill = 0]
                  00008378    0000000c     (__TI_handler_table)
                  00008384    00000004     --HOLE-- [fill = 0]
                  00008388    00000008     (.cinit..bss.load) [load image, compression = zero_init]
                  00008390    00000010     (__TI_cinit_table)

.init_array 
*          0    00000000    00000000     UNINITIALIZED

.data      0    20000200    000000ac     UNINITIALIZED
                  20000200    0000003d     Timer.obj (.data)
                  2000023d    00000003     --HOLE--
                  20000240    0000002c     inv_mpu.obj (.data:st)
                  2000026c    00000014     main.obj (.data)
                  20000280    00000010     inv_mpu_dmp_motion_driver.obj (.data:dmp)
                  20000290    00000009     inv_mpu.obj (.data:gyro_orientation)
                  20000299    00000005     uart_echo.obj (.data)
                  2000029e    00000002     --HOLE--
                  200002a0    00000005     uartstdio.obj (.data)
                  200002a5    00000003     --HOLE--
                  200002a8    00000004     rtsv7M4_T_le_v4SPD16_eabi.lib : errno.c.obj (.data)

.bss       0    200002ac    0000005c     UNINITIALIZED
                  200002ac    00000010     (.common:ReciveData_UART0)
                  200002bc    00000010     (.common:ReciveData_UART1)
                  200002cc    00000010     (.common:ReciveData_UART2)
                  200002dc    0000000c     (.common:CharTable)
                  200002e8    00000004     (.common:CharNum)
                  200002ec    00000004     (.common:pitch)
                  200002f0    00000004     (.common:pitchStd)
                  200002f4    00000004     (.common:roll)
                  200002f8    00000004     (.common:yaw)
                  200002fc    00000002     (.common:aacx)
                  200002fe    00000002     (.common:aacy)
                  20000300    00000002     (.common:aacz)
                  20000302    00000002     (.common:gyrox)
                  20000304    00000002     (.common:gyroy)
                  20000306    00000002     (.common:gyroz)

.stack     0    20000000    00000200     UNINITIALIZED
                  20000000    00000004     rtsv7M4_T_le_v4SPD16_eabi.lib : boot_cortex_m.c.obj (.stack)
                  20000004    000001fc     --HOLE--

MODULE SUMMARY

       Module                          code    ro data   rw data
       ------                          ----    -------   -------
    .\
       main.obj                        1028    0         64     
       tm4c123gh6pm_startup_ccs.obj    12      620       0      
    +--+-------------------------------+-------+---------+---------+
       Total:                          1040    620       64     
                                                                
    .\Beep\
       Beep.obj                        36      0         0      
    +--+-------------------------------+-------+---------+---------+
       Total:                          36      0         0      
                                                                
    .\Hardware\DMP\
       inv_mpu.obj                     11012   79        53     
       inv_mpu_dmp_motion_driver.obj   4228    3126      16     
    +--+-------------------------------+-------+---------+---------+
       Total:                          15240   3205      69     
                                                                
    .\Hardware\I2C\
       I2C.obj                         832     0         0      
    +--+-------------------------------+-------+---------+---------+
       Total:                          832     0         0      
                                                                
    .\Hardware\MPU6050\
       mpu6050.obj                     700     0         0      
       mpu6050_firRefi.obj             404     0         0      
    +--+-------------------------------+-------+---------+---------+
       Total:                          1104    0         0      
                                                                
    .\Motor\
       motor.obj                       312     0         0      
    +--+-------------------------------+-------+---------+---------+
       Total:                          312     0         0      
                                                                
    .\Timer\
       Timer.obj                       948     0         61     
    +--+-------------------------------+-------+---------+---------+
       Total:                          948     0         61     
                                                                
    .\delay\
       delay.obj                       56      0         0      
    +--+-------------------------------+-------+---------+---------+
       Total:                          56      0         0      
                                                                
    .\uart\
       uart_echo.obj                   1848    0         53     
       uartstdio.obj                   1180    46        5      
    +--+-------------------------------+-------+---------+---------+
       Total:                          3028    46        58     
                                                                
    D:/ti/TivaWare_C_Series-2.1.4.178/driverlib/ccs/Debug/driverlib.lib
       sysctl.obj                      630     108       0      
       gpio.obj                        492     144       0      
       interrupt.obj                   120     112       0      
       uart.obj                        206     0         0      
       timer.obj                       164     0         0      
       fpu.obj                         32      0         0      
       cpu.obj                         12      0         0      
    +--+-------------------------------+-------+---------+---------+
       Total:                          1656    364       0      
                                                                
    D:\Project_Program\Ccs\ccsv8\tools\compiler\ti-cgt-arm_18.1.2.LTS\lib\rtsv7M4_T_le_v4SPD16_eabi.lib
       e_asin.c.obj                    984     0         0      
       s_atan.c.obj                    748     152       0      
       e_atan2.c.obj                   492     0         0      
       fd_add_t2.asm.obj               438     0         0      
       e_sqrt.c.obj                    344     0         0      
       fd_div_t2.asm.obj               310     0         0      
       fd_mul_t2.asm.obj               252     0         0      
       memcpy_t2.asm.obj               156     0         0      
       ull_div_t2.asm.obj              150     0         0      
       fd_cmp_t2.asm.obj               134     0         0      
       memset_t2.asm.obj               122     0         0      
       fd_tos_t2.asm.obj               110     0         0      
       ll_div_t2.asm.obj               110     0         0      
       copy_decompress_lzss.c.obj      104     0         0      
       fd_toi_t2.asm.obj               72      0         0      
       autoinit.c.obj                  68      0         0      
       u_divt2.asm.obj                 64      0         0      
       boot_cortex_m.c.obj             56      0         0      
       fs_tod_t2.asm.obj               56      0         0      
       i_tofd_t2.asm.obj               46      0         0      
       memcmp.c.obj                    36      0         0      
       ll_mul_t2.asm.obj               24      0         0      
       copy_zero_init.c.obj            18      0         0      
       copy_decompress_none.c.obj      14      0         0      
       errno.c.obj                     8       0         4      
       exit.c.obj                      4       0         0      
       pre_init.c.obj                  4       0         0      
       div0.asm.obj                    2       0         0      
    +--+-------------------------------+-------+---------+---------+
       Total:                          4926    152       4      
                                                                
       Stack:                          0       0         512    
       Linker Generated:               0       106       0      
    +--+-------------------------------+-------+---------+---------+
       Grand Total:                    29178   4493      768    


LINKER GENERATED COPY TABLES

__TI_cinit_table @ 00008390 records: 2, size/record: 8, table size: 16
	.data: load addr=00008330, load size=00000046 bytes, run addr=20000200, run size=000000ac bytes, compression=lzss
	.bss: load addr=00008388, load size=00000008 bytes, run addr=200002ac, run size=0000005c bytes, compression=zero_init


LINKER GENERATED HANDLER TABLE

__TI_handler_table @ 00008378 records: 3, size/record: 4, table size: 12
	index: 0, handler: __TI_decompress_lzss
	index: 1, handler: __TI_decompress_none
	index: 2, handler: __TI_zero_init


GLOBAL SYMBOLS: SORTED ALPHABETICALLY BY Name 

address   name                            
-------   ----                            
00007279  Beep_Configure                  
20000228  Beep_Counter                    
20000224  Beep_Flag                       
2000022c  Beep_Fre                        
00007467  C$$EXIT                         
000073fb  CPUcpsie                        
20000276  Car_Mode                        
200002e8  CharNum                         
200002dc  CharTable                       
2000026c  CountBan                        
2000021c  Counter                         
20000277  Direction_Set                   
00007385  FPUEnable                       
00007395  FPULazyStackingEnable           
20000274  FlagSend                        
20000275  Flag_Stop                       
0000724f  GPIODirModeSet                  
0000673f  GPIOPadConfigSet                
00006fb1  GPIOPinConfigure                
00007449  GPIOPinRead                     
0000733d  GPIOPinTypeGPIOInput            
000072e1  GPIOPinTypeGPIOOutput           
0000734f  GPIOPinTypeUART                 
0000744f  GPIOPinWrite                    
20000210  Height                          
000056ab  IIC_Ack                         
00005559  IIC_Init                        
000056ff  IIC_NAck                        
000057f1  IIC_Read_Byte                   
00005753  IIC_Send_Byte                   
0000558f  IIC_Start                       
000055e5  IIC_Stop                        
0000563b  IIC_Wait_Ack                    
00006e81  IntEnable                       
000073a5  IntMasterEnable                 
00005ddb  MPU_Get_Accelerometer           
00005d81  MPU_Get_Gyroscope               
00005d07  MPU_Get_Temperature             
00005c77  MPU_Init                        
00006225  MPU_Read_Byte                   
00006267  MPU_Read_Len                    
00005b9b  MPU_Set_Accel_Fsr               
00005b85  MPU_Set_Gyro_Fsr                
00005bb1  MPU_Set_LPF                     
00005c1f  MPU_Set_Rate                    
000061e3  MPU_Write_Byte                  
000062fd  MPU_Write_Len                   
000051a5  MotorContolTimer                
000064d1  MotorInit                       
2000029b  MotorOrderDirection             
2000029c  MotorOrderDisplacement          
0000652d  MotorSet                        
200002ac  ReciveData_UART0                
200002bc  ReciveData_UART1                
200002cc  ReciveData_UART2                
20000299  ReciveData_i_UART0              
2000029a  ReciveData_i_UART1              
2000029d  ReciveData_i_UART2              
00007407  ResetISR                        
20000270  SendCount                       
20000225  Set_Low_Speed                   
20000226  Set_Low_Speed_temp              
20000230  Speed                           
00006871  SysCtlClockGet                  
00006a7d  SysCtlClockSet                  
00007455  SysCtlDelay                     
000071ed  SysCtlPeripheralEnable          
0000710d  SysCtlPeripheralPresent         
20000218  Time_Flag                       
0000521f  Timer0IntHandler                
00005341  Timer1IntHandler                
00006f51  TimerConfigure                  
000072f9  TimerDisable                    
000073b5  TimerEnable                     
0000745b  TimerIntClear                   
00007431  TimerIntEnable                  
00007361  TimerLoadSet                    
00003e61  UART0Send                       
00003f09  UART1IntHandler                 
000042e7  UART1Send                       
0000441d  UART2Iint                       
00004381  UART2IntHandler                 
000043e9  UART2Send                       
00007413  UARTCharGet                     
000073c3  UARTCharGetNonBlocking          
0000741d  UARTCharPut                     
000073d1  UARTCharPutNonBlocking          
000073df  UARTCharsAvail                  
00007041  UARTConfigSetExpClk             
000072c1  UARTDisable                     
00007329  UARTEnable                      
0000745f  UARTIntClear                    
00007439  UARTIntEnable                   
00003df5  UARTIntHandler                  
00007427  UARTIntStatus                   
0000452d  UARTStdioConfig                 
00004673  UARTgetc                        
000045b9  UARTgets                        
00004993  UARTprintf                      
00004699  UARTvprintf                     
00004573  UARTwrite                       
00003e89  Uart0Iint                       
00004329  Uart1Iint                       
20000200  __STACK_END                     
00000200  __STACK_SIZE                    
20000200  __STACK_TOP                     
00008390  __TI_CINIT_Base                 
000083a0  __TI_CINIT_Limit                
00008378  __TI_Handler_Table_Base         
00008384  __TI_Handler_Table_Limit        
00007089  __TI_auto_init_nobinit_nopinit  
00006ee9  __TI_decompress_lzss            
000073ed  __TI_decompress_none            
ffffffff  __TI_pprof_out_hndl             
ffffffff  __TI_prof_data_size             
ffffffff  __TI_prof_data_start            
00000000  __TI_static_base__              
00007373  __TI_zero_init_nomemset         
00006ca3  __aeabi_cdrcmple                
00006da3  __aeabi_d2f                     
00006ff9  __aeabi_d2iz                    
00006037  __aeabi_dadd                    
00006609  __aeabi_ddiv                    
00006981  __aeabi_dmul                    
0000602d  __aeabi_dsub                    
00007441  __aeabi_errno_addr              
000071b5  __aeabi_f2d                     
00007221  __aeabi_i2d                     
00006377  __aeabi_idiv0                   
00006377  __aeabi_ldiv0                   
00006e11  __aeabi_ldivmod                 
00007311  __aeabi_lmul                    
00006d29  __aeabi_memclr                  
00006d29  __aeabi_memclr4                 
00006d29  __aeabi_memclr8                 
00006b71  __aeabi_memcpy                  
00006b71  __aeabi_memcpy4                 
00006b71  __aeabi_memcpy8                 
00006d2b  __aeabi_memset                  
00006d2b  __aeabi_memset4                 
00006d2b  __aeabi_memset8                 
000070cd  __aeabi_uidiv                   
000070cd  __aeabi_uidivmod                
00006c0d  __aeabi_uldivmod                
ffffffff  __binit__                       
ffffffff  __c_args__                      
UNDEFED   __mpu_init                      
20000000  __stack                         
00007145  _c_int00_noargs                 
UNDEFED   _system_post_cinit              
00007463  _system_pre_init                
200002fc  aacx                            
200002fe  aacy                            
20000300  aacz                            
00007467  abort                           
00004dcd  asin                            
00004dcd  asinl                           
00005899  atan                            
00005e41  atan2                           
00005e41  atan2l                          
00005899  atanl                           
ffffffff  binit                           
0000717d  delay_ms                        
00007197  delay_us                        
00003a63  dmp_enable_6x_lp_quat           
00003763  dmp_enable_feature              
000039d1  dmp_enable_gyro_cal             
00003a21  dmp_enable_lp_quat              
000039bd  dmp_get_enabled_features        
0000322d  dmp_get_fifo_rate               
0000364d  dmp_get_pedometer_step_count    
000036d3  dmp_get_pedometer_walk_time     
00002d71  dmp_load_motion_driver_firmware 
00003b7d  dmp_read_fifo                   
00003dcf  dmp_register_android_orient_cb  
00003dbd  dmp_register_tap_cb             
00003065  dmp_set_accel_bias              
000031ad  dmp_set_fifo_rate               
00002f0d  dmp_set_gyro_bias               
00003b1b  dmp_set_interrupt_mode          
00002d85  dmp_set_orientation             
00003699  dmp_set_pedometer_step_count    
0000371f  dmp_set_pedometer_walk_time     
0000355d  dmp_set_shake_reject_thresh     
000035b9  dmp_set_shake_reject_time       
000035fd  dmp_set_shake_reject_timeout    
0000344d  dmp_set_tap_axes                
000034a5  dmp_set_tap_count               
00003245  dmp_set_tap_thresh              
000034e9  dmp_set_tap_time                
00003521  dmp_set_tap_time_multi          
200002a8  errno                           
00000000  g_pfnVectors                    
20000302  gyrox                           
20000304  gyroy                           
20000306  gyroz                           
000082e8  hw                              
00002969  inv_orientation_matrix_to_scalar
000029d1  inv_row_2_scale                 
000049c9  main                            
0000729d  memcmp                          
00006b71  memcpy                          
00006d31  memset                          
00002a51  mget_ms                         
000011a9  mpu_configure_fifo              
00002b3d  mpu_dmp_get_data                
00002a61  mpu_dmp_init                    
00000dc1  mpu_get_accel_fsr               
00000825  mpu_get_accel_reg               
00001131  mpu_get_accel_sens              
0000262f  mpu_get_compass_fsr             
0000261f  mpu_get_compass_reg             
000010af  mpu_get_compass_sample_rate     
00002605  mpu_get_dmp_state               
00001191  mpu_get_fifo_config             
00000cd7  mpu_get_gyro_fsr                
000006d9  mpu_get_gyro_reg                
000010e1  mpu_get_gyro_sens               
0000137f  mpu_get_int_status              
00000eb1  mpu_get_lpf                     
0000123b  mpu_get_power_state             
00000fd9  mpu_get_sample_rate             
00000899  mpu_get_temperature             
000003d9  mpu_init                        
00002455  mpu_load_firmware               
000005e3  mpu_lp_accel_mode               
0000264d  mpu_lp_motion_interrupt         
000013e1  mpu_read_fifo                   
00001685  mpu_read_fifo_stream            
000023bd  mpu_read_mem                    
0000037d  mpu_read_reg                    
0000030f  mpu_reg_dump                    
00000ae1  mpu_reset_fifo                  
000021cd  mpu_run_self_test               
0000094d  mpu_set_accel_bias              
00000e21  mpu_set_accel_fsr               
0000176d  mpu_set_bypass                  
000010c9  mpu_set_compass_sample_rate     
00002571  mpu_set_dmp_state               
00000d29  mpu_set_gyro_fsr                
00001909  mpu_set_int_latched             
000018f3  mpu_set_int_level               
00000f31  mpu_set_lpf                     
00000ff9  mpu_set_sample_rate             
0000126d  mpu_set_sensors                 
00002329  mpu_write_mem                   
20000278  parameter_Ang                   
2000027c  parameter_Dis                   
200002ec  pitch                           
200002f0  pitchStd                        
00008294  reg                             
200002f4  roll                            
20000220  runCounter                      
20000208  runDistance                     
20000204  runSpeed                        
20000200  runTime                         
000028bd  run_self_test                   
00002619  setup_compass                   
00006379  sqrt                            
00006379  sqrtl                           
20000234  t_conter                        
20000238  t_temp                          
0000826c  test                            
2000023c  timeFlag                        
200002f8  yaw                             


GLOBAL SYMBOLS: SORTED BY Symbol Address 

address   name                            
-------   ----                            
00000000  __TI_static_base__              
00000000  g_pfnVectors                    
00000200  __STACK_SIZE                    
0000030f  mpu_reg_dump                    
0000037d  mpu_read_reg                    
000003d9  mpu_init                        
000005e3  mpu_lp_accel_mode               
000006d9  mpu_get_gyro_reg                
00000825  mpu_get_accel_reg               
00000899  mpu_get_temperature             
0000094d  mpu_set_accel_bias              
00000ae1  mpu_reset_fifo                  
00000cd7  mpu_get_gyro_fsr                
00000d29  mpu_set_gyro_fsr                
00000dc1  mpu_get_accel_fsr               
00000e21  mpu_set_accel_fsr               
00000eb1  mpu_get_lpf                     
00000f31  mpu_set_lpf                     
00000fd9  mpu_get_sample_rate             
00000ff9  mpu_set_sample_rate             
000010af  mpu_get_compass_sample_rate     
000010c9  mpu_set_compass_sample_rate     
000010e1  mpu_get_gyro_sens               
00001131  mpu_get_accel_sens              
00001191  mpu_get_fifo_config             
000011a9  mpu_configure_fifo              
0000123b  mpu_get_power_state             
0000126d  mpu_set_sensors                 
0000137f  mpu_get_int_status              
000013e1  mpu_read_fifo                   
00001685  mpu_read_fifo_stream            
0000176d  mpu_set_bypass                  
000018f3  mpu_set_int_level               
00001909  mpu_set_int_latched             
000021cd  mpu_run_self_test               
00002329  mpu_write_mem                   
000023bd  mpu_read_mem                    
00002455  mpu_load_firmware               
00002571  mpu_set_dmp_state               
00002605  mpu_get_dmp_state               
00002619  setup_compass                   
0000261f  mpu_get_compass_reg             
0000262f  mpu_get_compass_fsr             
0000264d  mpu_lp_motion_interrupt         
000028bd  run_self_test                   
00002969  inv_orientation_matrix_to_scalar
000029d1  inv_row_2_scale                 
00002a51  mget_ms                         
00002a61  mpu_dmp_init                    
00002b3d  mpu_dmp_get_data                
00002d71  dmp_load_motion_driver_firmware 
00002d85  dmp_set_orientation             
00002f0d  dmp_set_gyro_bias               
00003065  dmp_set_accel_bias              
000031ad  dmp_set_fifo_rate               
0000322d  dmp_get_fifo_rate               
00003245  dmp_set_tap_thresh              
0000344d  dmp_set_tap_axes                
000034a5  dmp_set_tap_count               
000034e9  dmp_set_tap_time                
00003521  dmp_set_tap_time_multi          
0000355d  dmp_set_shake_reject_thresh     
000035b9  dmp_set_shake_reject_time       
000035fd  dmp_set_shake_reject_timeout    
0000364d  dmp_get_pedometer_step_count    
00003699  dmp_set_pedometer_step_count    
000036d3  dmp_get_pedometer_walk_time     
0000371f  dmp_set_pedometer_walk_time     
00003763  dmp_enable_feature              
000039bd  dmp_get_enabled_features        
000039d1  dmp_enable_gyro_cal             
00003a21  dmp_enable_lp_quat              
00003a63  dmp_enable_6x_lp_quat           
00003b1b  dmp_set_interrupt_mode          
00003b7d  dmp_read_fifo                   
00003dbd  dmp_register_tap_cb             
00003dcf  dmp_register_android_orient_cb  
00003df5  UARTIntHandler                  
00003e61  UART0Send                       
00003e89  Uart0Iint                       
00003f09  UART1IntHandler                 
000042e7  UART1Send                       
00004329  Uart1Iint                       
00004381  UART2IntHandler                 
000043e9  UART2Send                       
0000441d  UART2Iint                       
0000452d  UARTStdioConfig                 
00004573  UARTwrite                       
000045b9  UARTgets                        
00004673  UARTgetc                        
00004699  UARTvprintf                     
00004993  UARTprintf                      
000049c9  main                            
00004dcd  asin                            
00004dcd  asinl                           
000051a5  MotorContolTimer                
0000521f  Timer0IntHandler                
00005341  Timer1IntHandler                
00005559  IIC_Init                        
0000558f  IIC_Start                       
000055e5  IIC_Stop                        
0000563b  IIC_Wait_Ack                    
000056ab  IIC_Ack                         
000056ff  IIC_NAck                        
00005753  IIC_Send_Byte                   
000057f1  IIC_Read_Byte                   
00005899  atan                            
00005899  atanl                           
00005b85  MPU_Set_Gyro_Fsr                
00005b9b  MPU_Set_Accel_Fsr               
00005bb1  MPU_Set_LPF                     
00005c1f  MPU_Set_Rate                    
00005c77  MPU_Init                        
00005d07  MPU_Get_Temperature             
00005d81  MPU_Get_Gyroscope               
00005ddb  MPU_Get_Accelerometer           
00005e41  atan2                           
00005e41  atan2l                          
0000602d  __aeabi_dsub                    
00006037  __aeabi_dadd                    
000061e3  MPU_Write_Byte                  
00006225  MPU_Read_Byte                   
00006267  MPU_Read_Len                    
000062fd  MPU_Write_Len                   
00006377  __aeabi_idiv0                   
00006377  __aeabi_ldiv0                   
00006379  sqrt                            
00006379  sqrtl                           
000064d1  MotorInit                       
0000652d  MotorSet                        
00006609  __aeabi_ddiv                    
0000673f  GPIOPadConfigSet                
00006871  SysCtlClockGet                  
00006981  __aeabi_dmul                    
00006a7d  SysCtlClockSet                  
00006b71  __aeabi_memcpy                  
00006b71  __aeabi_memcpy4                 
00006b71  __aeabi_memcpy8                 
00006b71  memcpy                          
00006c0d  __aeabi_uldivmod                
00006ca3  __aeabi_cdrcmple                
00006d29  __aeabi_memclr                  
00006d29  __aeabi_memclr4                 
00006d29  __aeabi_memclr8                 
00006d2b  __aeabi_memset                  
00006d2b  __aeabi_memset4                 
00006d2b  __aeabi_memset8                 
00006d31  memset                          
00006da3  __aeabi_d2f                     
00006e11  __aeabi_ldivmod                 
00006e81  IntEnable                       
00006ee9  __TI_decompress_lzss            
00006f51  TimerConfigure                  
00006fb1  GPIOPinConfigure                
00006ff9  __aeabi_d2iz                    
00007041  UARTConfigSetExpClk             
00007089  __TI_auto_init_nobinit_nopinit  
000070cd  __aeabi_uidiv                   
000070cd  __aeabi_uidivmod                
0000710d  SysCtlPeripheralPresent         
00007145  _c_int00_noargs                 
0000717d  delay_ms                        
00007197  delay_us                        
000071b5  __aeabi_f2d                     
000071ed  SysCtlPeripheralEnable          
00007221  __aeabi_i2d                     
0000724f  GPIODirModeSet                  
00007279  Beep_Configure                  
0000729d  memcmp                          
000072c1  UARTDisable                     
000072e1  GPIOPinTypeGPIOOutput           
000072f9  TimerDisable                    
00007311  __aeabi_lmul                    
00007329  UARTEnable                      
0000733d  GPIOPinTypeGPIOInput            
0000734f  GPIOPinTypeUART                 
00007361  TimerLoadSet                    
00007373  __TI_zero_init_nomemset         
00007385  FPUEnable                       
00007395  FPULazyStackingEnable           
000073a5  IntMasterEnable                 
000073b5  TimerEnable                     
000073c3  UARTCharGetNonBlocking          
000073d1  UARTCharPutNonBlocking          
000073df  UARTCharsAvail                  
000073ed  __TI_decompress_none            
000073fb  CPUcpsie                        
00007407  ResetISR                        
00007413  UARTCharGet                     
0000741d  UARTCharPut                     
00007427  UARTIntStatus                   
00007431  TimerIntEnable                  
00007439  UARTIntEnable                   
00007441  __aeabi_errno_addr              
00007449  GPIOPinRead                     
0000744f  GPIOPinWrite                    
00007455  SysCtlDelay                     
0000745b  TimerIntClear                   
0000745f  UARTIntClear                    
00007463  _system_pre_init                
00007467  C$$EXIT                         
00007467  abort                           
0000826c  test                            
00008294  reg                             
000082e8  hw                              
00008378  __TI_Handler_Table_Base         
00008384  __TI_Handler_Table_Limit        
00008390  __TI_CINIT_Base                 
000083a0  __TI_CINIT_Limit                
20000000  __stack                         
20000200  __STACK_END                     
20000200  __STACK_TOP                     
20000200  runTime                         
20000204  runSpeed                        
20000208  runDistance                     
20000210  Height                          
20000218  Time_Flag                       
2000021c  Counter                         
20000220  runCounter                      
20000224  Beep_Flag                       
20000225  Set_Low_Speed                   
20000226  Set_Low_Speed_temp              
20000228  Beep_Counter                    
2000022c  Beep_Fre                        
20000230  Speed                           
20000234  t_conter                        
20000238  t_temp                          
2000023c  timeFlag                        
2000026c  CountBan                        
20000270  SendCount                       
20000274  FlagSend                        
20000275  Flag_Stop                       
20000276  Car_Mode                        
20000277  Direction_Set                   
20000278  parameter_Ang                   
2000027c  parameter_Dis                   
20000299  ReciveData_i_UART0              
2000029a  ReciveData_i_UART1              
2000029b  MotorOrderDirection             
2000029c  MotorOrderDisplacement          
2000029d  ReciveData_i_UART2              
200002a8  errno                           
200002ac  ReciveData_UART0                
200002bc  ReciveData_UART1                
200002cc  ReciveData_UART2                
200002dc  CharTable                       
200002e8  CharNum                         
200002ec  pitch                           
200002f0  pitchStd                        
200002f4  roll                            
200002f8  yaw                             
200002fc  aacx                            
200002fe  aacy                            
20000300  aacz                            
20000302  gyrox                           
20000304  gyroy                           
20000306  gyroz                           
ffffffff  __TI_pprof_out_hndl             
ffffffff  __TI_prof_data_size             
ffffffff  __TI_prof_data_start            
ffffffff  __binit__                       
ffffffff  __c_args__                      
ffffffff  binit                           
UNDEFED   __mpu_init                      
UNDEFED   _system_post_cinit              

[265 symbols]
