******************************************************************************
                  TI ARM Linker PC v18.1.2                     
******************************************************************************
>> Linked Wed Nov 21 11:50:06 2018

OUTPUT FILE NAME:   <Balanced_Truck.out>
ENTRY POINT SYMBOL: "_c_int00_noargs"  address: 00007139


MEMORY CONFIGURATION

         name            origin    length      used     unused   attr    fill
----------------------  --------  ---------  --------  --------  ----  --------
  FLASH                 00000000   00040000  0000838a  00037c76  R  X
  SRAM                  20000000   00008000  00000308  00007cf8  RW X


SEGMENT ALLOCATION MAP

run origin  load origin   length   init length attrs members
----------  ----------- ---------- ----------- ----- -------
00000000    00000000    00008390   00008390    r-x
  00000000    00000000    0000026c   0000026c    r-- .intvecs
  0000026c    0000026c    000071f2   000071f2    r-x .text
  00007460    00007460    00000ebc   00000ebc    r-- .const
  00008320    00008320    00000070   00000070    r-- .cinit
20000000    20000000    00000308   00000000    rw-
  20000000    20000000    00000200   00000000    rw- .stack
  20000200    20000200    000000ac   00000000    rw- .data
  200002ac    200002ac    0000005c   00000000    rw- .bss


SECTION ALLOCATION MAP

 output                                  attributes/
section   page    origin      length       input sections
--------  ----  ----------  ----------   ----------------
.intvecs   0    00000000    0000026c     
                  00000000    0000026c     tm4c123gh6pm_startup_ccs.obj (.intvecs)

.text      0    0000026c    000071f2     
                  0000026c    00002b04     inv_mpu.obj (.text)
                  00002d70    00001084     inv_mpu_dmp_motion_driver.obj (.text)
                  00003df4    00000738     uart_echo.obj (.text)
                  0000452c    0000049c     uartstdio.obj (.text)
                  000049c8    00000404     main.obj (.text)
                  00004dcc    000003d8     rtsv7M4_T_le_v4SPD16_eabi.lib : e_asin.c.obj (.text:asin)
                  000051a4    000003a8     Timer.obj (.text)
                  0000554c    00000340     I2C.obj (.text)
                  0000588c    000002ec     rtsv7M4_T_le_v4SPD16_eabi.lib : s_atan.c.obj (.text:atan)
                  00005b78    000002bc     mpu6050.obj (.text)
                  00005e34    000001ec     rtsv7M4_T_le_v4SPD16_eabi.lib : e_atan2.c.obj (.text:atan2)
                  00006020    000001b6                                   : fd_add_t2.asm.obj (.text)
                  000061d6    00000194     mpu6050_firRefi.obj (.text)
                  0000636a    00000002     rtsv7M4_T_le_v4SPD16_eabi.lib : div0.asm.obj (.text)
                  0000636c    00000158                                   : e_sqrt.c.obj (.text:sqrt)
                  000064c4    00000138     motor.obj (.text)
                  000065fc    00000136     rtsv7M4_T_le_v4SPD16_eabi.lib : fd_div_t2.asm.obj (.text)
                  00006732    00000132     driverlib.lib : gpio.obj (.text:GPIOPadConfigSet)
                  00006864    00000110                   : sysctl.obj (.text:SysCtlClockGet)
                  00006974    000000fc     rtsv7M4_T_le_v4SPD16_eabi.lib : fd_mul_t2.asm.obj (.text)
                  00006a70    000000f4     driverlib.lib : sysctl.obj (.text:SysCtlClockSet)
                  00006b64    0000009c     rtsv7M4_T_le_v4SPD16_eabi.lib : memcpy_t2.asm.obj (.text)
                  00006c00    00000096                                   : ull_div_t2.asm.obj (.text)
                  00006c96    00000086                                   : fd_cmp_t2.asm.obj (.text:__aeabi_cdrcmple)
                  00006d1c    0000007a                                   : memset_t2.asm.obj (.text)
                  00006d96    0000006e                                   : fd_tos_t2.asm.obj (.text)
                  00006e04    0000006e                                   : ll_div_t2.asm.obj (.text)
                  00006e72    00000002     --HOLE-- [fill = 0]
                  00006e74    00000068     driverlib.lib : interrupt.obj (.text:IntEnable)
                  00006edc    00000068     rtsv7M4_T_le_v4SPD16_eabi.lib : copy_decompress_lzss.c.obj (.text:decompress:lzss:__TI_decompress_lzss)
                  00006f44    00000060     driverlib.lib : timer.obj (.text:TimerConfigure)
                  00006fa4    00000048                   : gpio.obj (.text:GPIOPinConfigure)
                  00006fec    00000048     rtsv7M4_T_le_v4SPD16_eabi.lib : fd_toi_t2.asm.obj (.text)
                  00007034    00000046     driverlib.lib : uart.obj (.text:UARTConfigSetExpClk)
                  0000707a    00000002     --HOLE-- [fill = 0]
                  0000707c    00000044     rtsv7M4_T_le_v4SPD16_eabi.lib : autoinit.c.obj (.text:__TI_auto_init_nobinit_nopinit:__TI_auto_init_nobinit_nopinit)
                  000070c0    00000040                                   : u_divt2.asm.obj (.text)
                  00007100    00000038     driverlib.lib : sysctl.obj (.text:SysCtlPeripheralPresent)
                  00007138    00000038     rtsv7M4_T_le_v4SPD16_eabi.lib : boot_cortex_m.c.obj (.text:_c_int00_noargs:_c_int00_noargs)
                  00007170    00000038     delay.obj (.text)
                  000071a8    00000038     rtsv7M4_T_le_v4SPD16_eabi.lib : fs_tod_t2.asm.obj (.text)
                  000071e0    00000034     driverlib.lib : sysctl.obj (.text:SysCtlPeripheralEnable)
                  00007214    0000002e     rtsv7M4_T_le_v4SPD16_eabi.lib : i_tofd_t2.asm.obj (.text)
                  00007242    0000002a     driverlib.lib : gpio.obj (.text:GPIODirModeSet)
                  0000726c    00000024     Beep.obj (.text)
                  00007290    00000024     rtsv7M4_T_le_v4SPD16_eabi.lib : memcmp.c.obj (.text:memcmp)
                  000072b4    00000020     driverlib.lib : uart.obj (.text:UARTDisable)
                  000072d4    00000018                   : gpio.obj (.text:GPIOPinTypeGPIOOutput)
                  000072ec    00000018                   : timer.obj (.text:TimerDisable)
                  00007304    00000018     rtsv7M4_T_le_v4SPD16_eabi.lib : ll_mul_t2.asm.obj (.text)
                  0000731c    00000014     driverlib.lib : uart.obj (.text:UARTEnable)
                  00007330    00000012                   : gpio.obj (.text:GPIOPinTypeGPIOInput)
                  00007342    00000012                   : gpio.obj (.text:GPIOPinTypeUART)
                  00007354    00000012                   : timer.obj (.text:TimerLoadSet)
                  00007366    00000012     rtsv7M4_T_le_v4SPD16_eabi.lib : copy_zero_init.c.obj (.text:decompress:ZI:__TI_zero_init_nomemset:__TI_zero_init_nomemset)
                  00007378    00000010     driverlib.lib : fpu.obj (.text:FPUEnable)
                  00007388    00000010                   : fpu.obj (.text:FPULazyStackingEnable)
                  00007398    00000010                   : interrupt.obj (.text:IntMasterEnable)
                  000073a8    0000000e                   : timer.obj (.text:TimerEnable)
                  000073b6    0000000e                   : uart.obj (.text:UARTCharGetNonBlocking)
                  000073c4    0000000e                   : uart.obj (.text:UARTCharPutNonBlocking)
                  000073d2    0000000e                   : uart.obj (.text:UARTCharsAvail)
                  000073e0    0000000e     rtsv7M4_T_le_v4SPD16_eabi.lib : copy_decompress_none.c.obj (.text:decompress:none:__TI_decompress_none)
                  000073ee    0000000c     driverlib.lib : cpu.obj (.text:CPUcpsie)
                  000073fa    0000000c     tm4c123gh6pm_startup_ccs.obj (.text)
                  00007406    0000000a     driverlib.lib : uart.obj (.text:UARTCharGet)
                  00007410    0000000a                   : uart.obj (.text:UARTCharPut)
                  0000741a    0000000a                   : uart.obj (.text:UARTIntStatus)
                  00007424    00000008                   : timer.obj (.text:TimerIntEnable)
                  0000742c    00000008                   : uart.obj (.text:UARTIntEnable)
                  00007434    00000008     rtsv7M4_T_le_v4SPD16_eabi.lib : errno.c.obj (.text:__aeabi_errno_addr)
                  0000743c    00000006     driverlib.lib : gpio.obj (.text:GPIOPinRead)
                  00007442    00000006                   : gpio.obj (.text:GPIOPinWrite)
                  00007448    00000006                   : sysctl.obj (.text:SysCtlDelay)
                  0000744e    00000004                   : timer.obj (.text:TimerIntClear)
                  00007452    00000004                   : uart.obj (.text:UARTIntClear)
                  00007456    00000004     rtsv7M4_T_le_v4SPD16_eabi.lib : pre_init.c.obj (.text:_system_pre_init)
                  0000745a    00000004                                   : exit.c.obj (.text:abort:abort)

.const     0    00007460    00000ebc     
                  00007460    00000bf6     inv_mpu_dmp_motion_driver.obj (.const:.string:dmp_memory)
                  00008056    00000002     --HOLE-- [fill = 0]
                  00008058    00000098     rtsv7M4_T_le_v4SPD16_eabi.lib : s_atan.c.obj (.const:$O1$$)
                  000080f0    00000090     driverlib.lib : gpio.obj (.const:g_pui32GPIOBaseAddrs)
                  00008180    00000070                   : interrupt.obj (.const)
                  000081f0    0000006c                   : sysctl.obj (.const:g_pui32Xtals)
                  0000825c    00000028     inv_mpu.obj (.const:test)
                  00008284    0000001b     inv_mpu.obj (.const:reg)
                  0000829f    00000001     --HOLE-- [fill = 0]
                  000082a0    00000012     uartstdio.obj (.const:.string)
                  000082b2    0000000c     inv_mpu_dmp_motion_driver.obj (.const:.string:$P$T4$5)
                  000082be    00000002     --HOLE-- [fill = 0]
                  000082c0    0000000c     uartstdio.obj (.const:g_ui32UARTBase)
                  000082cc    0000000c     uartstdio.obj (.const:g_ui32UARTPeriph)
                  000082d8    0000000c     inv_mpu.obj (.const:hw)
                  000082e4    0000000b     inv_mpu_dmp_motion_driver.obj (.const:.string:$P$T7$8)
                  000082ef    0000000b     inv_mpu_dmp_motion_driver.obj (.const:.string:$P$T8$9)
                  000082fa    00000009     inv_mpu_dmp_motion_driver.obj (.const:.string:$P$T5$6)
                  00008303    00000009     inv_mpu_dmp_motion_driver.obj (.const:.string:$P$T6$7)
                  0000830c    00000004     uartstdio.obj (.const)
                  00008310    00000003     inv_mpu_dmp_motion_driver.obj (.const:.string:$P$T0$1)
                  00008313    00000003     inv_mpu_dmp_motion_driver.obj (.const:.string:$P$T1$2)
                  00008316    00000003     inv_mpu_dmp_motion_driver.obj (.const:.string:$P$T2$3)
                  00008319    00000003     inv_mpu_dmp_motion_driver.obj (.const:.string:$P$T3$4)

.cinit     0    00008320    00000070     
                  00008320    00000046     (.cinit..data.load) [load image, compression = lzss]
                  00008366    00000002     --HOLE-- [fill = 0]
                  00008368    0000000c     (__TI_handler_table)
                  00008374    00000004     --HOLE-- [fill = 0]
                  00008378    00000008     (.cinit..bss.load) [load image, compression = zero_init]
                  00008380    00000010     (__TI_cinit_table)

.init_array 
*          0    00000000    00000000     UNINITIALIZED

.data      0    20000200    000000ac     UNINITIALIZED
                  20000200    0000003d     Timer.obj (.data)
                  2000023d    00000003     --HOLE--
                  20000240    0000002c     inv_mpu.obj (.data:st)
                  2000026c    00000014     main.obj (.data)
                  20000280    00000010     inv_mpu_dmp_motion_driver.obj (.data:dmp)
                  20000290    00000009     inv_mpu.obj (.data:gyro_orientation)
                  20000299    00000005     uart_echo.obj (.data)
                  2000029e    00000002     --HOLE--
                  200002a0    00000005     uartstdio.obj (.data)
                  200002a5    00000003     --HOLE--
                  200002a8    00000004     rtsv7M4_T_le_v4SPD16_eabi.lib : errno.c.obj (.data)

.bss       0    200002ac    0000005c     UNINITIALIZED
                  200002ac    00000010     (.common:ReciveData_UART0)
                  200002bc    00000010     (.common:ReciveData_UART1)
                  200002cc    00000010     (.common:ReciveData_UART2)
                  200002dc    0000000c     (.common:CharTable)
                  200002e8    00000004     (.common:CharNum)
                  200002ec    00000004     (.common:pitch)
                  200002f0    00000004     (.common:pitchStd)
                  200002f4    00000004     (.common:roll)
                  200002f8    00000004     (.common:yaw)
                  200002fc    00000002     (.common:aacx)
                  200002fe    00000002     (.common:aacy)
                  20000300    00000002     (.common:aacz)
                  20000302    00000002     (.common:gyrox)
                  20000304    00000002     (.common:gyroy)
                  20000306    00000002     (.common:gyroz)

.stack     0    20000000    00000200     UNINITIALIZED
                  20000000    00000004     rtsv7M4_T_le_v4SPD16_eabi.lib : boot_cortex_m.c.obj (.stack)
                  20000004    000001fc     --HOLE--

MODULE SUMMARY

       Module                          code    ro data   rw data
       ------                          ----    -------   -------
    .\
       main.obj                        1028    0         64     
       tm4c123gh6pm_startup_ccs.obj    12      620       0      
    +--+-------------------------------+-------+---------+---------+
       Total:                          1040    620       64     
                                                                
    .\Beep\
       Beep.obj                        36      0         0      
    +--+-------------------------------+-------+---------+---------+
       Total:                          36      0         0      
                                                                
    .\Hardware\DMP\
       inv_mpu.obj                     11012   79        53     
       inv_mpu_dmp_motion_driver.obj   4228    3126      16     
    +--+-------------------------------+-------+---------+---------+
       Total:                          15240   3205      69     
                                                                
    .\Hardware\I2C\
       I2C.obj                         832     0         0      
    +--+-------------------------------+-------+---------+---------+
       Total:                          832     0         0      
                                                                
    .\Hardware\MPU6050\
       mpu6050.obj                     700     0         0      
       mpu6050_firRefi.obj             404     0         0      
    +--+-------------------------------+-------+---------+---------+
       Total:                          1104    0         0      
                                                                
    .\Motor\
       motor.obj                       312     0         0      
    +--+-------------------------------+-------+---------+---------+
       Total:                          312     0         0      
                                                                
    .\Timer\
       Timer.obj                       936     0         61     
    +--+-------------------------------+-------+---------+---------+
       Total:                          936     0         61     
                                                                
    .\delay\
       delay.obj                       56      0         0      
    +--+-------------------------------+-------+---------+---------+
       Total:                          56      0         0      
                                                                
    .\uart\
       uart_echo.obj                   1848    0         53     
       uartstdio.obj                   1180    46        5      
    +--+-------------------------------+-------+---------+---------+
       Total:                          3028    46        58     
                                                                
    D:/ti/TivaWare_C_Series-2.1.4.178/driverlib/ccs/Debug/driverlib.lib
       sysctl.obj                      630     108       0      
       gpio.obj                        492     144       0      
       interrupt.obj                   120     112       0      
       uart.obj                        206     0         0      
       timer.obj                       164     0         0      
       fpu.obj                         32      0         0      
       cpu.obj                         12      0         0      
    +--+-------------------------------+-------+---------+---------+
       Total:                          1656    364       0      
                                                                
    D:\Project_Program\Ccs\ccsv8\tools\compiler\ti-cgt-arm_18.1.2.LTS\lib\rtsv7M4_T_le_v4SPD16_eabi.lib
       e_asin.c.obj                    984     0         0      
       s_atan.c.obj                    748     152       0      
       e_atan2.c.obj                   492     0         0      
       fd_add_t2.asm.obj               438     0         0      
       e_sqrt.c.obj                    344     0         0      
       fd_div_t2.asm.obj               310     0         0      
       fd_mul_t2.asm.obj               252     0         0      
       memcpy_t2.asm.obj               156     0         0      
       ull_div_t2.asm.obj              150     0         0      
       fd_cmp_t2.asm.obj               134     0         0      
       memset_t2.asm.obj               122     0         0      
       fd_tos_t2.asm.obj               110     0         0      
       ll_div_t2.asm.obj               110     0         0      
       copy_decompress_lzss.c.obj      104     0         0      
       fd_toi_t2.asm.obj               72      0         0      
       autoinit.c.obj                  68      0         0      
       u_divt2.asm.obj                 64      0         0      
       boot_cortex_m.c.obj             56      0         0      
       fs_tod_t2.asm.obj               56      0         0      
       i_tofd_t2.asm.obj               46      0         0      
       memcmp.c.obj                    36      0         0      
       ll_mul_t2.asm.obj               24      0         0      
       copy_zero_init.c.obj            18      0         0      
       copy_decompress_none.c.obj      14      0         0      
       errno.c.obj                     8       0         4      
       exit.c.obj                      4       0         0      
       pre_init.c.obj                  4       0         0      
       div0.asm.obj                    2       0         0      
    +--+-------------------------------+-------+---------+---------+
       Total:                          4926    152       4      
                                                                
       Stack:                          0       0         512    
       Linker Generated:               0       106       0      
    +--+-------------------------------+-------+---------+---------+
       Grand Total:                    29166   4493      768    


LINKER GENERATED COPY TABLES

__TI_cinit_table @ 00008380 records: 2, size/record: 8, table size: 16
	.data: load addr=00008320, load size=00000046 bytes, run addr=20000200, run size=000000ac bytes, compression=lzss
	.bss: load addr=00008378, load size=00000008 bytes, run addr=200002ac, run size=0000005c bytes, compression=zero_init


LINKER GENERATED HANDLER TABLE

__TI_handler_table @ 00008368 records: 3, size/record: 4, table size: 12
	index: 0, handler: __TI_decompress_lzss
	index: 1, handler: __TI_decompress_none
	index: 2, handler: __TI_zero_init


GLOBAL SYMBOLS: SORTED ALPHABETICALLY BY Name 

address   name                            
-------   ----                            
0000726d  Beep_Configure                  
20000228  Beep_Counter                    
20000224  Beep_Flag                       
2000022c  Beep_Fre                        
0000745b  C$$EXIT                         
000073ef  CPUcpsie                        
20000276  Car_Mode                        
200002e8  CharNum                         
200002dc  CharTable                       
2000026c  CountBan                        
2000021c  Counter                         
20000277  Direction_Set                   
00007379  FPUEnable                       
00007389  FPULazyStackingEnable           
20000274  FlagSend                        
20000275  Flag_Stop                       
00007243  GPIODirModeSet                  
00006733  GPIOPadConfigSet                
00006fa5  GPIOPinConfigure                
0000743d  GPIOPinRead                     
00007331  GPIOPinTypeGPIOInput            
000072d5  GPIOPinTypeGPIOOutput           
00007343  GPIOPinTypeUART                 
00007443  GPIOPinWrite                    
20000210  Height                          
0000569f  IIC_Ack                         
0000554d  IIC_Init                        
000056f3  IIC_NAck                        
000057e5  IIC_Read_Byte                   
00005747  IIC_Send_Byte                   
00005583  IIC_Start                       
000055d9  IIC_Stop                        
0000562f  IIC_Wait_Ack                    
00006e75  IntEnable                       
00007399  IntMasterEnable                 
00005dcf  MPU_Get_Accelerometer           
00005d75  MPU_Get_Gyroscope               
00005cfb  MPU_Get_Temperature             
00005c6b  MPU_Init                        
00006219  MPU_Read_Byte                   
0000625b  MPU_Read_Len                    
00005b8f  MPU_Set_Accel_Fsr               
00005b79  MPU_Set_Gyro_Fsr                
00005ba5  MPU_Set_LPF                     
00005c13  MPU_Set_Rate                    
000061d7  MPU_Write_Byte                  
000062f1  MPU_Write_Len                   
000051a5  MotorContolTimer                
000064c5  MotorInit                       
2000029b  MotorOrderDirection             
2000029c  MotorOrderDisplacement          
00006521  MotorSet                        
200002ac  ReciveData_UART0                
200002bc  ReciveData_UART1                
200002cc  ReciveData_UART2                
20000299  ReciveData_i_UART0              
2000029a  ReciveData_i_UART1              
2000029d  ReciveData_i_UART2              
000073fb  ResetISR                        
20000270  SendCount                       
20000225  Set_Low_Speed                   
20000226  Set_Low_Speed_temp              
20000230  Speed                           
00006865  SysCtlClockGet                  
00006a71  SysCtlClockSet                  
00007449  SysCtlDelay                     
000071e1  SysCtlPeripheralEnable          
00007101  SysCtlPeripheralPresent         
20000218  Time_Flag                       
0000521f  Timer0IntHandler                
00005341  Timer1IntHandler                
00006f45  TimerConfigure                  
000072ed  TimerDisable                    
000073a9  TimerEnable                     
0000744f  TimerIntClear                   
00007425  TimerIntEnable                  
00007355  TimerLoadSet                    
00003e61  UART0Send                       
00003f09  UART1IntHandler                 
000042e7  UART1Send                       
0000441d  UART2Iint                       
00004381  UART2IntHandler                 
000043e9  UART2Send                       
00007407  UARTCharGet                     
000073b7  UARTCharGetNonBlocking          
00007411  UARTCharPut                     
000073c5  UARTCharPutNonBlocking          
000073d3  UARTCharsAvail                  
00007035  UARTConfigSetExpClk             
000072b5  UARTDisable                     
0000731d  UARTEnable                      
00007453  UARTIntClear                    
0000742d  UARTIntEnable                   
00003df5  UARTIntHandler                  
0000741b  UARTIntStatus                   
0000452d  UARTStdioConfig                 
00004673  UARTgetc                        
000045b9  UARTgets                        
00004993  UARTprintf                      
00004699  UARTvprintf                     
00004573  UARTwrite                       
00003e89  Uart0Iint                       
00004329  Uart1Iint                       
20000200  __STACK_END                     
00000200  __STACK_SIZE                    
20000200  __STACK_TOP                     
00008380  __TI_CINIT_Base                 
00008390  __TI_CINIT_Limit                
00008368  __TI_Handler_Table_Base         
00008374  __TI_Handler_Table_Limit        
0000707d  __TI_auto_init_nobinit_nopinit  
00006edd  __TI_decompress_lzss            
000073e1  __TI_decompress_none            
ffffffff  __TI_pprof_out_hndl             
ffffffff  __TI_prof_data_size             
ffffffff  __TI_prof_data_start            
00000000  __TI_static_base__              
00007367  __TI_zero_init_nomemset         
00006c97  __aeabi_cdrcmple                
00006d97  __aeabi_d2f                     
00006fed  __aeabi_d2iz                    
0000602b  __aeabi_dadd                    
000065fd  __aeabi_ddiv                    
00006975  __aeabi_dmul                    
00006021  __aeabi_dsub                    
00007435  __aeabi_errno_addr              
000071a9  __aeabi_f2d                     
00007215  __aeabi_i2d                     
0000636b  __aeabi_idiv0                   
0000636b  __aeabi_ldiv0                   
00006e05  __aeabi_ldivmod                 
00007305  __aeabi_lmul                    
00006d1d  __aeabi_memclr                  
00006d1d  __aeabi_memclr4                 
00006d1d  __aeabi_memclr8                 
00006b65  __aeabi_memcpy                  
00006b65  __aeabi_memcpy4                 
00006b65  __aeabi_memcpy8                 
00006d1f  __aeabi_memset                  
00006d1f  __aeabi_memset4                 
00006d1f  __aeabi_memset8                 
000070c1  __aeabi_uidiv                   
000070c1  __aeabi_uidivmod                
00006c01  __aeabi_uldivmod                
ffffffff  __binit__                       
ffffffff  __c_args__                      
UNDEFED   __mpu_init                      
20000000  __stack                         
00007139  _c_int00_noargs                 
UNDEFED   _system_post_cinit              
00007457  _system_pre_init                
200002fc  aacx                            
200002fe  aacy                            
20000300  aacz                            
0000745b  abort                           
00004dcd  asin                            
00004dcd  asinl                           
0000588d  atan                            
00005e35  atan2                           
00005e35  atan2l                          
0000588d  atanl                           
ffffffff  binit                           
00007171  delay_ms                        
0000718b  delay_us                        
00003a63  dmp_enable_6x_lp_quat           
00003763  dmp_enable_feature              
000039d1  dmp_enable_gyro_cal             
00003a21  dmp_enable_lp_quat              
000039bd  dmp_get_enabled_features        
0000322d  dmp_get_fifo_rate               
0000364d  dmp_get_pedometer_step_count    
000036d3  dmp_get_pedometer_walk_time     
00002d71  dmp_load_motion_driver_firmware 
00003b7d  dmp_read_fifo                   
00003dcf  dmp_register_android_orient_cb  
00003dbd  dmp_register_tap_cb             
00003065  dmp_set_accel_bias              
000031ad  dmp_set_fifo_rate               
00002f0d  dmp_set_gyro_bias               
00003b1b  dmp_set_interrupt_mode          
00002d85  dmp_set_orientation             
00003699  dmp_set_pedometer_step_count    
0000371f  dmp_set_pedometer_walk_time     
0000355d  dmp_set_shake_reject_thresh     
000035b9  dmp_set_shake_reject_time       
000035fd  dmp_set_shake_reject_timeout    
0000344d  dmp_set_tap_axes                
000034a5  dmp_set_tap_count               
00003245  dmp_set_tap_thresh              
000034e9  dmp_set_tap_time                
00003521  dmp_set_tap_time_multi          
200002a8  errno                           
00000000  g_pfnVectors                    
20000302  gyrox                           
20000304  gyroy                           
20000306  gyroz                           
000082d8  hw                              
00002969  inv_orientation_matrix_to_scalar
000029d1  inv_row_2_scale                 
000049c9  main                            
00007291  memcmp                          
00006b65  memcpy                          
00006d25  memset                          
00002a51  mget_ms                         
000011a9  mpu_configure_fifo              
00002b3d  mpu_dmp_get_data                
00002a61  mpu_dmp_init                    
00000dc1  mpu_get_accel_fsr               
00000825  mpu_get_accel_reg               
00001131  mpu_get_accel_sens              
0000262f  mpu_get_compass_fsr             
0000261f  mpu_get_compass_reg             
000010af  mpu_get_compass_sample_rate     
00002605  mpu_get_dmp_state               
00001191  mpu_get_fifo_config             
00000cd7  mpu_get_gyro_fsr                
000006d9  mpu_get_gyro_reg                
000010e1  mpu_get_gyro_sens               
0000137f  mpu_get_int_status              
00000eb1  mpu_get_lpf                     
0000123b  mpu_get_power_state             
00000fd9  mpu_get_sample_rate             
00000899  mpu_get_temperature             
000003d9  mpu_init                        
00002455  mpu_load_firmware               
000005e3  mpu_lp_accel_mode               
0000264d  mpu_lp_motion_interrupt         
000013e1  mpu_read_fifo                   
00001685  mpu_read_fifo_stream            
000023bd  mpu_read_mem                    
0000037d  mpu_read_reg                    
0000030f  mpu_reg_dump                    
00000ae1  mpu_reset_fifo                  
000021cd  mpu_run_self_test               
0000094d  mpu_set_accel_bias              
00000e21  mpu_set_accel_fsr               
0000176d  mpu_set_bypass                  
000010c9  mpu_set_compass_sample_rate     
00002571  mpu_set_dmp_state               
00000d29  mpu_set_gyro_fsr                
00001909  mpu_set_int_latched             
000018f3  mpu_set_int_level               
00000f31  mpu_set_lpf                     
00000ff9  mpu_set_sample_rate             
0000126d  mpu_set_sensors                 
00002329  mpu_write_mem                   
20000278  parameter_Ang                   
2000027c  parameter_Dis                   
200002ec  pitch                           
200002f0  pitchStd                        
00008284  reg                             
200002f4  roll                            
20000220  runCounter                      
20000208  runDistance                     
20000204  runSpeed                        
20000200  runTime                         
000028bd  run_self_test                   
00002619  setup_compass                   
0000636d  sqrt                            
0000636d  sqrtl                           
20000234  t_conter                        
20000238  t_temp                          
0000825c  test                            
2000023c  timeFlag                        
200002f8  yaw                             


GLOBAL SYMBOLS: SORTED BY Symbol Address 

address   name                            
-------   ----                            
00000000  __TI_static_base__              
00000000  g_pfnVectors                    
00000200  __STACK_SIZE                    
0000030f  mpu_reg_dump                    
0000037d  mpu_read_reg                    
000003d9  mpu_init                        
000005e3  mpu_lp_accel_mode               
000006d9  mpu_get_gyro_reg                
00000825  mpu_get_accel_reg               
00000899  mpu_get_temperature             
0000094d  mpu_set_accel_bias              
00000ae1  mpu_reset_fifo                  
00000cd7  mpu_get_gyro_fsr                
00000d29  mpu_set_gyro_fsr                
00000dc1  mpu_get_accel_fsr               
00000e21  mpu_set_accel_fsr               
00000eb1  mpu_get_lpf                     
00000f31  mpu_set_lpf                     
00000fd9  mpu_get_sample_rate             
00000ff9  mpu_set_sample_rate             
000010af  mpu_get_compass_sample_rate     
000010c9  mpu_set_compass_sample_rate     
000010e1  mpu_get_gyro_sens               
00001131  mpu_get_accel_sens              
00001191  mpu_get_fifo_config             
000011a9  mpu_configure_fifo              
0000123b  mpu_get_power_state             
0000126d  mpu_set_sensors                 
0000137f  mpu_get_int_status              
000013e1  mpu_read_fifo                   
00001685  mpu_read_fifo_stream            
0000176d  mpu_set_bypass                  
000018f3  mpu_set_int_level               
00001909  mpu_set_int_latched             
000021cd  mpu_run_self_test               
00002329  mpu_write_mem                   
000023bd  mpu_read_mem                    
00002455  mpu_load_firmware               
00002571  mpu_set_dmp_state               
00002605  mpu_get_dmp_state               
00002619  setup_compass                   
0000261f  mpu_get_compass_reg             
0000262f  mpu_get_compass_fsr             
0000264d  mpu_lp_motion_interrupt         
000028bd  run_self_test                   
00002969  inv_orientation_matrix_to_scalar
000029d1  inv_row_2_scale                 
00002a51  mget_ms                         
00002a61  mpu_dmp_init                    
00002b3d  mpu_dmp_get_data                
00002d71  dmp_load_motion_driver_firmware 
00002d85  dmp_set_orientation             
00002f0d  dmp_set_gyro_bias               
00003065  dmp_set_accel_bias              
000031ad  dmp_set_fifo_rate               
0000322d  dmp_get_fifo_rate               
00003245  dmp_set_tap_thresh              
0000344d  dmp_set_tap_axes                
000034a5  dmp_set_tap_count               
000034e9  dmp_set_tap_time                
00003521  dmp_set_tap_time_multi          
0000355d  dmp_set_shake_reject_thresh     
000035b9  dmp_set_shake_reject_time       
000035fd  dmp_set_shake_reject_timeout    
0000364d  dmp_get_pedometer_step_count    
00003699  dmp_set_pedometer_step_count    
000036d3  dmp_get_pedometer_walk_time     
0000371f  dmp_set_pedometer_walk_time     
00003763  dmp_enable_feature              
000039bd  dmp_get_enabled_features        
000039d1  dmp_enable_gyro_cal             
00003a21  dmp_enable_lp_quat              
00003a63  dmp_enable_6x_lp_quat           
00003b1b  dmp_set_interrupt_mode          
00003b7d  dmp_read_fifo                   
00003dbd  dmp_register_tap_cb             
00003dcf  dmp_register_android_orient_cb  
00003df5  UARTIntHandler                  
00003e61  UART0Send                       
00003e89  Uart0Iint                       
00003f09  UART1IntHandler                 
000042e7  UART1Send                       
00004329  Uart1Iint                       
00004381  UART2IntHandler                 
000043e9  UART2Send                       
0000441d  UART2Iint                       
0000452d  UARTStdioConfig                 
00004573  UARTwrite                       
000045b9  UARTgets                        
00004673  UARTgetc                        
00004699  UARTvprintf                     
00004993  UARTprintf                      
000049c9  main                            
00004dcd  asin                            
00004dcd  asinl                           
000051a5  MotorContolTimer                
0000521f  Timer0IntHandler                
00005341  Timer1IntHandler                
0000554d  IIC_Init                        
00005583  IIC_Start                       
000055d9  IIC_Stop                        
0000562f  IIC_Wait_Ack                    
0000569f  IIC_Ack                         
000056f3  IIC_NAck                        
00005747  IIC_Send_Byte                   
000057e5  IIC_Read_Byte                   
0000588d  atan                            
0000588d  atanl                           
00005b79  MPU_Set_Gyro_Fsr                
00005b8f  MPU_Set_Accel_Fsr               
00005ba5  MPU_Set_LPF                     
00005c13  MPU_Set_Rate                    
00005c6b  MPU_Init                        
00005cfb  MPU_Get_Temperature             
00005d75  MPU_Get_Gyroscope               
00005dcf  MPU_Get_Accelerometer           
00005e35  atan2                           
00005e35  atan2l                          
00006021  __aeabi_dsub                    
0000602b  __aeabi_dadd                    
000061d7  MPU_Write_Byte                  
00006219  MPU_Read_Byte                   
0000625b  MPU_Read_Len                    
000062f1  MPU_Write_Len                   
0000636b  __aeabi_idiv0                   
0000636b  __aeabi_ldiv0                   
0000636d  sqrt                            
0000636d  sqrtl                           
000064c5  MotorInit                       
00006521  MotorSet                        
000065fd  __aeabi_ddiv                    
00006733  GPIOPadConfigSet                
00006865  SysCtlClockGet                  
00006975  __aeabi_dmul                    
00006a71  SysCtlClockSet                  
00006b65  __aeabi_memcpy                  
00006b65  __aeabi_memcpy4                 
00006b65  __aeabi_memcpy8                 
00006b65  memcpy                          
00006c01  __aeabi_uldivmod                
00006c97  __aeabi_cdrcmple                
00006d1d  __aeabi_memclr                  
00006d1d  __aeabi_memclr4                 
00006d1d  __aeabi_memclr8                 
00006d1f  __aeabi_memset                  
00006d1f  __aeabi_memset4                 
00006d1f  __aeabi_memset8                 
00006d25  memset                          
00006d97  __aeabi_d2f                     
00006e05  __aeabi_ldivmod                 
00006e75  IntEnable                       
00006edd  __TI_decompress_lzss            
00006f45  TimerConfigure                  
00006fa5  GPIOPinConfigure                
00006fed  __aeabi_d2iz                    
00007035  UARTConfigSetExpClk             
0000707d  __TI_auto_init_nobinit_nopinit  
000070c1  __aeabi_uidiv                   
000070c1  __aeabi_uidivmod                
00007101  SysCtlPeripheralPresent         
00007139  _c_int00_noargs                 
00007171  delay_ms                        
0000718b  delay_us                        
000071a9  __aeabi_f2d                     
000071e1  SysCtlPeripheralEnable          
00007215  __aeabi_i2d                     
00007243  GPIODirModeSet                  
0000726d  Beep_Configure                  
00007291  memcmp                          
000072b5  UARTDisable                     
000072d5  GPIOPinTypeGPIOOutput           
000072ed  TimerDisable                    
00007305  __aeabi_lmul                    
0000731d  UARTEnable                      
00007331  GPIOPinTypeGPIOInput            
00007343  GPIOPinTypeUART                 
00007355  TimerLoadSet                    
00007367  __TI_zero_init_nomemset         
00007379  FPUEnable                       
00007389  FPULazyStackingEnable           
00007399  IntMasterEnable                 
000073a9  TimerEnable                     
000073b7  UARTCharGetNonBlocking          
000073c5  UARTCharPutNonBlocking          
000073d3  UARTCharsAvail                  
000073e1  __TI_decompress_none            
000073ef  CPUcpsie                        
000073fb  ResetISR                        
00007407  UARTCharGet                     
00007411  UARTCharPut                     
0000741b  UARTIntStatus                   
00007425  TimerIntEnable                  
0000742d  UARTIntEnable                   
00007435  __aeabi_errno_addr              
0000743d  GPIOPinRead                     
00007443  GPIOPinWrite                    
00007449  SysCtlDelay                     
0000744f  TimerIntClear                   
00007453  UARTIntClear                    
00007457  _system_pre_init                
0000745b  C$$EXIT                         
0000745b  abort                           
0000825c  test                            
00008284  reg                             
000082d8  hw                              
00008368  __TI_Handler_Table_Base         
00008374  __TI_Handler_Table_Limit        
00008380  __TI_CINIT_Base                 
00008390  __TI_CINIT_Limit                
20000000  __stack                         
20000200  __STACK_END                     
20000200  __STACK_TOP                     
20000200  runTime                         
20000204  runSpeed                        
20000208  runDistance                     
20000210  Height                          
20000218  Time_Flag                       
2000021c  Counter                         
20000220  runCounter                      
20000224  Beep_Flag                       
20000225  Set_Low_Speed                   
20000226  Set_Low_Speed_temp              
20000228  Beep_Counter                    
2000022c  Beep_Fre                        
20000230  Speed                           
20000234  t_conter                        
20000238  t_temp                          
2000023c  timeFlag                        
2000026c  CountBan                        
20000270  SendCount                       
20000274  FlagSend                        
20000275  Flag_Stop                       
20000276  Car_Mode                        
20000277  Direction_Set                   
20000278  parameter_Ang                   
2000027c  parameter_Dis                   
20000299  ReciveData_i_UART0              
2000029a  ReciveData_i_UART1              
2000029b  MotorOrderDirection             
2000029c  MotorOrderDisplacement          
2000029d  ReciveData_i_UART2              
200002a8  errno                           
200002ac  ReciveData_UART0                
200002bc  ReciveData_UART1                
200002cc  ReciveData_UART2                
200002dc  CharTable                       
200002e8  CharNum                         
200002ec  pitch                           
200002f0  pitchStd                        
200002f4  roll                            
200002f8  yaw                             
200002fc  aacx                            
200002fe  aacy                            
20000300  aacz                            
20000302  gyrox                           
20000304  gyroy                           
20000306  gyroz                           
ffffffff  __TI_pprof_out_hndl             
ffffffff  __TI_prof_data_size             
ffffffff  __TI_prof_data_start            
ffffffff  __binit__                       
ffffffff  __c_args__                      
ffffffff  binit                           
UNDEFED   __mpu_init                      
UNDEFED   _system_post_cinit              

[265 symbols]
