******************************************************************************
                  TI ARM Linker PC v18.1.2                     
******************************************************************************
>> Linked Tue Nov 20 19:45:07 2018

OUTPUT FILE NAME:   <Balanced_Truck.out>
ENTRY POINT SYMBOL: "_c_int00_noargs"  address: 00006e7d


MEMORY CONFIGURATION

         name            origin    length      used     unused   attr    fill
----------------------  --------  ---------  --------  --------  ----  --------
  FLASH                 00000000   00040000  000080b6  00037f4a  R  X
  SRAM                  20000000   00008000  000002e8  00007d18  RW X


SEGMENT ALLOCATION MAP

run origin  load origin   length   init length attrs members
----------  ----------- ---------- ----------- ----- -------
00000000    00000000    000080c0   000080c0    r-x
  00000000    00000000    0000026c   0000026c    r-- .intvecs
  0000026c    0000026c    00006f26   00006f26    r-x .text
  00007198    00007198    00000ebc   00000ebc    r-- .const
  00008058    00008058    00000068   00000068    r-- .cinit
20000000    20000000    000002e8   00000000    rw-
  20000000    20000000    00000200   00000000    rw- .stack
  20000200    20000200    000000a0   00000000    rw- .data
  200002a0    200002a0    00000048   00000000    rw- .bss


SECTION ALLOCATION MAP

 output                                  attributes/
section   page    origin      length       input sections
--------  ----  ----------  ----------   ----------------
.intvecs   0    00000000    0000026c     
                  00000000    0000026c     tm4c123gh6pm_startup_ccs.obj (.intvecs)

.text      0    0000026c    00006f26     
                  0000026c    00002b0c     inv_mpu.obj (.text)
                  00002d78    00001084     inv_mpu_dmp_motion_driver.obj (.text)
                  00003dfc    000005f4     uart_echo.obj (.text)
                  000043f0    0000049c     uartstdio.obj (.text)
                  0000488c    000003d8     rtsv7M4_T_le_v4SPD16_eabi.lib : e_asin.c.obj (.text:asin)
                  00004c64    000003b0     main.obj (.text)
                  00005014    00000340     I2C.obj (.text)
                  00005354    000002ec     rtsv7M4_T_le_v4SPD16_eabi.lib : s_atan.c.obj (.text:atan)
                  00005640    000002c4     Timer.obj (.text)
                  00005904    000002bc     mpu6050.obj (.text)
                  00005bc0    000001ec     rtsv7M4_T_le_v4SPD16_eabi.lib : e_atan2.c.obj (.text:atan2)
                  00005dac    000001b6                                   : fd_add_t2.asm.obj (.text)
                  00005f62    00000194     mpu6050_firRefi.obj (.text)
                  000060f6    00000002     rtsv7M4_T_le_v4SPD16_eabi.lib : div0.asm.obj (.text)
                  000060f8    00000158                                   : e_sqrt.c.obj (.text:sqrt)
                  00006250    00000138     motor.obj (.text)
                  00006388    00000136     rtsv7M4_T_le_v4SPD16_eabi.lib : fd_div_t2.asm.obj (.text)
                  000064be    00000132     driverlib.lib : gpio.obj (.text:GPIOPadConfigSet)
                  000065f0    00000110                   : sysctl.obj (.text:SysCtlClockGet)
                  00006700    000000fc     rtsv7M4_T_le_v4SPD16_eabi.lib : fd_mul_t2.asm.obj (.text)
                  000067fc    000000f4     driverlib.lib : sysctl.obj (.text:SysCtlClockSet)
                  000068f0    0000009c     rtsv7M4_T_le_v4SPD16_eabi.lib : memcpy_t2.asm.obj (.text)
                  0000698c    00000096                                   : ull_div_t2.asm.obj (.text)
                  00006a22    00000086                                   : fd_cmp_t2.asm.obj (.text:__aeabi_cdrcmple)
                  00006aa8    0000007a                                   : memset_t2.asm.obj (.text)
                  00006b22    0000006e                                   : fd_tos_t2.asm.obj (.text)
                  00006b90    0000006e                                   : ll_div_t2.asm.obj (.text)
                  00006bfe    00000002     --HOLE-- [fill = 0]
                  00006c00    00000068     driverlib.lib : interrupt.obj (.text:IntEnable)
                  00006c68    00000068     rtsv7M4_T_le_v4SPD16_eabi.lib : copy_decompress_lzss.c.obj (.text:decompress:lzss:__TI_decompress_lzss)
                  00006cd0    00000060     driverlib.lib : timer.obj (.text:TimerConfigure)
                  00006d30    00000048                   : gpio.obj (.text:GPIOPinConfigure)
                  00006d78    00000046                   : uart.obj (.text:UARTConfigSetExpClk)
                  00006dbe    00000002     --HOLE-- [fill = 0]
                  00006dc0    00000044     rtsv7M4_T_le_v4SPD16_eabi.lib : autoinit.c.obj (.text:__TI_auto_init_nobinit_nopinit:__TI_auto_init_nobinit_nopinit)
                  00006e04    00000040                                   : u_divt2.asm.obj (.text)
                  00006e44    00000038     driverlib.lib : sysctl.obj (.text:SysCtlPeripheralPresent)
                  00006e7c    00000038     rtsv7M4_T_le_v4SPD16_eabi.lib : boot_cortex_m.c.obj (.text:_c_int00_noargs:_c_int00_noargs)
                  00006eb4    00000038     delay.obj (.text)
                  00006eec    00000038     rtsv7M4_T_le_v4SPD16_eabi.lib : fs_tod_t2.asm.obj (.text)
                  00006f24    00000034     driverlib.lib : sysctl.obj (.text:SysCtlPeripheralEnable)
                  00006f58    0000002e     rtsv7M4_T_le_v4SPD16_eabi.lib : i_tofd_t2.asm.obj (.text)
                  00006f86    0000002a     driverlib.lib : gpio.obj (.text:GPIODirModeSet)
                  00006fb0    00000024     Beep.obj (.text)
                  00006fd4    00000024     rtsv7M4_T_le_v4SPD16_eabi.lib : memcmp.c.obj (.text:memcmp)
                  00006ff8    00000020     driverlib.lib : uart.obj (.text:UARTDisable)
                  00007018    00000018                   : gpio.obj (.text:GPIOPinTypeGPIOOutput)
                  00007030    00000018                   : timer.obj (.text:TimerDisable)
                  00007048    00000018     rtsv7M4_T_le_v4SPD16_eabi.lib : ll_mul_t2.asm.obj (.text)
                  00007060    00000014     driverlib.lib : uart.obj (.text:UARTEnable)
                  00007074    00000012                   : gpio.obj (.text:GPIOPinTypeGPIOInput)
                  00007086    00000012                   : gpio.obj (.text:GPIOPinTypeUART)
                  00007098    00000012                   : timer.obj (.text:TimerLoadSet)
                  000070aa    00000012     rtsv7M4_T_le_v4SPD16_eabi.lib : copy_zero_init.c.obj (.text:decompress:ZI:__TI_zero_init_nomemset:__TI_zero_init_nomemset)
                  000070bc    00000010     driverlib.lib : fpu.obj (.text:FPULazyStackingEnable)
                  000070cc    00000010                   : interrupt.obj (.text:IntMasterEnable)
                  000070dc    0000000e                   : timer.obj (.text:TimerEnable)
                  000070ea    0000000e                   : uart.obj (.text:UARTCharGetNonBlocking)
                  000070f8    0000000e                   : uart.obj (.text:UARTCharPutNonBlocking)
                  00007106    0000000e                   : uart.obj (.text:UARTCharsAvail)
                  00007114    0000000e     rtsv7M4_T_le_v4SPD16_eabi.lib : copy_decompress_none.c.obj (.text:decompress:none:__TI_decompress_none)
                  00007122    0000000c     driverlib.lib : cpu.obj (.text:CPUcpsie)
                  0000712e    0000000c     tm4c123gh6pm_startup_ccs.obj (.text)
                  0000713a    0000000a     driverlib.lib : uart.obj (.text:UARTCharGet)
                  00007144    0000000a                   : uart.obj (.text:UARTCharPut)
                  0000714e    0000000a                   : uart.obj (.text:UARTIntStatus)
                  00007158    00000008                   : timer.obj (.text:TimerIntEnable)
                  00007160    00000008                   : uart.obj (.text:UARTIntEnable)
                  00007168    00000008     rtsv7M4_T_le_v4SPD16_eabi.lib : errno.c.obj (.text:__aeabi_errno_addr)
                  00007170    00000006     driverlib.lib : gpio.obj (.text:GPIOPinRead)
                  00007176    00000006                   : gpio.obj (.text:GPIOPinWrite)
                  0000717c    00000006                   : sysctl.obj (.text:SysCtlDelay)
                  00007182    00000004                   : timer.obj (.text:TimerIntClear)
                  00007186    00000004                   : uart.obj (.text:UARTIntClear)
                  0000718a    00000004     rtsv7M4_T_le_v4SPD16_eabi.lib : pre_init.c.obj (.text:_system_pre_init)
                  0000718e    00000004                                   : exit.c.obj (.text:abort:abort)

.const     0    00007198    00000ebc     
                  00007198    00000bf6     inv_mpu_dmp_motion_driver.obj (.const:.string:dmp_memory)
                  00007d8e    00000002     --HOLE-- [fill = 0]
                  00007d90    00000098     rtsv7M4_T_le_v4SPD16_eabi.lib : s_atan.c.obj (.const:$O1$$)
                  00007e28    00000090     driverlib.lib : gpio.obj (.const:g_pui32GPIOBaseAddrs)
                  00007eb8    00000070                   : interrupt.obj (.const)
                  00007f28    0000006c                   : sysctl.obj (.const:g_pui32Xtals)
                  00007f94    00000028     inv_mpu.obj (.const:test)
                  00007fbc    0000001b     inv_mpu.obj (.const:reg)
                  00007fd7    00000001     --HOLE-- [fill = 0]
                  00007fd8    00000012     uartstdio.obj (.const:.string)
                  00007fea    0000000c     inv_mpu_dmp_motion_driver.obj (.const:.string:$P$T4$5)
                  00007ff6    00000002     --HOLE-- [fill = 0]
                  00007ff8    0000000c     uartstdio.obj (.const:g_ui32UARTBase)
                  00008004    0000000c     uartstdio.obj (.const:g_ui32UARTPeriph)
                  00008010    0000000c     inv_mpu.obj (.const:hw)
                  0000801c    0000000b     inv_mpu_dmp_motion_driver.obj (.const:.string:$P$T7$8)
                  00008027    0000000b     inv_mpu_dmp_motion_driver.obj (.const:.string:$P$T8$9)
                  00008032    00000009     inv_mpu_dmp_motion_driver.obj (.const:.string:$P$T5$6)
                  0000803b    00000009     inv_mpu_dmp_motion_driver.obj (.const:.string:$P$T6$7)
                  00008044    00000004     uartstdio.obj (.const)
                  00008048    00000003     inv_mpu_dmp_motion_driver.obj (.const:.string:$P$T0$1)
                  0000804b    00000003     inv_mpu_dmp_motion_driver.obj (.const:.string:$P$T1$2)
                  0000804e    00000003     inv_mpu_dmp_motion_driver.obj (.const:.string:$P$T2$3)
                  00008051    00000003     inv_mpu_dmp_motion_driver.obj (.const:.string:$P$T3$4)

.cinit     0    00008058    00000068     
                  00008058    0000003f     (.cinit..data.load) [load image, compression = lzss]
                  00008097    00000001     --HOLE-- [fill = 0]
                  00008098    0000000c     (__TI_handler_table)
                  000080a4    00000004     --HOLE-- [fill = 0]
                  000080a8    00000008     (.cinit..bss.load) [load image, compression = zero_init]
                  000080b0    00000010     (__TI_cinit_table)

.init_array 
*          0    00000000    00000000     UNINITIALIZED

.data      0    20000200    000000a0     UNINITIALIZED
                  20000200    00000031     Timer.obj (.data)
                  20000231    00000003     --HOLE--
                  20000234    0000002c     inv_mpu.obj (.data:st)
                  20000260    00000014     main.obj (.data)
                  20000274    00000010     inv_mpu_dmp_motion_driver.obj (.data:dmp)
                  20000284    00000009     inv_mpu.obj (.data:gyro_orientation)
                  2000028d    00000003     --HOLE--
                  20000290    00000005     uartstdio.obj (.data)
                  20000295    00000003     --HOLE--
                  20000298    00000004     rtsv7M4_T_le_v4SPD16_eabi.lib : errno.c.obj (.data)
                  2000029c    00000004     uart_echo.obj (.data)

.bss       0    200002a0    00000048     UNINITIALIZED
                  200002a0    00000010     (.common:ReciveData_UART0)
                  200002b0    00000010     (.common:ReciveData_UART1)
                  200002c0    0000000c     (.common:CharTable)
                  200002cc    00000004     (.common:CharNum)
                  200002d0    00000004     (.common:pitch)
                  200002d4    00000004     (.common:roll)
                  200002d8    00000004     (.common:yaw)
                  200002dc    00000002     (.common:aacx)
                  200002de    00000002     (.common:aacy)
                  200002e0    00000002     (.common:aacz)
                  200002e2    00000002     (.common:gyrox)
                  200002e4    00000002     (.common:gyroy)
                  200002e6    00000002     (.common:gyroz)

.stack     0    20000000    00000200     UNINITIALIZED
                  20000000    00000004     rtsv7M4_T_le_v4SPD16_eabi.lib : boot_cortex_m.c.obj (.stack)
                  20000004    000001fc     --HOLE--

MODULE SUMMARY

       Module                          code    ro data   rw data
       ------                          ----    -------   -------
    .\
       main.obj                        944     0         60     
       tm4c123gh6pm_startup_ccs.obj    12      620       0      
    +--+-------------------------------+-------+---------+---------+
       Total:                          956     620       60     
                                                                
    .\Beep\
       Beep.obj                        36      0         0      
    +--+-------------------------------+-------+---------+---------+
       Total:                          36      0         0      
                                                                
    .\Hardware\DMP\
       inv_mpu.obj                     11020   79        53     
       inv_mpu_dmp_motion_driver.obj   4228    3126      16     
    +--+-------------------------------+-------+---------+---------+
       Total:                          15248   3205      69     
                                                                
    .\Hardware\I2C\
       I2C.obj                         832     0         0      
    +--+-------------------------------+-------+---------+---------+
       Total:                          832     0         0      
                                                                
    .\Hardware\MPU6050\
       mpu6050.obj                     700     0         0      
       mpu6050_firRefi.obj             404     0         0      
    +--+-------------------------------+-------+---------+---------+
       Total:                          1104    0         0      
                                                                
    .\Motor\
       motor.obj                       312     0         0      
    +--+-------------------------------+-------+---------+---------+
       Total:                          312     0         0      
                                                                
    .\Timer\
       Timer.obj                       708     0         49     
    +--+-------------------------------+-------+---------+---------+
       Total:                          708     0         49     
                                                                
    .\delay\
       delay.obj                       56      0         0      
    +--+-------------------------------+-------+---------+---------+
       Total:                          56      0         0      
                                                                
    .\uart\
       uart_echo.obj                   1524    0         36     
       uartstdio.obj                   1180    46        5      
    +--+-------------------------------+-------+---------+---------+
       Total:                          2704    46        41     
                                                                
    D:/ti/TivaWare_C_Series-2.1.4.178/driverlib/ccs/Debug/driverlib.lib
       sysctl.obj                      630     108       0      
       gpio.obj                        492     144       0      
       interrupt.obj                   120     112       0      
       uart.obj                        206     0         0      
       timer.obj                       164     0         0      
       fpu.obj                         16      0         0      
       cpu.obj                         12      0         0      
    +--+-------------------------------+-------+---------+---------+
       Total:                          1640    364       0      
                                                                
    D:\Project_Program\Ccs\ccsv8\tools\compiler\ti-cgt-arm_18.1.2.LTS\lib\rtsv7M4_T_le_v4SPD16_eabi.lib
       e_asin.c.obj                    984     0         0      
       s_atan.c.obj                    748     152       0      
       e_atan2.c.obj                   492     0         0      
       fd_add_t2.asm.obj               438     0         0      
       e_sqrt.c.obj                    344     0         0      
       fd_div_t2.asm.obj               310     0         0      
       fd_mul_t2.asm.obj               252     0         0      
       memcpy_t2.asm.obj               156     0         0      
       ull_div_t2.asm.obj              150     0         0      
       fd_cmp_t2.asm.obj               134     0         0      
       memset_t2.asm.obj               122     0         0      
       fd_tos_t2.asm.obj               110     0         0      
       ll_div_t2.asm.obj               110     0         0      
       copy_decompress_lzss.c.obj      104     0         0      
       autoinit.c.obj                  68      0         0      
       u_divt2.asm.obj                 64      0         0      
       boot_cortex_m.c.obj             56      0         0      
       fs_tod_t2.asm.obj               56      0         0      
       i_tofd_t2.asm.obj               46      0         0      
       memcmp.c.obj                    36      0         0      
       ll_mul_t2.asm.obj               24      0         0      
       copy_zero_init.c.obj            18      0         0      
       copy_decompress_none.c.obj      14      0         0      
       errno.c.obj                     8       0         4      
       exit.c.obj                      4       0         0      
       pre_init.c.obj                  4       0         0      
       div0.asm.obj                    2       0         0      
    +--+-------------------------------+-------+---------+---------+
       Total:                          4854    152       4      
                                                                
       Stack:                          0       0         512    
       Linker Generated:               0       99        0      
    +--+-------------------------------+-------+---------+---------+
       Grand Total:                    28450   4486      735    


LINKER GENERATED COPY TABLES

__TI_cinit_table @ 000080b0 records: 2, size/record: 8, table size: 16
	.data: load addr=00008058, load size=0000003f bytes, run addr=20000200, run size=000000a0 bytes, compression=lzss
	.bss: load addr=000080a8, load size=00000008 bytes, run addr=200002a0, run size=00000048 bytes, compression=zero_init


LINKER GENERATED HANDLER TABLE

__TI_handler_table @ 00008098 records: 3, size/record: 4, table size: 12
	index: 0, handler: __TI_decompress_lzss
	index: 1, handler: __TI_decompress_none
	index: 2, handler: __TI_zero_init


GLOBAL SYMBOLS: SORTED ALPHABETICALLY BY Name 

address   name                            
-------   ----                            
00006fb1  Beep_Configure                  
2000021c  Beep_Counter                    
20000218  Beep_Flag                       
20000220  Beep_Fre                        
0000718f  C$$EXIT                         
00007123  CPUcpsie                        
2000026a  Car_Mode                        
200002cc  CharNum                         
200002c0  CharTable                       
20000260  CountBan                        
20000210  Counter                         
2000026b  Direction_Set                   
000070bd  FPULazyStackingEnable           
20000268  FlagSend                        
20000269  Flag_Stop                       
00006f87  GPIODirModeSet                  
000064bf  GPIOPadConfigSet                
00006d31  GPIOPinConfigure                
00007171  GPIOPinRead                     
00007075  GPIOPinTypeGPIOInput            
00007019  GPIOPinTypeGPIOOutput           
00007087  GPIOPinTypeUART                 
00007177  GPIOPinWrite                    
00005167  IIC_Ack                         
00005015  IIC_Init                        
000051bb  IIC_NAck                        
000052ad  IIC_Read_Byte                   
0000520f  IIC_Send_Byte                   
0000504b  IIC_Start                       
000050a1  IIC_Stop                        
000050f7  IIC_Wait_Ack                    
00006c01  IntEnable                       
000070cd  IntMasterEnable                 
00005b5b  MPU_Get_Accelerometer           
00005b01  MPU_Get_Gyroscope               
00005a87  MPU_Get_Temperature             
000059f7  MPU_Init                        
00005fa5  MPU_Read_Byte                   
00005fe7  MPU_Read_Len                    
0000591b  MPU_Set_Accel_Fsr               
00005905  MPU_Set_Gyro_Fsr                
00005931  MPU_Set_LPF                     
0000599f  MPU_Set_Rate                    
00005f63  MPU_Write_Byte                  
0000607d  MPU_Write_Len                   
00005641  MotorContolTimer                
00006251  MotorInit                       
2000029e  MotorOrderDirection             
2000029f  MotorOrderDisplacement          
000062ad  MotorSet                        
200002a0  ReciveData_UART0                
200002b0  ReciveData_UART1                
2000029c  ReciveData_i_UART0              
2000029d  ReciveData_i_UART1              
0000712f  ResetISR                        
20000264  SendCount                       
20000219  Set_Low_Speed                   
2000021a  Set_Low_Speed_temp              
20000224  Speed                           
000065f1  SysCtlClockGet                  
000067fd  SysCtlClockSet                  
0000717d  SysCtlDelay                     
00006f25  SysCtlPeripheralEnable          
00006e45  SysCtlPeripheralPresent         
2000020c  Time_Flag                       
000056bb  Timer0IntHandler                
000057cf  Timer1IntHandler                
00006cd1  TimerConfigure                  
00007031  TimerDisable                    
000070dd  TimerEnable                     
00007183  TimerIntClear                   
00007159  TimerIntEnable                  
00007099  TimerLoadSet                    
00003e69  UART0Send                       
00003f11  UART1IntHandler                 
000042ef  UART1Send                       
0000713b  UARTCharGet                     
000070eb  UARTCharGetNonBlocking          
00007145  UARTCharPut                     
000070f9  UARTCharPutNonBlocking          
00007107  UARTCharsAvail                  
00006d79  UARTConfigSetExpClk             
00006ff9  UARTDisable                     
00007061  UARTEnable                      
00007187  UARTIntClear                    
00007161  UARTIntEnable                   
00003dfd  UARTIntHandler                  
0000714f  UARTIntStatus                   
000043f1  UARTStdioConfig                 
00004537  UARTgetc                        
0000447d  UARTgets                        
00004857  UARTprintf                      
0000455d  UARTvprintf                     
00004437  UARTwrite                       
00003e91  Uart0Iint                       
00004331  Uart1Iint                       
20000200  __STACK_END                     
00000200  __STACK_SIZE                    
20000200  __STACK_TOP                     
000080b0  __TI_CINIT_Base                 
000080c0  __TI_CINIT_Limit                
00008098  __TI_Handler_Table_Base         
000080a4  __TI_Handler_Table_Limit        
00006dc1  __TI_auto_init_nobinit_nopinit  
00006c69  __TI_decompress_lzss            
00007115  __TI_decompress_none            
ffffffff  __TI_pprof_out_hndl             
ffffffff  __TI_prof_data_size             
ffffffff  __TI_prof_data_start            
00000000  __TI_static_base__              
000070ab  __TI_zero_init_nomemset         
00006a23  __aeabi_cdrcmple                
00006b23  __aeabi_d2f                     
00005db7  __aeabi_dadd                    
00006389  __aeabi_ddiv                    
00006701  __aeabi_dmul                    
00005dad  __aeabi_dsub                    
00007169  __aeabi_errno_addr              
00006eed  __aeabi_f2d                     
00006f59  __aeabi_i2d                     
000060f7  __aeabi_idiv0                   
000060f7  __aeabi_ldiv0                   
00006b91  __aeabi_ldivmod                 
00007049  __aeabi_lmul                    
00006aa9  __aeabi_memclr                  
00006aa9  __aeabi_memclr4                 
00006aa9  __aeabi_memclr8                 
000068f1  __aeabi_memcpy                  
000068f1  __aeabi_memcpy4                 
000068f1  __aeabi_memcpy8                 
00006aab  __aeabi_memset                  
00006aab  __aeabi_memset4                 
00006aab  __aeabi_memset8                 
00006e05  __aeabi_uidiv                   
00006e05  __aeabi_uidivmod                
0000698d  __aeabi_uldivmod                
ffffffff  __binit__                       
ffffffff  __c_args__                      
UNDEFED   __mpu_init                      
20000000  __stack                         
00006e7d  _c_int00_noargs                 
UNDEFED   _system_post_cinit              
0000718b  _system_pre_init                
200002dc  aacx                            
200002de  aacy                            
200002e0  aacz                            
0000718f  abort                           
0000488d  asin                            
0000488d  asinl                           
00005355  atan                            
00005bc1  atan2                           
00005bc1  atan2l                          
00005355  atanl                           
ffffffff  binit                           
00006eb5  delay_ms                        
00006ecf  delay_us                        
00003a6b  dmp_enable_6x_lp_quat           
0000376b  dmp_enable_feature              
000039d9  dmp_enable_gyro_cal             
00003a29  dmp_enable_lp_quat              
000039c5  dmp_get_enabled_features        
00003235  dmp_get_fifo_rate               
00003655  dmp_get_pedometer_step_count    
000036db  dmp_get_pedometer_walk_time     
00002d79  dmp_load_motion_driver_firmware 
00003b85  dmp_read_fifo                   
00003dd7  dmp_register_android_orient_cb  
00003dc5  dmp_register_tap_cb             
0000306d  dmp_set_accel_bias              
000031b5  dmp_set_fifo_rate               
00002f15  dmp_set_gyro_bias               
00003b23  dmp_set_interrupt_mode          
00002d8d  dmp_set_orientation             
000036a1  dmp_set_pedometer_step_count    
00003727  dmp_set_pedometer_walk_time     
00003565  dmp_set_shake_reject_thresh     
000035c1  dmp_set_shake_reject_time       
00003605  dmp_set_shake_reject_timeout    
00003455  dmp_set_tap_axes                
000034ad  dmp_set_tap_count               
0000324d  dmp_set_tap_thresh              
000034f1  dmp_set_tap_time                
00003529  dmp_set_tap_time_multi          
20000298  errno                           
00000000  g_pfnVectors                    
200002e2  gyrox                           
200002e4  gyroy                           
200002e6  gyroz                           
00008010  hw                              
00002969  inv_orientation_matrix_to_scalar
000029d1  inv_row_2_scale                 
00004c65  main                            
00006fd5  memcmp                          
000068f1  memcpy                          
00006ab1  memset                          
00002a51  mget_ms                         
000011a9  mpu_configure_fifo              
00002b45  mpu_dmp_get_data                
00002a61  mpu_dmp_init                    
00000dc1  mpu_get_accel_fsr               
00000825  mpu_get_accel_reg               
00001131  mpu_get_accel_sens              
0000262f  mpu_get_compass_fsr             
0000261f  mpu_get_compass_reg             
000010af  mpu_get_compass_sample_rate     
00002605  mpu_get_dmp_state               
00001191  mpu_get_fifo_config             
00000cd7  mpu_get_gyro_fsr                
000006d9  mpu_get_gyro_reg                
000010e1  mpu_get_gyro_sens               
0000137f  mpu_get_int_status              
00000eb1  mpu_get_lpf                     
0000123b  mpu_get_power_state             
00000fd9  mpu_get_sample_rate             
00000899  mpu_get_temperature             
000003d9  mpu_init                        
00002455  mpu_load_firmware               
000005e3  mpu_lp_accel_mode               
0000264d  mpu_lp_motion_interrupt         
000013e1  mpu_read_fifo                   
00001685  mpu_read_fifo_stream            
000023bd  mpu_read_mem                    
0000037d  mpu_read_reg                    
0000030f  mpu_reg_dump                    
00000ae1  mpu_reset_fifo                  
000021cd  mpu_run_self_test               
0000094d  mpu_set_accel_bias              
00000e21  mpu_set_accel_fsr               
0000176d  mpu_set_bypass                  
000010c9  mpu_set_compass_sample_rate     
00002571  mpu_set_dmp_state               
00000d29  mpu_set_gyro_fsr                
00001909  mpu_set_int_latched             
000018f3  mpu_set_int_level               
00000f31  mpu_set_lpf                     
00000ff9  mpu_set_sample_rate             
0000126d  mpu_set_sensors                 
00002329  mpu_write_mem                   
2000026c  parameter_Ang                   
20000270  parameter_Dis                   
200002d0  pitch                           
00007fbc  reg                             
200002d4  roll                            
20000214  runCounter                      
20000208  runDistance                     
20000204  runSpeed                        
20000200  runTime                         
000028bd  run_self_test                   
00002619  setup_compass                   
000060f9  sqrt                            
000060f9  sqrtl                           
20000228  t_conter                        
2000022c  t_temp                          
00007f94  test                            
20000230  timeFlag                        
200002d8  yaw                             


GLOBAL SYMBOLS: SORTED BY Symbol Address 

address   name                            
-------   ----                            
00000000  __TI_static_base__              
00000000  g_pfnVectors                    
00000200  __STACK_SIZE                    
0000030f  mpu_reg_dump                    
0000037d  mpu_read_reg                    
000003d9  mpu_init                        
000005e3  mpu_lp_accel_mode               
000006d9  mpu_get_gyro_reg                
00000825  mpu_get_accel_reg               
00000899  mpu_get_temperature             
0000094d  mpu_set_accel_bias              
00000ae1  mpu_reset_fifo                  
00000cd7  mpu_get_gyro_fsr                
00000d29  mpu_set_gyro_fsr                
00000dc1  mpu_get_accel_fsr               
00000e21  mpu_set_accel_fsr               
00000eb1  mpu_get_lpf                     
00000f31  mpu_set_lpf                     
00000fd9  mpu_get_sample_rate             
00000ff9  mpu_set_sample_rate             
000010af  mpu_get_compass_sample_rate     
000010c9  mpu_set_compass_sample_rate     
000010e1  mpu_get_gyro_sens               
00001131  mpu_get_accel_sens              
00001191  mpu_get_fifo_config             
000011a9  mpu_configure_fifo              
0000123b  mpu_get_power_state             
0000126d  mpu_set_sensors                 
0000137f  mpu_get_int_status              
000013e1  mpu_read_fifo                   
00001685  mpu_read_fifo_stream            
0000176d  mpu_set_bypass                  
000018f3  mpu_set_int_level               
00001909  mpu_set_int_latched             
000021cd  mpu_run_self_test               
00002329  mpu_write_mem                   
000023bd  mpu_read_mem                    
00002455  mpu_load_firmware               
00002571  mpu_set_dmp_state               
00002605  mpu_get_dmp_state               
00002619  setup_compass                   
0000261f  mpu_get_compass_reg             
0000262f  mpu_get_compass_fsr             
0000264d  mpu_lp_motion_interrupt         
000028bd  run_self_test                   
00002969  inv_orientation_matrix_to_scalar
000029d1  inv_row_2_scale                 
00002a51  mget_ms                         
00002a61  mpu_dmp_init                    
00002b45  mpu_dmp_get_data                
00002d79  dmp_load_motion_driver_firmware 
00002d8d  dmp_set_orientation             
00002f15  dmp_set_gyro_bias               
0000306d  dmp_set_accel_bias              
000031b5  dmp_set_fifo_rate               
00003235  dmp_get_fifo_rate               
0000324d  dmp_set_tap_thresh              
00003455  dmp_set_tap_axes                
000034ad  dmp_set_tap_count               
000034f1  dmp_set_tap_time                
00003529  dmp_set_tap_time_multi          
00003565  dmp_set_shake_reject_thresh     
000035c1  dmp_set_shake_reject_time       
00003605  dmp_set_shake_reject_timeout    
00003655  dmp_get_pedometer_step_count    
000036a1  dmp_set_pedometer_step_count    
000036db  dmp_get_pedometer_walk_time     
00003727  dmp_set_pedometer_walk_time     
0000376b  dmp_enable_feature              
000039c5  dmp_get_enabled_features        
000039d9  dmp_enable_gyro_cal             
00003a29  dmp_enable_lp_quat              
00003a6b  dmp_enable_6x_lp_quat           
00003b23  dmp_set_interrupt_mode          
00003b85  dmp_read_fifo                   
00003dc5  dmp_register_tap_cb             
00003dd7  dmp_register_android_orient_cb  
00003dfd  UARTIntHandler                  
00003e69  UART0Send                       
00003e91  Uart0Iint                       
00003f11  UART1IntHandler                 
000042ef  UART1Send                       
00004331  Uart1Iint                       
000043f1  UARTStdioConfig                 
00004437  UARTwrite                       
0000447d  UARTgets                        
00004537  UARTgetc                        
0000455d  UARTvprintf                     
00004857  UARTprintf                      
0000488d  asin                            
0000488d  asinl                           
00004c65  main                            
00005015  IIC_Init                        
0000504b  IIC_Start                       
000050a1  IIC_Stop                        
000050f7  IIC_Wait_Ack                    
00005167  IIC_Ack                         
000051bb  IIC_NAck                        
0000520f  IIC_Send_Byte                   
000052ad  IIC_Read_Byte                   
00005355  atan                            
00005355  atanl                           
00005641  MotorContolTimer                
000056bb  Timer0IntHandler                
000057cf  Timer1IntHandler                
00005905  MPU_Set_Gyro_Fsr                
0000591b  MPU_Set_Accel_Fsr               
00005931  MPU_Set_LPF                     
0000599f  MPU_Set_Rate                    
000059f7  MPU_Init                        
00005a87  MPU_Get_Temperature             
00005b01  MPU_Get_Gyroscope               
00005b5b  MPU_Get_Accelerometer           
00005bc1  atan2                           
00005bc1  atan2l                          
00005dad  __aeabi_dsub                    
00005db7  __aeabi_dadd                    
00005f63  MPU_Write_Byte                  
00005fa5  MPU_Read_Byte                   
00005fe7  MPU_Read_Len                    
0000607d  MPU_Write_Len                   
000060f7  __aeabi_idiv0                   
000060f7  __aeabi_ldiv0                   
000060f9  sqrt                            
000060f9  sqrtl                           
00006251  MotorInit                       
000062ad  MotorSet                        
00006389  __aeabi_ddiv                    
000064bf  GPIOPadConfigSet                
000065f1  SysCtlClockGet                  
00006701  __aeabi_dmul                    
000067fd  SysCtlClockSet                  
000068f1  __aeabi_memcpy                  
000068f1  __aeabi_memcpy4                 
000068f1  __aeabi_memcpy8                 
000068f1  memcpy                          
0000698d  __aeabi_uldivmod                
00006a23  __aeabi_cdrcmple                
00006aa9  __aeabi_memclr                  
00006aa9  __aeabi_memclr4                 
00006aa9  __aeabi_memclr8                 
00006aab  __aeabi_memset                  
00006aab  __aeabi_memset4                 
00006aab  __aeabi_memset8                 
00006ab1  memset                          
00006b23  __aeabi_d2f                     
00006b91  __aeabi_ldivmod                 
00006c01  IntEnable                       
00006c69  __TI_decompress_lzss            
00006cd1  TimerConfigure                  
00006d31  GPIOPinConfigure                
00006d79  UARTConfigSetExpClk             
00006dc1  __TI_auto_init_nobinit_nopinit  
00006e05  __aeabi_uidiv                   
00006e05  __aeabi_uidivmod                
00006e45  SysCtlPeripheralPresent         
00006e7d  _c_int00_noargs                 
00006eb5  delay_ms                        
00006ecf  delay_us                        
00006eed  __aeabi_f2d                     
00006f25  SysCtlPeripheralEnable          
00006f59  __aeabi_i2d                     
00006f87  GPIODirModeSet                  
00006fb1  Beep_Configure                  
00006fd5  memcmp                          
00006ff9  UARTDisable                     
00007019  GPIOPinTypeGPIOOutput           
00007031  TimerDisable                    
00007049  __aeabi_lmul                    
00007061  UARTEnable                      
00007075  GPIOPinTypeGPIOInput            
00007087  GPIOPinTypeUART                 
00007099  TimerLoadSet                    
000070ab  __TI_zero_init_nomemset         
000070bd  FPULazyStackingEnable           
000070cd  IntMasterEnable                 
000070dd  TimerEnable                     
000070eb  UARTCharGetNonBlocking          
000070f9  UARTCharPutNonBlocking          
00007107  UARTCharsAvail                  
00007115  __TI_decompress_none            
00007123  CPUcpsie                        
0000712f  ResetISR                        
0000713b  UARTCharGet                     
00007145  UARTCharPut                     
0000714f  UARTIntStatus                   
00007159  TimerIntEnable                  
00007161  UARTIntEnable                   
00007169  __aeabi_errno_addr              
00007171  GPIOPinRead                     
00007177  GPIOPinWrite                    
0000717d  SysCtlDelay                     
00007183  TimerIntClear                   
00007187  UARTIntClear                    
0000718b  _system_pre_init                
0000718f  C$$EXIT                         
0000718f  abort                           
00007f94  test                            
00007fbc  reg                             
00008010  hw                              
00008098  __TI_Handler_Table_Base         
000080a4  __TI_Handler_Table_Limit        
000080b0  __TI_CINIT_Base                 
000080c0  __TI_CINIT_Limit                
20000000  __stack                         
20000200  __STACK_END                     
20000200  __STACK_TOP                     
20000200  runTime                         
20000204  runSpeed                        
20000208  runDistance                     
2000020c  Time_Flag                       
20000210  Counter                         
20000214  runCounter                      
20000218  Beep_Flag                       
20000219  Set_Low_Speed                   
2000021a  Set_Low_Speed_temp              
2000021c  Beep_Counter                    
20000220  Beep_Fre                        
20000224  Speed                           
20000228  t_conter                        
2000022c  t_temp                          
20000230  timeFlag                        
20000260  CountBan                        
20000264  SendCount                       
20000268  FlagSend                        
20000269  Flag_Stop                       
2000026a  Car_Mode                        
2000026b  Direction_Set                   
2000026c  parameter_Ang                   
20000270  parameter_Dis                   
20000298  errno                           
2000029c  ReciveData_i_UART0              
2000029d  ReciveData_i_UART1              
2000029e  MotorOrderDirection             
2000029f  MotorOrderDisplacement          
200002a0  ReciveData_UART0                
200002b0  ReciveData_UART1                
200002c0  CharTable                       
200002cc  CharNum                         
200002d0  pitch                           
200002d4  roll                            
200002d8  yaw                             
200002dc  aacx                            
200002de  aacy                            
200002e0  aacz                            
200002e2  gyrox                           
200002e4  gyroy                           
200002e6  gyroz                           
ffffffff  __TI_pprof_out_hndl             
ffffffff  __TI_prof_data_size             
ffffffff  __TI_prof_data_start            
ffffffff  __binit__                       
ffffffff  __c_args__                      
ffffffff  binit                           
UNDEFED   __mpu_init                      
UNDEFED   _system_post_cinit              

[256 symbols]
