<?xml version="1.0" encoding="ISO-8859-1" ?>
<link_info>
   <banner>TI ARM Linker PC v18.1.2.LTS</banner>
   <copyright>Copyright (c) 1996-2017 Texas Instruments Incorporated</copyright>
   <link_time>0x5bf19a65</link_time>
   <link_errors>0x0</link_errors>
   <output_file>Balanced_Truck.out</output_file>
   <entry_point>
      <name>_c_int00_noargs</name>
      <address>0x6fc5</address>
   </entry_point>
   <input_file_list>
      <input_file id="fl-2">
         <path>.\</path>
         <kind>object</kind>
         <file>main.obj</file>
         <name>main.obj</name>
      </input_file>
      <input_file id="fl-3">
         <path>.\</path>
         <kind>object</kind>
         <file>tm4c123gh6pm_startup_ccs.obj</file>
         <name>tm4c123gh6pm_startup_ccs.obj</name>
      </input_file>
      <input_file id="fl-4">
         <path>.\Beep\</path>
         <kind>object</kind>
         <file>Beep.obj</file>
         <name>Beep.obj</name>
      </input_file>
      <input_file id="fl-5">
         <path>.\Hardware\DMP\</path>
         <kind>object</kind>
         <file>inv_mpu.obj</file>
         <name>inv_mpu.obj</name>
      </input_file>
      <input_file id="fl-6">
         <path>.\Hardware\DMP\</path>
         <kind>object</kind>
         <file>inv_mpu_dmp_motion_driver.obj</file>
         <name>inv_mpu_dmp_motion_driver.obj</name>
      </input_file>
      <input_file id="fl-7">
         <path>.\Hardware\I2C\</path>
         <kind>object</kind>
         <file>I2C.obj</file>
         <name>I2C.obj</name>
      </input_file>
      <input_file id="fl-8">
         <path>.\Hardware\MPU6050\</path>
         <kind>object</kind>
         <file>mpu6050.obj</file>
         <name>mpu6050.obj</name>
      </input_file>
      <input_file id="fl-9">
         <path>.\Hardware\MPU6050\</path>
         <kind>object</kind>
         <file>mpu6050_firRefi.obj</file>
         <name>mpu6050_firRefi.obj</name>
      </input_file>
      <input_file id="fl-a">
         <path>.\Hardware\Sys\</path>
         <kind>object</kind>
         <file>sys.obj</file>
         <name>sys.obj</name>
      </input_file>
      <input_file id="fl-b">
         <path>.\Motor\</path>
         <kind>object</kind>
         <file>motor.obj</file>
         <name>motor.obj</name>
      </input_file>
      <input_file id="fl-c">
         <path>.\Pwm\</path>
         <kind>object</kind>
         <file>pwm.obj</file>
         <name>pwm.obj</name>
      </input_file>
      <input_file id="fl-d">
         <path>.\Timer\</path>
         <kind>object</kind>
         <file>Timer.obj</file>
         <name>Timer.obj</name>
      </input_file>
      <input_file id="fl-e">
         <path>.\colorful_LED\</path>
         <kind>object</kind>
         <file>colorful_LED.obj</file>
         <name>colorful_LED.obj</name>
      </input_file>
      <input_file id="fl-f">
         <path>.\delay\</path>
         <kind>object</kind>
         <file>delay.obj</file>
         <name>delay.obj</name>
      </input_file>
      <input_file id="fl-10">
         <path>.\key\</path>
         <kind>object</kind>
         <file>key.obj</file>
         <name>key.obj</name>
      </input_file>
      <input_file id="fl-11">
         <path>.\led\</path>
         <kind>object</kind>
         <file>led.obj</file>
         <name>led.obj</name>
      </input_file>
      <input_file id="fl-12">
         <path>.\uart\</path>
         <kind>object</kind>
         <file>uart_echo.obj</file>
         <name>uart_echo.obj</name>
      </input_file>
      <input_file id="fl-13">
         <path>.\uart\</path>
         <kind>object</kind>
         <file>uartstdio.obj</file>
         <name>uartstdio.obj</name>
      </input_file>
      <input_file id="fl-18">
         <kind>object</kind>
         <file>&lt;internal&gt;</file>
         <name>&lt;internal&gt;</name>
      </input_file>
      <input_file id="fl-19">
         <path>D:\ti\TivaWare_C_Series-2.1.4.178\driverlib\ccs\Debug\</path>
         <kind>archive</kind>
         <file>driverlib.lib</file>
         <name>fpu.obj</name>
      </input_file>
      <input_file id="fl-1a">
         <path>D:\ti\TivaWare_C_Series-2.1.4.178\driverlib\ccs\Debug\</path>
         <kind>archive</kind>
         <file>driverlib.lib</file>
         <name>gpio.obj</name>
      </input_file>
      <input_file id="fl-1b">
         <path>D:\ti\TivaWare_C_Series-2.1.4.178\driverlib\ccs\Debug\</path>
         <kind>archive</kind>
         <file>driverlib.lib</file>
         <name>interrupt.obj</name>
      </input_file>
      <input_file id="fl-1c">
         <path>D:\ti\TivaWare_C_Series-2.1.4.178\driverlib\ccs\Debug\</path>
         <kind>archive</kind>
         <file>driverlib.lib</file>
         <name>pwm.obj</name>
      </input_file>
      <input_file id="fl-1d">
         <path>D:\ti\TivaWare_C_Series-2.1.4.178\driverlib\ccs\Debug\</path>
         <kind>archive</kind>
         <file>driverlib.lib</file>
         <name>sysctl.obj</name>
      </input_file>
      <input_file id="fl-1e">
         <path>D:\ti\TivaWare_C_Series-2.1.4.178\driverlib\ccs\Debug\</path>
         <kind>archive</kind>
         <file>driverlib.lib</file>
         <name>timer.obj</name>
      </input_file>
      <input_file id="fl-1f">
         <path>D:\ti\TivaWare_C_Series-2.1.4.178\driverlib\ccs\Debug\</path>
         <kind>archive</kind>
         <file>driverlib.lib</file>
         <name>uart.obj</name>
      </input_file>
      <input_file id="fl-20">
         <path>D:\ti\TivaWare_C_Series-2.1.4.178\driverlib\ccs\Debug\</path>
         <kind>archive</kind>
         <file>driverlib.lib</file>
         <name>cpu.obj</name>
      </input_file>
      <input_file id="fl-d6">
         <path>D:\Project_Program\Ccs\ccsv8\tools\compiler\ti-cgt-arm_18.1.2.LTS\lib\</path>
         <kind>archive</kind>
         <file>rtsv7M4_T_le_v4SPD16_eabi.lib</file>
         <name>e_asin.c.obj</name>
      </input_file>
      <input_file id="fl-d7">
         <path>D:\Project_Program\Ccs\ccsv8\tools\compiler\ti-cgt-arm_18.1.2.LTS\lib\</path>
         <kind>archive</kind>
         <file>rtsv7M4_T_le_v4SPD16_eabi.lib</file>
         <name>e_atan2.c.obj</name>
      </input_file>
      <input_file id="fl-d8">
         <path>D:\Project_Program\Ccs\ccsv8\tools\compiler\ti-cgt-arm_18.1.2.LTS\lib\</path>
         <kind>archive</kind>
         <file>rtsv7M4_T_le_v4SPD16_eabi.lib</file>
         <name>e_sqrt.c.obj</name>
      </input_file>
      <input_file id="fl-d9">
         <path>D:\Project_Program\Ccs\ccsv8\tools\compiler\ti-cgt-arm_18.1.2.LTS\lib\</path>
         <kind>archive</kind>
         <file>rtsv7M4_T_le_v4SPD16_eabi.lib</file>
         <name>s_atan.c.obj</name>
      </input_file>
      <input_file id="fl-da">
         <path>D:\Project_Program\Ccs\ccsv8\tools\compiler\ti-cgt-arm_18.1.2.LTS\lib\</path>
         <kind>archive</kind>
         <file>rtsv7M4_T_le_v4SPD16_eabi.lib</file>
         <name>u_divt2.asm.obj</name>
      </input_file>
      <input_file id="fl-db">
         <path>D:\Project_Program\Ccs\ccsv8\tools\compiler\ti-cgt-arm_18.1.2.LTS\lib\</path>
         <kind>archive</kind>
         <file>rtsv7M4_T_le_v4SPD16_eabi.lib</file>
         <name>memset_t2.asm.obj</name>
      </input_file>
      <input_file id="fl-dc">
         <path>D:\Project_Program\Ccs\ccsv8\tools\compiler\ti-cgt-arm_18.1.2.LTS\lib\</path>
         <kind>archive</kind>
         <file>rtsv7M4_T_le_v4SPD16_eabi.lib</file>
         <name>fd_add_t2.asm.obj</name>
      </input_file>
      <input_file id="fl-dd">
         <path>D:\Project_Program\Ccs\ccsv8\tools\compiler\ti-cgt-arm_18.1.2.LTS\lib\</path>
         <kind>archive</kind>
         <file>rtsv7M4_T_le_v4SPD16_eabi.lib</file>
         <name>fd_cmp_t2.asm.obj</name>
      </input_file>
      <input_file id="fl-de">
         <path>D:\Project_Program\Ccs\ccsv8\tools\compiler\ti-cgt-arm_18.1.2.LTS\lib\</path>
         <kind>archive</kind>
         <file>rtsv7M4_T_le_v4SPD16_eabi.lib</file>
         <name>fd_div_t2.asm.obj</name>
      </input_file>
      <input_file id="fl-df">
         <path>D:\Project_Program\Ccs\ccsv8\tools\compiler\ti-cgt-arm_18.1.2.LTS\lib\</path>
         <kind>archive</kind>
         <file>rtsv7M4_T_le_v4SPD16_eabi.lib</file>
         <name>fd_mul_t2.asm.obj</name>
      </input_file>
      <input_file id="fl-e0">
         <path>D:\Project_Program\Ccs\ccsv8\tools\compiler\ti-cgt-arm_18.1.2.LTS\lib\</path>
         <kind>archive</kind>
         <file>rtsv7M4_T_le_v4SPD16_eabi.lib</file>
         <name>fd_toi_t2.asm.obj</name>
      </input_file>
      <input_file id="fl-e1">
         <path>D:\Project_Program\Ccs\ccsv8\tools\compiler\ti-cgt-arm_18.1.2.LTS\lib\</path>
         <kind>archive</kind>
         <file>rtsv7M4_T_le_v4SPD16_eabi.lib</file>
         <name>fd_tos_t2.asm.obj</name>
      </input_file>
      <input_file id="fl-e2">
         <path>D:\Project_Program\Ccs\ccsv8\tools\compiler\ti-cgt-arm_18.1.2.LTS\lib\</path>
         <kind>archive</kind>
         <file>rtsv7M4_T_le_v4SPD16_eabi.lib</file>
         <name>fs_tod_t2.asm.obj</name>
      </input_file>
      <input_file id="fl-e3">
         <path>D:\Project_Program\Ccs\ccsv8\tools\compiler\ti-cgt-arm_18.1.2.LTS\lib\</path>
         <kind>archive</kind>
         <file>rtsv7M4_T_le_v4SPD16_eabi.lib</file>
         <name>i_tofd_t2.asm.obj</name>
      </input_file>
      <input_file id="fl-e4">
         <path>D:\Project_Program\Ccs\ccsv8\tools\compiler\ti-cgt-arm_18.1.2.LTS\lib\</path>
         <kind>archive</kind>
         <file>rtsv7M4_T_le_v4SPD16_eabi.lib</file>
         <name>ll_mul_t2.asm.obj</name>
      </input_file>
      <input_file id="fl-e5">
         <path>D:\Project_Program\Ccs\ccsv8\tools\compiler\ti-cgt-arm_18.1.2.LTS\lib\</path>
         <kind>archive</kind>
         <file>rtsv7M4_T_le_v4SPD16_eabi.lib</file>
         <name>memcpy_t2.asm.obj</name>
      </input_file>
      <input_file id="fl-e6">
         <path>D:\Project_Program\Ccs\ccsv8\tools\compiler\ti-cgt-arm_18.1.2.LTS\lib\</path>
         <kind>archive</kind>
         <file>rtsv7M4_T_le_v4SPD16_eabi.lib</file>
         <name>u_tofd_t2.asm.obj</name>
      </input_file>
      <input_file id="fl-e7">
         <path>D:\Project_Program\Ccs\ccsv8\tools\compiler\ti-cgt-arm_18.1.2.LTS\lib\</path>
         <kind>archive</kind>
         <file>rtsv7M4_T_le_v4SPD16_eabi.lib</file>
         <name>ll_div_t2.asm.obj</name>
      </input_file>
      <input_file id="fl-e8">
         <path>D:\Project_Program\Ccs\ccsv8\tools\compiler\ti-cgt-arm_18.1.2.LTS\lib\</path>
         <kind>archive</kind>
         <file>rtsv7M4_T_le_v4SPD16_eabi.lib</file>
         <name>ull_div_t2.asm.obj</name>
      </input_file>
      <input_file id="fl-e9">
         <path>D:\Project_Program\Ccs\ccsv8\tools\compiler\ti-cgt-arm_18.1.2.LTS\lib\</path>
         <kind>archive</kind>
         <file>rtsv7M4_T_le_v4SPD16_eabi.lib</file>
         <name>copy_zero_init.c.obj</name>
      </input_file>
      <input_file id="fl-ea">
         <path>D:\Project_Program\Ccs\ccsv8\tools\compiler\ti-cgt-arm_18.1.2.LTS\lib\</path>
         <kind>archive</kind>
         <file>rtsv7M4_T_le_v4SPD16_eabi.lib</file>
         <name>copy_decompress_none.c.obj</name>
      </input_file>
      <input_file id="fl-eb">
         <path>D:\Project_Program\Ccs\ccsv8\tools\compiler\ti-cgt-arm_18.1.2.LTS\lib\</path>
         <kind>archive</kind>
         <file>rtsv7M4_T_le_v4SPD16_eabi.lib</file>
         <name>copy_decompress_lzss.c.obj</name>
      </input_file>
      <input_file id="fl-ec">
         <path>D:\Project_Program\Ccs\ccsv8\tools\compiler\ti-cgt-arm_18.1.2.LTS\lib\</path>
         <kind>archive</kind>
         <file>rtsv7M4_T_le_v4SPD16_eabi.lib</file>
         <name>boot_cortex_m.c.obj</name>
      </input_file>
      <input_file id="fl-ed">
         <path>D:\Project_Program\Ccs\ccsv8\tools\compiler\ti-cgt-arm_18.1.2.LTS\lib\</path>
         <kind>archive</kind>
         <file>rtsv7M4_T_le_v4SPD16_eabi.lib</file>
         <name>errno.c.obj</name>
      </input_file>
      <input_file id="fl-ee">
         <path>D:\Project_Program\Ccs\ccsv8\tools\compiler\ti-cgt-arm_18.1.2.LTS\lib\</path>
         <kind>archive</kind>
         <file>rtsv7M4_T_le_v4SPD16_eabi.lib</file>
         <name>exit.c.obj</name>
      </input_file>
      <input_file id="fl-ef">
         <path>D:\Project_Program\Ccs\ccsv8\tools\compiler\ti-cgt-arm_18.1.2.LTS\lib\</path>
         <kind>archive</kind>
         <file>rtsv7M4_T_le_v4SPD16_eabi.lib</file>
         <name>_lock.c.obj</name>
      </input_file>
      <input_file id="fl-f0">
         <path>D:\Project_Program\Ccs\ccsv8\tools\compiler\ti-cgt-arm_18.1.2.LTS\lib\</path>
         <kind>archive</kind>
         <file>rtsv7M4_T_le_v4SPD16_eabi.lib</file>
         <name>args_main.c.obj</name>
      </input_file>
      <input_file id="fl-f1">
         <path>D:\Project_Program\Ccs\ccsv8\tools\compiler\ti-cgt-arm_18.1.2.LTS\lib\</path>
         <kind>archive</kind>
         <file>rtsv7M4_T_le_v4SPD16_eabi.lib</file>
         <name>memcmp.c.obj</name>
      </input_file>
      <input_file id="fl-f2">
         <path>D:\Project_Program\Ccs\ccsv8\tools\compiler\ti-cgt-arm_18.1.2.LTS\lib\</path>
         <kind>archive</kind>
         <file>rtsv7M4_T_le_v4SPD16_eabi.lib</file>
         <name>div0.asm.obj</name>
      </input_file>
      <input_file id="fl-f3">
         <path>D:\Project_Program\Ccs\ccsv8\tools\compiler\ti-cgt-arm_18.1.2.LTS\lib\</path>
         <kind>archive</kind>
         <file>rtsv7M4_T_le_v4SPD16_eabi.lib</file>
         <name>autoinit.c.obj</name>
      </input_file>
      <input_file id="fl-f4">
         <path>D:\Project_Program\Ccs\ccsv8\tools\compiler\ti-cgt-arm_18.1.2.LTS\lib\</path>
         <kind>archive</kind>
         <file>rtsv7M4_T_le_v4SPD16_eabi.lib</file>
         <name>pre_init.c.obj</name>
      </input_file>
      <input_file id="fl-f5">
         <path>D:\Project_Program\Ccs\ccsv8\tools\compiler\ti-cgt-arm_18.1.2.LTS\lib\</path>
         <kind>archive</kind>
         <file>rtsv7M4_T_le_v4SPD16_eabi.lib</file>
         <name>cpy_tbl.c.obj</name>
      </input_file>
   </input_file_list>
   <object_component_list>
      <object_component id="oc-f">
         <name>.intvecs</name>
         <load_address>0x0</load_address>
         <run_address>0x0</run_address>
         <size>0x26c</size>
         <input_file_ref idref="fl-3"/>
      </object_component>
      <object_component id="oc-229">
         <name>.text</name>
         <load_address>0x26c</load_address>
         <run_address>0x26c</run_address>
         <size>0x2b0c</size>
         <input_file_ref idref="fl-5"/>
      </object_component>
      <object_component id="oc-2ce">
         <name>.text</name>
         <load_address>0x2d78</load_address>
         <run_address>0x2d78</run_address>
         <size>0x1084</size>
         <input_file_ref idref="fl-6"/>
      </object_component>
      <object_component id="oc-2a">
         <name>.text</name>
         <load_address>0x3dfc</load_address>
         <run_address>0x3dfc</run_address>
         <size>0x610</size>
         <input_file_ref idref="fl-12"/>
      </object_component>
      <object_component id="oc-14a">
         <name>.text</name>
         <load_address>0x440c</load_address>
         <run_address>0x440c</run_address>
         <size>0x4c0</size>
         <input_file_ref idref="fl-2"/>
      </object_component>
      <object_component id="oc-ed">
         <name>.text</name>
         <load_address>0x48cc</load_address>
         <run_address>0x48cc</run_address>
         <size>0x49c</size>
         <input_file_ref idref="fl-13"/>
      </object_component>
      <object_component id="oc-2da">
         <name>.text:asin</name>
         <load_address>0x4d68</load_address>
         <run_address>0x4d68</run_address>
         <size>0x3d8</size>
         <input_file_ref idref="fl-d6"/>
      </object_component>
      <object_component id="oc-2d4">
         <name>.text</name>
         <load_address>0x5140</load_address>
         <run_address>0x5140</run_address>
         <size>0x340</size>
         <input_file_ref idref="fl-7"/>
      </object_component>
      <object_component id="oc-379">
         <name>.text:atan</name>
         <load_address>0x5480</load_address>
         <run_address>0x5480</run_address>
         <size>0x2ec</size>
         <input_file_ref idref="fl-d9"/>
      </object_component>
      <object_component id="oc-22f">
         <name>.text</name>
         <load_address>0x576c</load_address>
         <run_address>0x576c</run_address>
         <size>0x2bc</size>
         <input_file_ref idref="fl-8"/>
      </object_component>
      <object_component id="oc-30">
         <name>.text</name>
         <load_address>0x5a28</load_address>
         <run_address>0x5a28</run_address>
         <size>0x298</size>
         <input_file_ref idref="fl-d"/>
      </object_component>
      <object_component id="oc-2e5">
         <name>.text:atan2</name>
         <load_address>0x5cc0</load_address>
         <run_address>0x5cc0</run_address>
         <size>0x1ec</size>
         <input_file_ref idref="fl-d7"/>
      </object_component>
      <object_component id="oc-e3">
         <name>.text</name>
         <load_address>0x5eac</load_address>
         <run_address>0x5eac</run_address>
         <size>0x1b6</size>
         <input_file_ref idref="fl-dc"/>
      </object_component>
      <object_component id="oc-2b7">
         <name>.text</name>
         <load_address>0x6062</load_address>
         <run_address>0x6062</run_address>
         <size>0x194</size>
         <input_file_ref idref="fl-9"/>
      </object_component>
      <object_component id="oc-2a2">
         <name>.text</name>
         <load_address>0x61f6</load_address>
         <run_address>0x61f6</run_address>
         <size>0x2</size>
         <input_file_ref idref="fl-f2"/>
      </object_component>
      <object_component id="oc-360">
         <name>.text:sqrt</name>
         <load_address>0x61f8</load_address>
         <run_address>0x61f8</run_address>
         <size>0x158</size>
         <input_file_ref idref="fl-d8"/>
      </object_component>
      <object_component id="oc-20b">
         <name>.text</name>
         <load_address>0x6350</load_address>
         <run_address>0x6350</run_address>
         <size>0x138</size>
         <input_file_ref idref="fl-b"/>
      </object_component>
      <object_component id="oc-117">
         <name>.text</name>
         <load_address>0x6488</load_address>
         <run_address>0x6488</run_address>
         <size>0x136</size>
         <input_file_ref idref="fl-de"/>
      </object_component>
      <object_component id="oc-185">
         <name>.text:GPIOPadConfigSet</name>
         <load_address>0x65be</load_address>
         <run_address>0x65be</run_address>
         <size>0x132</size>
         <input_file_ref idref="fl-1a"/>
      </object_component>
      <object_component id="oc-8f">
         <name>.text:SysCtlClockGet</name>
         <load_address>0x66f0</load_address>
         <run_address>0x66f0</run_address>
         <size>0x110</size>
         <input_file_ref idref="fl-1d"/>
      </object_component>
      <object_component id="oc-2e0">
         <name>.text</name>
         <load_address>0x6800</load_address>
         <run_address>0x6800</run_address>
         <size>0xfc</size>
         <input_file_ref idref="fl-df"/>
      </object_component>
      <object_component id="oc-1ff">
         <name>.text:SysCtlClockSet</name>
         <load_address>0x68fc</load_address>
         <run_address>0x68fc</run_address>
         <size>0xf4</size>
         <input_file_ref idref="fl-1d"/>
      </object_component>
      <object_component id="oc-44">
         <name>.text</name>
         <load_address>0x69f0</load_address>
         <run_address>0x69f0</run_address>
         <size>0x9c</size>
         <input_file_ref idref="fl-e5"/>
      </object_component>
      <object_component id="oc-329">
         <name>.text</name>
         <load_address>0x6a8c</load_address>
         <run_address>0x6a8c</run_address>
         <size>0x96</size>
         <input_file_ref idref="fl-e8"/>
      </object_component>
      <object_component id="oc-366">
         <name>.text:__aeabi_cdrcmple</name>
         <load_address>0x6b22</load_address>
         <run_address>0x6b22</run_address>
         <size>0x86</size>
         <input_file_ref idref="fl-dd"/>
      </object_component>
      <object_component id="oc-13e">
         <name>.text</name>
         <load_address>0x6ba8</load_address>
         <run_address>0x6ba8</run_address>
         <size>0x7a</size>
         <input_file_ref idref="fl-db"/>
      </object_component>
      <object_component id="oc-e8">
         <name>.text</name>
         <load_address>0x6c22</load_address>
         <run_address>0x6c22</run_address>
         <size>0x6e</size>
         <input_file_ref idref="fl-e1"/>
      </object_component>
      <object_component id="oc-2c3">
         <name>.text</name>
         <load_address>0x6c90</load_address>
         <run_address>0x6c90</run_address>
         <size>0x6e</size>
         <input_file_ref idref="fl-e7"/>
      </object_component>
      <object_component id="oc-c0">
         <name>.text:IntEnable</name>
         <load_address>0x6d00</load_address>
         <run_address>0x6d00</run_address>
         <size>0x68</size>
         <input_file_ref idref="fl-1b"/>
      </object_component>
      <object_component id="oc-12">
         <name>.text:decompress:lzss:__TI_decompress_lzss</name>
         <load_address>0x6d68</load_address>
         <run_address>0x6d68</run_address>
         <size>0x68</size>
         <input_file_ref idref="fl-eb"/>
      </object_component>
      <object_component id="oc-100">
         <name>.text:TimerConfigure</name>
         <load_address>0x6dd0</load_address>
         <run_address>0x6dd0</run_address>
         <size>0x60</size>
         <input_file_ref idref="fl-1e"/>
      </object_component>
      <object_component id="oc-ae">
         <name>.text:GPIOPinConfigure</name>
         <load_address>0x6e30</load_address>
         <run_address>0x6e30</run_address>
         <size>0x48</size>
         <input_file_ref idref="fl-1a"/>
      </object_component>
      <object_component id="oc-11c">
         <name>.text</name>
         <load_address>0x6e78</load_address>
         <run_address>0x6e78</run_address>
         <size>0x48</size>
         <input_file_ref idref="fl-e0"/>
      </object_component>
      <object_component id="oc-ba">
         <name>.text:UARTConfigSetExpClk</name>
         <load_address>0x6ec0</load_address>
         <run_address>0x6ec0</run_address>
         <size>0x46</size>
         <input_file_ref idref="fl-1f"/>
      </object_component>
      <object_component id="oc-24d">
         <name>.text:__TI_auto_init_nobinit_nopinit:__TI_auto_init_nobinit_nopinit</name>
         <load_address>0x6f08</load_address>
         <run_address>0x6f08</run_address>
         <size>0x44</size>
         <input_file_ref idref="fl-f3"/>
      </object_component>
      <object_component id="oc-1c9">
         <name>.text</name>
         <load_address>0x6f4c</load_address>
         <run_address>0x6f4c</run_address>
         <size>0x40</size>
         <input_file_ref idref="fl-da"/>
      </object_component>
      <object_component id="oc-1ae">
         <name>.text:SysCtlPeripheralPresent</name>
         <load_address>0x6f8c</load_address>
         <run_address>0x6f8c</run_address>
         <size>0x38</size>
         <input_file_ref idref="fl-1d"/>
      </object_component>
      <object_component id="oc-62">
         <name>.text:_c_int00_noargs:_c_int00_noargs</name>
         <load_address>0x6fc4</load_address>
         <run_address>0x6fc4</run_address>
         <size>0x38</size>
         <input_file_ref idref="fl-ec"/>
      </object_component>
      <object_component id="oc-223">
         <name>.text</name>
         <load_address>0x6ffc</load_address>
         <run_address>0x6ffc</run_address>
         <size>0x38</size>
         <input_file_ref idref="fl-f"/>
      </object_component>
      <object_component id="oc-de">
         <name>.text</name>
         <load_address>0x7034</load_address>
         <run_address>0x7034</run_address>
         <size>0x38</size>
         <input_file_ref idref="fl-e2"/>
      </object_component>
      <object_component id="oc-a2">
         <name>.text:SysCtlPeripheralEnable</name>
         <load_address>0x706c</load_address>
         <run_address>0x706c</run_address>
         <size>0x34</size>
         <input_file_ref idref="fl-1d"/>
      </object_component>
      <object_component id="oc-2f0">
         <name>.text</name>
         <load_address>0x70a0</load_address>
         <run_address>0x70a0</run_address>
         <size>0x2e</size>
         <input_file_ref idref="fl-e3"/>
      </object_component>
      <object_component id="oc-17f">
         <name>.text:GPIODirModeSet</name>
         <load_address>0x70ce</load_address>
         <run_address>0x70ce</run_address>
         <size>0x2a</size>
         <input_file_ref idref="fl-1a"/>
      </object_component>
      <object_component id="oc-211">
         <name>.text</name>
         <load_address>0x70f8</load_address>
         <run_address>0x70f8</run_address>
         <size>0x24</size>
         <input_file_ref idref="fl-4"/>
      </object_component>
      <object_component id="oc-2c8">
         <name>.text:memcmp</name>
         <load_address>0x711c</load_address>
         <run_address>0x711c</run_address>
         <size>0x24</size>
         <input_file_ref idref="fl-f1"/>
      </object_component>
      <object_component id="oc-18c">
         <name>.text:UARTDisable</name>
         <load_address>0x7140</load_address>
         <run_address>0x7140</run_address>
         <size>0x20</size>
         <input_file_ref idref="fl-1f"/>
      </object_component>
      <object_component id="oc-112">
         <name>.text</name>
         <load_address>0x7160</load_address>
         <run_address>0x7160</run_address>
         <size>0x20</size>
         <input_file_ref idref="fl-e6"/>
      </object_component>
      <object_component id="oc-205">
         <name>.text:GPIOPinTypeGPIOOutput</name>
         <load_address>0x7180</load_address>
         <run_address>0x7180</run_address>
         <size>0x18</size>
         <input_file_ref idref="fl-1a"/>
      </object_component>
      <object_component id="oc-217">
         <name>.text:TimerDisable</name>
         <load_address>0x7198</load_address>
         <run_address>0x7198</run_address>
         <size>0x18</size>
         <input_file_ref idref="fl-1e"/>
      </object_component>
      <object_component id="oc-340">
         <name>.text</name>
         <load_address>0x71b0</load_address>
         <run_address>0x71b0</run_address>
         <size>0x18</size>
         <input_file_ref idref="fl-e4"/>
      </object_component>
      <object_component id="oc-192">
         <name>.text:UARTEnable</name>
         <load_address>0x71c8</load_address>
         <run_address>0x71c8</run_address>
         <size>0x14</size>
         <input_file_ref idref="fl-1f"/>
      </object_component>
      <object_component id="oc-359">
         <name>.text:GPIOPinTypeGPIOInput</name>
         <load_address>0x71dc</load_address>
         <run_address>0x71dc</run_address>
         <size>0x12</size>
         <input_file_ref idref="fl-1a"/>
      </object_component>
      <object_component id="oc-b4">
         <name>.text:GPIOPinTypeUART</name>
         <load_address>0x71ee</load_address>
         <run_address>0x71ee</run_address>
         <size>0x12</size>
         <input_file_ref idref="fl-1a"/>
      </object_component>
      <object_component id="oc-d8">
         <name>.text:TimerLoadSet</name>
         <load_address>0x7200</load_address>
         <run_address>0x7200</run_address>
         <size>0x12</size>
         <input_file_ref idref="fl-1e"/>
      </object_component>
      <object_component id="oc-50">
         <name>.text:decompress:ZI:__TI_zero_init_nomemset:__TI_zero_init_nomemset</name>
         <load_address>0x7212</load_address>
         <run_address>0x7212</run_address>
         <size>0x12</size>
         <input_file_ref idref="fl-e9"/>
      </object_component>
      <object_component id="oc-1f9">
         <name>.text:FPULazyStackingEnable</name>
         <load_address>0x7224</load_address>
         <run_address>0x7224</run_address>
         <size>0x10</size>
         <input_file_ref idref="fl-19"/>
      </object_component>
      <object_component id="oc-a8">
         <name>.text:IntMasterEnable</name>
         <load_address>0x7234</load_address>
         <run_address>0x7234</run_address>
         <size>0x10</size>
         <input_file_ref idref="fl-1b"/>
      </object_component>
      <object_component id="oc-d2">
         <name>.text:TimerEnable</name>
         <load_address>0x7244</load_address>
         <run_address>0x7244</run_address>
         <size>0xe</size>
         <input_file_ref idref="fl-1e"/>
      </object_component>
      <object_component id="oc-83">
         <name>.text:UARTCharGetNonBlocking</name>
         <load_address>0x7252</load_address>
         <run_address>0x7252</run_address>
         <size>0xe</size>
         <input_file_ref idref="fl-1f"/>
      </object_component>
      <object_component id="oc-9c">
         <name>.text:UARTCharPutNonBlocking</name>
         <load_address>0x7260</load_address>
         <run_address>0x7260</run_address>
         <size>0xe</size>
         <input_file_ref idref="fl-1f"/>
      </object_component>
      <object_component id="oc-96">
         <name>.text:UARTCharsAvail</name>
         <load_address>0x726e</load_address>
         <run_address>0x726e</run_address>
         <size>0xe</size>
         <input_file_ref idref="fl-1f"/>
      </object_component>
      <object_component id="oc-18">
         <name>.text:decompress:none:__TI_decompress_none</name>
         <load_address>0x727c</load_address>
         <run_address>0x727c</run_address>
         <size>0xe</size>
         <input_file_ref idref="fl-ea"/>
      </object_component>
      <object_component id="oc-174">
         <name>.text:CPUcpsie</name>
         <load_address>0x728a</load_address>
         <run_address>0x728a</run_address>
         <size>0xc</size>
         <input_file_ref idref="fl-20"/>
      </object_component>
      <object_component id="oc-24">
         <name>.text</name>
         <load_address>0x7296</load_address>
         <run_address>0x7296</run_address>
         <size>0xc</size>
         <input_file_ref idref="fl-3"/>
      </object_component>
      <object_component id="oc-1ba">
         <name>.text:UARTCharGet</name>
         <load_address>0x72a2</load_address>
         <run_address>0x72a2</run_address>
         <size>0xa</size>
         <input_file_ref idref="fl-1f"/>
      </object_component>
      <object_component id="oc-1b4">
         <name>.text:UARTCharPut</name>
         <load_address>0x72ac</load_address>
         <run_address>0x72ac</run_address>
         <size>0xa</size>
         <input_file_ref idref="fl-1f"/>
      </object_component>
      <object_component id="oc-77">
         <name>.text:UARTIntStatus</name>
         <load_address>0x72b6</load_address>
         <run_address>0x72b6</run_address>
         <size>0xa</size>
         <input_file_ref idref="fl-1f"/>
      </object_component>
      <object_component id="oc-106">
         <name>.text:TimerIntEnable</name>
         <load_address>0x72c0</load_address>
         <run_address>0x72c0</run_address>
         <size>0x8</size>
         <input_file_ref idref="fl-1e"/>
      </object_component>
      <object_component id="oc-c6">
         <name>.text:UARTIntEnable</name>
         <load_address>0x72c8</load_address>
         <run_address>0x72c8</run_address>
         <size>0x8</size>
         <input_file_ref idref="fl-1f"/>
      </object_component>
      <object_component id="oc-36b">
         <name>.text:__aeabi_errno_addr</name>
         <load_address>0x72d0</load_address>
         <run_address>0x72d0</run_address>
         <size>0x8</size>
         <input_file_ref idref="fl-ed"/>
      </object_component>
      <object_component id="oc-21d">
         <name>.text:GPIOPinRead</name>
         <load_address>0x72d8</load_address>
         <run_address>0x72d8</run_address>
         <size>0x6</size>
         <input_file_ref idref="fl-1a"/>
      </object_component>
      <object_component id="oc-89">
         <name>.text:GPIOPinWrite</name>
         <load_address>0x72de</load_address>
         <run_address>0x72de</run_address>
         <size>0x6</size>
         <input_file_ref idref="fl-1a"/>
      </object_component>
      <object_component id="oc-95">
         <name>.text:SysCtlDelay</name>
         <load_address>0x72e4</load_address>
         <run_address>0x72e4</run_address>
         <size>0x6</size>
         <input_file_ref idref="fl-1d"/>
      </object_component>
      <object_component id="oc-10c">
         <name>.text:TimerIntClear</name>
         <load_address>0x72ea</load_address>
         <run_address>0x72ea</run_address>
         <size>0x4</size>
         <input_file_ref idref="fl-1e"/>
      </object_component>
      <object_component id="oc-7d">
         <name>.text:UARTIntClear</name>
         <load_address>0x72ee</load_address>
         <run_address>0x72ee</run_address>
         <size>0x4</size>
         <input_file_ref idref="fl-1f"/>
      </object_component>
      <object_component id="oc-144">
         <name>.text:_system_pre_init</name>
         <load_address>0x72f2</load_address>
         <run_address>0x72f2</run_address>
         <size>0x4</size>
         <input_file_ref idref="fl-f4"/>
      </object_component>
      <object_component id="oc-241">
         <name>.text:abort:abort</name>
         <load_address>0x72f6</load_address>
         <run_address>0x72f6</run_address>
         <size>0x4</size>
         <input_file_ref idref="fl-ee"/>
      </object_component>
      <object_component id="oc-331">
         <name>.const:.string:dmp_memory</name>
         <load_address>0x7300</load_address>
         <run_address>0x7300</run_address>
         <size>0xbf6</size>
         <input_file_ref idref="fl-6"/>
      </object_component>
      <object_component id="oc-3e5">
         <name>.const:$O1$$</name>
         <load_address>0x7ef8</load_address>
         <run_address>0x7ef8</run_address>
         <size>0x98</size>
         <input_file_ref idref="fl-d9"/>
      </object_component>
      <object_component id="oc-17b">
         <name>.const:g_pui32GPIOBaseAddrs</name>
         <load_address>0x7f90</load_address>
         <run_address>0x7f90</run_address>
         <size>0x90</size>
         <input_file_ref idref="fl-1a"/>
      </object_component>
      <object_component id="oc-199">
         <name>.const</name>
         <load_address>0x8020</load_address>
         <run_address>0x8020</run_address>
         <size>0x70</size>
         <input_file_ref idref="fl-1b"/>
      </object_component>
      <object_component id="oc-16c">
         <name>.const:g_pui32Xtals</name>
         <load_address>0x8090</load_address>
         <run_address>0x8090</run_address>
         <size>0x6c</size>
         <input_file_ref idref="fl-1d"/>
      </object_component>
      <object_component id="oc-2c0">
         <name>.const:test</name>
         <load_address>0x80fc</load_address>
         <run_address>0x80fc</run_address>
         <size>0x28</size>
         <input_file_ref idref="fl-5"/>
      </object_component>
      <object_component id="oc-31a">
         <name>.const:reg</name>
         <load_address>0x8124</load_address>
         <run_address>0x8124</run_address>
         <size>0x1b</size>
         <input_file_ref idref="fl-5"/>
      </object_component>
      <object_component id="oc-2a8">
         <name>.const:.string</name>
         <load_address>0x8140</load_address>
         <run_address>0x8140</run_address>
         <size>0x12</size>
         <input_file_ref idref="fl-13"/>
      </object_component>
      <object_component id="oc-348">
         <name>.const:.string:$P$T4$5</name>
         <load_address>0x8152</load_address>
         <run_address>0x8152</run_address>
         <size>0xc</size>
         <input_file_ref idref="fl-6"/>
      </object_component>
      <object_component id="oc-1c6">
         <name>.const:g_ui32UARTBase</name>
         <load_address>0x8160</load_address>
         <run_address>0x8160</run_address>
         <size>0xc</size>
         <input_file_ref idref="fl-13"/>
      </object_component>
      <object_component id="oc-1c0">
         <name>.const:g_ui32UARTPeriph</name>
         <load_address>0x816c</load_address>
         <run_address>0x816c</run_address>
         <size>0xc</size>
         <input_file_ref idref="fl-13"/>
      </object_component>
      <object_component id="oc-31d">
         <name>.const:hw</name>
         <load_address>0x8178</load_address>
         <run_address>0x8178</run_address>
         <size>0xc</size>
         <input_file_ref idref="fl-5"/>
      </object_component>
      <object_component id="oc-351">
         <name>.const:.string:$P$T7$8</name>
         <load_address>0x8184</load_address>
         <run_address>0x8184</run_address>
         <size>0xb</size>
         <input_file_ref idref="fl-6"/>
      </object_component>
      <object_component id="oc-354">
         <name>.const:.string:$P$T8$9</name>
         <load_address>0x818f</load_address>
         <run_address>0x818f</run_address>
         <size>0xb</size>
         <input_file_ref idref="fl-6"/>
      </object_component>
      <object_component id="oc-34b">
         <name>.const:.string:$P$T5$6</name>
         <load_address>0x819a</load_address>
         <run_address>0x819a</run_address>
         <size>0x9</size>
         <input_file_ref idref="fl-6"/>
      </object_component>
      <object_component id="oc-34e">
         <name>.const:.string:$P$T6$7</name>
         <load_address>0x81a3</load_address>
         <run_address>0x81a3</run_address>
         <size>0x9</size>
         <input_file_ref idref="fl-6"/>
      </object_component>
      <object_component id="oc-1ce">
         <name>.const</name>
         <load_address>0x81ac</load_address>
         <run_address>0x81ac</run_address>
         <size>0x4</size>
         <input_file_ref idref="fl-13"/>
      </object_component>
      <object_component id="oc-334">
         <name>.const:.string:$P$T0$1</name>
         <load_address>0x81b0</load_address>
         <run_address>0x81b0</run_address>
         <size>0x3</size>
         <input_file_ref idref="fl-6"/>
      </object_component>
      <object_component id="oc-337">
         <name>.const:.string:$P$T1$2</name>
         <load_address>0x81b3</load_address>
         <run_address>0x81b3</run_address>
         <size>0x3</size>
         <input_file_ref idref="fl-6"/>
      </object_component>
      <object_component id="oc-33a">
         <name>.const:.string:$P$T2$3</name>
         <load_address>0x81b6</load_address>
         <run_address>0x81b6</run_address>
         <size>0x3</size>
         <input_file_ref idref="fl-6"/>
      </object_component>
      <object_component id="oc-33d">
         <name>.const:.string:$P$T3$4</name>
         <load_address>0x81b9</load_address>
         <run_address>0x81b9</run_address>
         <size>0x3</size>
         <input_file_ref idref="fl-6"/>
      </object_component>
      <object_component id="oc-42f">
         <name>.cinit..data.load</name>
         <load_address>0x81c0</load_address>
         <run_address>0x81c0</run_address>
         <size>0x3a</size>
      </object_component>
      <object_component id="oc-42d">
         <name>__TI_handler_table</name>
         <load_address>0x81fc</load_address>
         <run_address>0x81fc</run_address>
         <size>0xc</size>
      </object_component>
      <object_component id="oc-430">
         <name>.cinit..bss.load</name>
         <load_address>0x8208</load_address>
         <run_address>0x8208</run_address>
         <size>0x8</size>
      </object_component>
      <object_component id="oc-42e">
         <name>__TI_cinit_table</name>
         <load_address>0x8210</load_address>
         <run_address>0x8210</run_address>
         <size>0x10</size>
      </object_component>
      <object_component id="oc-f4">
         <name>.data</name>
         <load_address>0x20000250</load_address>
         <run_address>0x20000250</run_address>
         <size>0x14</size>
         <input_file_ref idref="fl-2"/>
      </object_component>
      <object_component id="oc-2bd">
         <name>.data:st</name>
         <load_address>0x20000200</load_address>
         <run_address>0x20000200</run_address>
         <size>0x2c</size>
         <input_file_ref idref="fl-5"/>
      </object_component>
      <object_component id="oc-2eb">
         <name>.data:gyro_orientation</name>
         <load_address>0x20000274</load_address>
         <run_address>0x20000274</run_address>
         <size>0x9</size>
         <input_file_ref idref="fl-5"/>
      </object_component>
      <object_component id="oc-345">
         <name>.data:dmp</name>
         <load_address>0x20000264</load_address>
         <run_address>0x20000264</run_address>
         <size>0x10</size>
         <input_file_ref idref="fl-6"/>
      </object_component>
      <object_component id="oc-f7">
         <name>.data</name>
         <load_address>0x2000022c</load_address>
         <run_address>0x2000022c</run_address>
         <size>0x21</size>
         <input_file_ref idref="fl-d"/>
      </object_component>
      <object_component id="oc-cc">
         <name>.data</name>
         <load_address>0x2000028c</load_address>
         <run_address>0x2000028c</run_address>
         <size>0x4</size>
         <input_file_ref idref="fl-12"/>
      </object_component>
      <object_component id="oc-1c3">
         <name>.data</name>
         <load_address>0x20000280</load_address>
         <run_address>0x20000280</run_address>
         <size>0x5</size>
         <input_file_ref idref="fl-13"/>
      </object_component>
      <object_component id="oc-3d9">
         <name>.data</name>
         <load_address>0x20000288</load_address>
         <run_address>0x20000288</run_address>
         <size>0x4</size>
         <input_file_ref idref="fl-ed"/>
      </object_component>
      <object_component id="oc-236">
         <name>.common:CharTable</name>
         <uninitialized>true</uninitialized>
         <run_address>0x200002b0</run_address>
         <size>0xc</size>
      </object_component>
      <object_component id="oc-235">
         <name>.common:CharNum</name>
         <uninitialized>true</uninitialized>
         <run_address>0x200002bc</run_address>
         <size>0x4</size>
      </object_component>
      <object_component id="oc-23a">
         <name>.common:aacx</name>
         <uninitialized>true</uninitialized>
         <run_address>0x200002cc</run_address>
         <size>0x2</size>
      </object_component>
      <object_component id="oc-23b">
         <name>.common:aacy</name>
         <uninitialized>true</uninitialized>
         <run_address>0x200002ce</run_address>
         <size>0x2</size>
      </object_component>
      <object_component id="oc-23c">
         <name>.common:aacz</name>
         <uninitialized>true</uninitialized>
         <run_address>0x200002d0</run_address>
         <size>0x2</size>
      </object_component>
      <object_component id="oc-23d">
         <name>.common:gyrox</name>
         <uninitialized>true</uninitialized>
         <run_address>0x200002d2</run_address>
         <size>0x2</size>
      </object_component>
      <object_component id="oc-23e">
         <name>.common:gyroy</name>
         <uninitialized>true</uninitialized>
         <run_address>0x200002d4</run_address>
         <size>0x2</size>
      </object_component>
      <object_component id="oc-23f">
         <name>.common:gyroz</name>
         <uninitialized>true</uninitialized>
         <run_address>0x200002d6</run_address>
         <size>0x2</size>
      </object_component>
      <object_component id="oc-237">
         <name>.common:pitch</name>
         <uninitialized>true</uninitialized>
         <run_address>0x200002c0</run_address>
         <size>0x4</size>
      </object_component>
      <object_component id="oc-238">
         <name>.common:roll</name>
         <uninitialized>true</uninitialized>
         <run_address>0x200002c4</run_address>
         <size>0x4</size>
      </object_component>
      <object_component id="oc-239">
         <name>.common:yaw</name>
         <uninitialized>true</uninitialized>
         <run_address>0x200002c8</run_address>
         <size>0x4</size>
      </object_component>
      <object_component id="oc-cf">
         <name>.common:ReciveData_UART0</name>
         <uninitialized>true</uninitialized>
         <run_address>0x20000290</run_address>
         <size>0x10</size>
      </object_component>
      <object_component id="oc-f3">
         <name>.common:ReciveData_UART1</name>
         <uninitialized>true</uninitialized>
         <run_address>0x200002a0</run_address>
         <size>0x10</size>
      </object_component>
      <object_component id="oc-21">
         <name>.stack</name>
         <uninitialized>true</uninitialized>
         <run_address>0x20000000</run_address>
         <size>0x4</size>
         <input_file_ref idref="fl-ec"/>
      </object_component>
      <object_component id="oc-431">
         <name>.stack</name>
         <uninitialized>true</uninitialized>
         <run_address>0x20000000</run_address>
         <size>0x0</size>
      </object_component>
      <object_component id="oc-1e7">
         <name>.debug_info</name>
         <load_address>0x0</load_address>
         <run_address>0x0</run_address>
         <size>0xa35</size>
         <input_file_ref idref="fl-2"/>
      </object_component>
      <object_component id="oc-f5">
         <name>.debug_info</name>
         <load_address>0xa35</load_address>
         <run_address>0xa35</run_address>
         <size>0x1cd</size>
         <input_file_ref idref="fl-2"/>
      </object_component>
      <object_component id="oc-14b">
         <name>.debug_info</name>
         <load_address>0xc02</load_address>
         <run_address>0xc02</run_address>
         <size>0x31b</size>
         <input_file_ref idref="fl-2"/>
      </object_component>
      <object_component id="oc-124">
         <name>.debug_info</name>
         <load_address>0xf1d</load_address>
         <run_address>0xf1d</run_address>
         <size>0x26b</size>
         <input_file_ref idref="fl-2"/>
      </object_component>
      <object_component id="oc-1a3">
         <name>.debug_info</name>
         <load_address>0x1188</load_address>
         <run_address>0x1188</run_address>
         <size>0x6bd</size>
         <input_file_ref idref="fl-2"/>
      </object_component>
      <object_component id="oc-162">
         <name>.debug_info</name>
         <load_address>0x1845</load_address>
         <run_address>0x1845</run_address>
         <size>0x8b</size>
         <input_file_ref idref="fl-2"/>
      </object_component>
      <object_component id="oc-1dc">
         <name>.debug_info</name>
         <load_address>0x18d0</load_address>
         <run_address>0x18d0</run_address>
         <size>0x297</size>
         <input_file_ref idref="fl-2"/>
      </object_component>
      <object_component id="oc-fb">
         <name>.debug_info</name>
         <load_address>0x1b67</load_address>
         <run_address>0x1b67</run_address>
         <size>0xbb</size>
         <input_file_ref idref="fl-2"/>
      </object_component>
      <object_component id="oc-385">
         <name>.debug_info</name>
         <load_address>0x1c22</load_address>
         <run_address>0x1c22</run_address>
         <size>0xcc</size>
         <input_file_ref idref="fl-2"/>
      </object_component>
      <object_component id="oc-1d3">
         <name>.debug_info</name>
         <load_address>0x1cee</load_address>
         <run_address>0x1cee</run_address>
         <size>0x2c</size>
         <input_file_ref idref="fl-2"/>
      </object_component>
      <object_component id="oc-38">
         <name>.debug_info</name>
         <load_address>0x1d1a</load_address>
         <run_address>0x1d1a</run_address>
         <size>0x33b</size>
         <input_file_ref idref="fl-3"/>
      </object_component>
      <object_component id="oc-10">
         <name>.debug_info</name>
         <load_address>0x2055</load_address>
         <run_address>0x2055</run_address>
         <size>0xe0</size>
         <input_file_ref idref="fl-3"/>
      </object_component>
      <object_component id="oc-25">
         <name>.debug_info</name>
         <load_address>0x2135</load_address>
         <run_address>0x2135</run_address>
         <size>0x25c</size>
         <input_file_ref idref="fl-3"/>
      </object_component>
      <object_component id="oc-3f">
         <name>.debug_info</name>
         <load_address>0x2391</load_address>
         <run_address>0x2391</run_address>
         <size>0x84</size>
         <input_file_ref idref="fl-3"/>
      </object_component>
      <object_component id="oc-212">
         <name>.debug_info</name>
         <load_address>0x2415</load_address>
         <run_address>0x2415</run_address>
         <size>0x155</size>
         <input_file_ref idref="fl-4"/>
      </object_component>
      <object_component id="oc-2ef">
         <name>.debug_info</name>
         <load_address>0x256a</load_address>
         <run_address>0x256a</run_address>
         <size>0x701</size>
         <input_file_ref idref="fl-5"/>
      </object_component>
      <object_component id="oc-31b">
         <name>.debug_info</name>
         <load_address>0x2c6b</load_address>
         <run_address>0x2c6b</run_address>
         <size>0xcb</size>
         <input_file_ref idref="fl-5"/>
      </object_component>
      <object_component id="oc-31e">
         <name>.debug_info</name>
         <load_address>0x2d36</load_address>
         <run_address>0x2d36</run_address>
         <size>0xc9</size>
         <input_file_ref idref="fl-5"/>
      </object_component>
      <object_component id="oc-2c1">
         <name>.debug_info</name>
         <load_address>0x2dff</load_address>
         <run_address>0x2dff</run_address>
         <size>0xcd</size>
         <input_file_ref idref="fl-5"/>
      </object_component>
      <object_component id="oc-2be">
         <name>.debug_info</name>
         <load_address>0x2ecc</load_address>
         <run_address>0x2ecc</run_address>
         <size>0xc8</size>
         <input_file_ref idref="fl-5"/>
      </object_component>
      <object_component id="oc-2ec">
         <name>.debug_info</name>
         <load_address>0x2f94</load_address>
         <run_address>0x2f94</run_address>
         <size>0xe4</size>
         <input_file_ref idref="fl-5"/>
      </object_component>
      <object_component id="oc-22a">
         <name>.debug_info</name>
         <load_address>0x3078</load_address>
         <run_address>0x3078</run_address>
         <size>0x3f55</size>
         <input_file_ref idref="fl-5"/>
      </object_component>
      <object_component id="oc-322">
         <name>.debug_info</name>
         <load_address>0x6fcd</load_address>
         <run_address>0x6fcd</run_address>
         <size>0x7d2</size>
         <input_file_ref idref="fl-5"/>
      </object_component>
      <object_component id="oc-358">
         <name>.debug_info</name>
         <load_address>0x779f</load_address>
         <run_address>0x779f</run_address>
         <size>0x5ac</size>
         <input_file_ref idref="fl-6"/>
      </object_component>
      <object_component id="oc-332">
         <name>.debug_info</name>
         <load_address>0x7d4b</load_address>
         <run_address>0x7d4b</run_address>
         <size>0xe9</size>
         <input_file_ref idref="fl-6"/>
      </object_component>
      <object_component id="oc-346">
         <name>.debug_info</name>
         <load_address>0x7e34</load_address>
         <run_address>0x7e34</run_address>
         <size>0xdc</size>
         <input_file_ref idref="fl-6"/>
      </object_component>
      <object_component id="oc-335">
         <name>.debug_info</name>
         <load_address>0x7f10</load_address>
         <run_address>0x7f10</run_address>
         <size>0xe4</size>
         <input_file_ref idref="fl-6"/>
      </object_component>
      <object_component id="oc-338">
         <name>.debug_info</name>
         <load_address>0x7ff4</load_address>
         <run_address>0x7ff4</run_address>
         <size>0xe4</size>
         <input_file_ref idref="fl-6"/>
      </object_component>
      <object_component id="oc-33b">
         <name>.debug_info</name>
         <load_address>0x80d8</load_address>
         <run_address>0x80d8</run_address>
         <size>0xe4</size>
         <input_file_ref idref="fl-6"/>
      </object_component>
      <object_component id="oc-33e">
         <name>.debug_info</name>
         <load_address>0x81bc</load_address>
         <run_address>0x81bc</run_address>
         <size>0xe4</size>
         <input_file_ref idref="fl-6"/>
      </object_component>
      <object_component id="oc-349">
         <name>.debug_info</name>
         <load_address>0x82a0</load_address>
         <run_address>0x82a0</run_address>
         <size>0xe4</size>
         <input_file_ref idref="fl-6"/>
      </object_component>
      <object_component id="oc-34c">
         <name>.debug_info</name>
         <load_address>0x8384</load_address>
         <run_address>0x8384</run_address>
         <size>0xe4</size>
         <input_file_ref idref="fl-6"/>
      </object_component>
      <object_component id="oc-34f">
         <name>.debug_info</name>
         <load_address>0x8468</load_address>
         <run_address>0x8468</run_address>
         <size>0xe4</size>
         <input_file_ref idref="fl-6"/>
      </object_component>
      <object_component id="oc-352">
         <name>.debug_info</name>
         <load_address>0x854c</load_address>
         <run_address>0x854c</run_address>
         <size>0xe4</size>
         <input_file_ref idref="fl-6"/>
      </object_component>
      <object_component id="oc-355">
         <name>.debug_info</name>
         <load_address>0x8630</load_address>
         <run_address>0x8630</run_address>
         <size>0xe4</size>
         <input_file_ref idref="fl-6"/>
      </object_component>
      <object_component id="oc-2cf">
         <name>.debug_info</name>
         <load_address>0x8714</load_address>
         <run_address>0x8714</run_address>
         <size>0x22fb</size>
         <input_file_ref idref="fl-6"/>
      </object_component>
      <object_component id="oc-3c4">
         <name>.debug_info</name>
         <load_address>0xaa0f</load_address>
         <run_address>0xaa0f</run_address>
         <size>0xac</size>
         <input_file_ref idref="fl-6"/>
      </object_component>
      <object_component id="oc-2d7">
         <name>.debug_info</name>
         <load_address>0xaabb</load_address>
         <run_address>0xaabb</run_address>
         <size>0x95a</size>
         <input_file_ref idref="fl-7"/>
      </object_component>
      <object_component id="oc-2f6">
         <name>.debug_info</name>
         <load_address>0xb415</load_address>
         <run_address>0xb415</run_address>
         <size>0x3a7</size>
         <input_file_ref idref="fl-8"/>
      </object_component>
      <object_component id="oc-233">
         <name>.debug_info</name>
         <load_address>0xb7bc</load_address>
         <run_address>0xb7bc</run_address>
         <size>0x8ac</size>
         <input_file_ref idref="fl-8"/>
      </object_component>
      <object_component id="oc-319">
         <name>.debug_info</name>
         <load_address>0xc068</load_address>
         <run_address>0xc068</run_address>
         <size>0x323</size>
         <input_file_ref idref="fl-9"/>
      </object_component>
      <object_component id="oc-2b8">
         <name>.debug_info</name>
         <load_address>0xc38b</load_address>
         <run_address>0xc38b</run_address>
         <size>0x750</size>
         <input_file_ref idref="fl-9"/>
      </object_component>
      <object_component id="oc-20c">
         <name>.debug_info</name>
         <load_address>0xcadb</load_address>
         <run_address>0xcadb</run_address>
         <size>0x3e3</size>
         <input_file_ref idref="fl-b"/>
      </object_component>
      <object_component id="oc-f8">
         <name>.debug_info</name>
         <load_address>0xcebe</load_address>
         <run_address>0xcebe</run_address>
         <size>0x233</size>
         <input_file_ref idref="fl-d"/>
      </object_component>
      <object_component id="oc-33">
         <name>.debug_info</name>
         <load_address>0xd0f1</load_address>
         <run_address>0xd0f1</run_address>
         <size>0x413</size>
         <input_file_ref idref="fl-d"/>
      </object_component>
      <object_component id="oc-224">
         <name>.debug_info</name>
         <load_address>0xd504</load_address>
         <run_address>0xd504</run_address>
         <size>0x1d0</size>
         <input_file_ref idref="fl-f"/>
      </object_component>
      <object_component id="oc-d0">
         <name>.debug_info</name>
         <load_address>0xd6d4</load_address>
         <run_address>0xd6d4</run_address>
         <size>0xa1e</size>
         <input_file_ref idref="fl-12"/>
      </object_component>
      <object_component id="oc-cd">
         <name>.debug_info</name>
         <load_address>0xe0f2</load_address>
         <run_address>0xe0f2</run_address>
         <size>0x18b</size>
         <input_file_ref idref="fl-12"/>
      </object_component>
      <object_component id="oc-2b">
         <name>.debug_info</name>
         <load_address>0xe27d</load_address>
         <run_address>0xe27d</run_address>
         <size>0x881</size>
         <input_file_ref idref="fl-12"/>
      </object_component>
      <object_component id="oc-1d2">
         <name>.debug_info</name>
         <load_address>0xeafe</load_address>
         <run_address>0xeafe</run_address>
         <size>0x3da</size>
         <input_file_ref idref="fl-13"/>
      </object_component>
      <object_component id="oc-1c4">
         <name>.debug_info</name>
         <load_address>0xeed8</load_address>
         <run_address>0xeed8</run_address>
         <size>0xd1</size>
         <input_file_ref idref="fl-13"/>
      </object_component>
      <object_component id="oc-1cf">
         <name>.debug_info</name>
         <load_address>0xefa9</load_address>
         <run_address>0xefa9</run_address>
         <size>0xcb</size>
         <input_file_ref idref="fl-13"/>
      </object_component>
      <object_component id="oc-1c7">
         <name>.debug_info</name>
         <load_address>0xf074</load_address>
         <run_address>0xf074</run_address>
         <size>0xd9</size>
         <input_file_ref idref="fl-13"/>
      </object_component>
      <object_component id="oc-1c1">
         <name>.debug_info</name>
         <load_address>0xf14d</load_address>
         <run_address>0xf14d</run_address>
         <size>0xdd</size>
         <input_file_ref idref="fl-13"/>
      </object_component>
      <object_component id="oc-ee">
         <name>.debug_info</name>
         <load_address>0xf22a</load_address>
         <run_address>0xf22a</run_address>
         <size>0x7b6</size>
         <input_file_ref idref="fl-13"/>
      </object_component>
      <object_component id="oc-1fa">
         <name>.debug_info</name>
         <load_address>0xf9e0</load_address>
         <run_address>0xf9e0</run_address>
         <size>0x225</size>
         <input_file_ref idref="fl-19"/>
      </object_component>
      <object_component id="oc-15d">
         <name>.debug_info</name>
         <load_address>0xfc05</load_address>
         <run_address>0xfc05</run_address>
         <size>0x18b</size>
         <input_file_ref idref="fl-19"/>
      </object_component>
      <object_component id="oc-16b">
         <name>.debug_info</name>
         <load_address>0xfd90</load_address>
         <run_address>0xfd90</run_address>
         <size>0x240</size>
         <input_file_ref idref="fl-1a"/>
      </object_component>
      <object_component id="oc-17c">
         <name>.debug_info</name>
         <load_address>0xffd0</load_address>
         <run_address>0xffd0</run_address>
         <size>0x15b</size>
         <input_file_ref idref="fl-1a"/>
      </object_component>
      <object_component id="oc-8a">
         <name>.debug_info</name>
         <load_address>0x1012b</load_address>
         <run_address>0x1012b</run_address>
         <size>0x2a3</size>
         <input_file_ref idref="fl-1a"/>
      </object_component>
      <object_component id="oc-180">
         <name>.debug_info</name>
         <load_address>0x103ce</load_address>
         <run_address>0x103ce</run_address>
         <size>0x2b3</size>
         <input_file_ref idref="fl-1a"/>
      </object_component>
      <object_component id="oc-186">
         <name>.debug_info</name>
         <load_address>0x10681</load_address>
         <run_address>0x10681</run_address>
         <size>0x316</size>
         <input_file_ref idref="fl-1a"/>
      </object_component>
      <object_component id="oc-b5">
         <name>.debug_info</name>
         <load_address>0x10997</load_address>
         <run_address>0x10997</run_address>
         <size>0x27b</size>
         <input_file_ref idref="fl-1a"/>
      </object_component>
      <object_component id="oc-206">
         <name>.debug_info</name>
         <load_address>0x10c12</load_address>
         <run_address>0x10c12</run_address>
         <size>0x2b7</size>
         <input_file_ref idref="fl-1a"/>
      </object_component>
      <object_component id="oc-35a">
         <name>.debug_info</name>
         <load_address>0x10ec9</load_address>
         <run_address>0x10ec9</run_address>
         <size>0x285</size>
         <input_file_ref idref="fl-1a"/>
      </object_component>
      <object_component id="oc-21e">
         <name>.debug_info</name>
         <load_address>0x1114e</load_address>
         <run_address>0x1114e</run_address>
         <size>0x27b</size>
         <input_file_ref idref="fl-1a"/>
      </object_component>
      <object_component id="oc-af">
         <name>.debug_info</name>
         <load_address>0x113c9</load_address>
         <run_address>0x113c9</run_address>
         <size>0x280</size>
         <input_file_ref idref="fl-1a"/>
      </object_component>
      <object_component id="oc-19d">
         <name>.debug_info</name>
         <load_address>0x11649</load_address>
         <run_address>0x11649</run_address>
         <size>0x20e</size>
         <input_file_ref idref="fl-1b"/>
      </object_component>
      <object_component id="oc-19a">
         <name>.debug_info</name>
         <load_address>0x11857</load_address>
         <run_address>0x11857</run_address>
         <size>0x210</size>
         <input_file_ref idref="fl-1b"/>
      </object_component>
      <object_component id="oc-a9">
         <name>.debug_info</name>
         <load_address>0x11a67</load_address>
         <run_address>0x11a67</run_address>
         <size>0x23e</size>
         <input_file_ref idref="fl-1b"/>
      </object_component>
      <object_component id="oc-c1">
         <name>.debug_info</name>
         <load_address>0x11ca5</load_address>
         <run_address>0x11ca5</run_address>
         <size>0x268</size>
         <input_file_ref idref="fl-1b"/>
      </object_component>
      <object_component id="oc-173">
         <name>.debug_info</name>
         <load_address>0x11f0d</load_address>
         <run_address>0x11f0d</run_address>
         <size>0x298</size>
         <input_file_ref idref="fl-1d"/>
      </object_component>
      <object_component id="oc-16d">
         <name>.debug_info</name>
         <load_address>0x121a5</load_address>
         <run_address>0x121a5</run_address>
         <size>0x14d</size>
         <input_file_ref idref="fl-1d"/>
      </object_component>
      <object_component id="oc-1b0">
         <name>.debug_info</name>
         <load_address>0x122f2</load_address>
         <run_address>0x122f2</run_address>
         <size>0x283</size>
         <input_file_ref idref="fl-1d"/>
      </object_component>
      <object_component id="oc-a4">
         <name>.debug_info</name>
         <load_address>0x12575</load_address>
         <run_address>0x12575</run_address>
         <size>0x27d</size>
         <input_file_ref idref="fl-1d"/>
      </object_component>
      <object_component id="oc-200">
         <name>.debug_info</name>
         <load_address>0x127f2</load_address>
         <run_address>0x127f2</run_address>
         <size>0x2db</size>
         <input_file_ref idref="fl-1d"/>
      </object_component>
      <object_component id="oc-90">
         <name>.debug_info</name>
         <load_address>0x12acd</load_address>
         <run_address>0x12acd</run_address>
         <size>0x2b5</size>
         <input_file_ref idref="fl-1d"/>
      </object_component>
      <object_component id="oc-287">
         <name>.debug_info</name>
         <load_address>0x12d82</load_address>
         <run_address>0x12d82</run_address>
         <size>0x5f</size>
         <input_file_ref idref="fl-1d"/>
      </object_component>
      <object_component id="oc-1a9">
         <name>.debug_info</name>
         <load_address>0x12de1</load_address>
         <run_address>0x12de1</run_address>
         <size>0x223</size>
         <input_file_ref idref="fl-1e"/>
      </object_component>
      <object_component id="oc-da">
         <name>.debug_info</name>
         <load_address>0x13004</load_address>
         <run_address>0x13004</run_address>
         <size>0x2ba</size>
         <input_file_ref idref="fl-1e"/>
      </object_component>
      <object_component id="oc-108">
         <name>.debug_info</name>
         <load_address>0x132be</load_address>
         <run_address>0x132be</run_address>
         <size>0x294</size>
         <input_file_ref idref="fl-1e"/>
      </object_component>
      <object_component id="oc-10e">
         <name>.debug_info</name>
         <load_address>0x13552</load_address>
         <run_address>0x13552</run_address>
         <size>0x292</size>
         <input_file_ref idref="fl-1e"/>
      </object_component>
      <object_component id="oc-d4">
         <name>.debug_info</name>
         <load_address>0x137e4</load_address>
         <run_address>0x137e4</run_address>
         <size>0x27f</size>
         <input_file_ref idref="fl-1e"/>
      </object_component>
      <object_component id="oc-219">
         <name>.debug_info</name>
         <load_address>0x13a63</load_address>
         <run_address>0x13a63</run_address>
         <size>0x281</size>
         <input_file_ref idref="fl-1e"/>
      </object_component>
      <object_component id="oc-102">
         <name>.debug_info</name>
         <load_address>0x13ce4</load_address>
         <run_address>0x13ce4</run_address>
         <size>0x28c</size>
         <input_file_ref idref="fl-1e"/>
      </object_component>
      <object_component id="oc-167">
         <name>.debug_info</name>
         <load_address>0x13f70</load_address>
         <run_address>0x13f70</run_address>
         <size>0x227</size>
         <input_file_ref idref="fl-1f"/>
      </object_component>
      <object_component id="oc-79">
         <name>.debug_info</name>
         <load_address>0x14197</load_address>
         <run_address>0x14197</run_address>
         <size>0x27f</size>
         <input_file_ref idref="fl-1f"/>
      </object_component>
      <object_component id="oc-c8">
         <name>.debug_info</name>
         <load_address>0x14416</load_address>
         <run_address>0x14416</run_address>
         <size>0x28f</size>
         <input_file_ref idref="fl-1f"/>
      </object_component>
      <object_component id="oc-7e">
         <name>.debug_info</name>
         <load_address>0x146a5</load_address>
         <run_address>0x146a5</run_address>
         <size>0x28d</size>
         <input_file_ref idref="fl-1f"/>
      </object_component>
      <object_component id="oc-193">
         <name>.debug_info</name>
         <load_address>0x14932</load_address>
         <run_address>0x14932</run_address>
         <size>0x247</size>
         <input_file_ref idref="fl-1f"/>
      </object_component>
      <object_component id="oc-18d">
         <name>.debug_info</name>
         <load_address>0x14b79</load_address>
         <run_address>0x14b79</run_address>
         <size>0x249</size>
         <input_file_ref idref="fl-1f"/>
      </object_component>
      <object_component id="oc-bb">
         <name>.debug_info</name>
         <load_address>0x14dc2</load_address>
         <run_address>0x14dc2</run_address>
         <size>0x326</size>
         <input_file_ref idref="fl-1f"/>
      </object_component>
      <object_component id="oc-97">
         <name>.debug_info</name>
         <load_address>0x150e8</load_address>
         <run_address>0x150e8</run_address>
         <size>0x253</size>
         <input_file_ref idref="fl-1f"/>
      </object_component>
      <object_component id="oc-9d">
         <name>.debug_info</name>
         <load_address>0x1533b</load_address>
         <run_address>0x1533b</run_address>
         <size>0x28d</size>
         <input_file_ref idref="fl-1f"/>
      </object_component>
      <object_component id="oc-1b5">
         <name>.debug_info</name>
         <load_address>0x155c8</load_address>
         <run_address>0x155c8</run_address>
         <size>0x273</size>
         <input_file_ref idref="fl-1f"/>
      </object_component>
      <object_component id="oc-84">
         <name>.debug_info</name>
         <load_address>0x1583b</load_address>
         <run_address>0x1583b</run_address>
         <size>0x263</size>
         <input_file_ref idref="fl-1f"/>
      </object_component>
      <object_component id="oc-1bb">
         <name>.debug_info</name>
         <load_address>0x15a9e</load_address>
         <run_address>0x15a9e</run_address>
         <size>0x24d</size>
         <input_file_ref idref="fl-1f"/>
      </object_component>
      <object_component id="oc-177">
         <name>.debug_info</name>
         <load_address>0x15ceb</load_address>
         <run_address>0x15ceb</run_address>
         <size>0x212</size>
         <input_file_ref idref="fl-20"/>
      </object_component>
      <object_component id="oc-372">
         <name>.debug_info</name>
         <load_address>0x15efd</load_address>
         <run_address>0x15efd</run_address>
         <size>0x2de</size>
         <input_file_ref idref="fl-d6"/>
      </object_component>
      <object_component id="oc-2db">
         <name>.debug_info</name>
         <load_address>0x161db</load_address>
         <run_address>0x161db</run_address>
         <size>0x69e</size>
         <input_file_ref idref="fl-d6"/>
      </object_component>
      <object_component id="oc-3e0">
         <name>.debug_info</name>
         <load_address>0x16879</load_address>
         <run_address>0x16879</run_address>
         <size>0x46</size>
         <input_file_ref idref="fl-d6"/>
      </object_component>
      <object_component id="oc-373">
         <name>.debug_info</name>
         <load_address>0x168bf</load_address>
         <run_address>0x168bf</run_address>
         <size>0x39</size>
         <input_file_ref idref="fl-d6"/>
      </object_component>
      <object_component id="oc-380">
         <name>.debug_info</name>
         <load_address>0x168f8</load_address>
         <run_address>0x168f8</run_address>
         <size>0x2a3</size>
         <input_file_ref idref="fl-d7"/>
      </object_component>
      <object_component id="oc-2e6">
         <name>.debug_info</name>
         <load_address>0x16b9b</load_address>
         <run_address>0x16b9b</run_address>
         <size>0x23c</size>
         <input_file_ref idref="fl-d7"/>
      </object_component>
      <object_component id="oc-3d7">
         <name>.debug_info</name>
         <load_address>0x16dd7</load_address>
         <run_address>0x16dd7</run_address>
         <size>0x2bf</size>
         <input_file_ref idref="fl-d8"/>
      </object_component>
      <object_component id="oc-362">
         <name>.debug_info</name>
         <load_address>0x17096</load_address>
         <run_address>0x17096</run_address>
         <size>0x242</size>
         <input_file_ref idref="fl-d8"/>
      </object_component>
      <object_component id="oc-402">
         <name>.debug_info</name>
         <load_address>0x172d8</load_address>
         <run_address>0x172d8</run_address>
         <size>0x2ec</size>
         <input_file_ref idref="fl-d9"/>
      </object_component>
      <object_component id="oc-3e6">
         <name>.debug_info</name>
         <load_address>0x175c4</load_address>
         <run_address>0x175c4</run_address>
         <size>0x126</size>
         <input_file_ref idref="fl-d9"/>
      </object_component>
      <object_component id="oc-37b">
         <name>.debug_info</name>
         <load_address>0x176ea</load_address>
         <run_address>0x176ea</run_address>
         <size>0x4a1</size>
         <input_file_ref idref="fl-d9"/>
      </object_component>
      <object_component id="oc-1ca">
         <name>.debug_info</name>
         <load_address>0x17b8b</load_address>
         <run_address>0x17b8b</run_address>
         <size>0x13a</size>
         <input_file_ref idref="fl-da"/>
      </object_component>
      <object_component id="oc-13f">
         <name>.debug_info</name>
         <load_address>0x17cc5</load_address>
         <run_address>0x17cc5</run_address>
         <size>0x13f</size>
         <input_file_ref idref="fl-db"/>
      </object_component>
      <object_component id="oc-e4">
         <name>.debug_info</name>
         <load_address>0x17e04</load_address>
         <run_address>0x17e04</run_address>
         <size>0x144</size>
         <input_file_ref idref="fl-dc"/>
      </object_component>
      <object_component id="oc-368">
         <name>.debug_info</name>
         <load_address>0x17f48</load_address>
         <run_address>0x17f48</run_address>
         <size>0x122</size>
         <input_file_ref idref="fl-dd"/>
      </object_component>
      <object_component id="oc-119">
         <name>.debug_info</name>
         <load_address>0x1806a</load_address>
         <run_address>0x1806a</run_address>
         <size>0x132</size>
         <input_file_ref idref="fl-de"/>
      </object_component>
      <object_component id="oc-2e1">
         <name>.debug_info</name>
         <load_address>0x1819c</load_address>
         <run_address>0x1819c</run_address>
         <size>0x132</size>
         <input_file_ref idref="fl-df"/>
      </object_component>
      <object_component id="oc-11d">
         <name>.debug_info</name>
         <load_address>0x182ce</load_address>
         <run_address>0x182ce</run_address>
         <size>0x126</size>
         <input_file_ref idref="fl-e0"/>
      </object_component>
      <object_component id="oc-eb">
         <name>.debug_info</name>
         <load_address>0x183f4</load_address>
         <run_address>0x183f4</run_address>
         <size>0x136</size>
         <input_file_ref idref="fl-e1"/>
      </object_component>
      <object_component id="oc-e0">
         <name>.debug_info</name>
         <load_address>0x1852a</load_address>
         <run_address>0x1852a</run_address>
         <size>0x124</size>
         <input_file_ref idref="fl-e2"/>
      </object_component>
      <object_component id="oc-2f2">
         <name>.debug_info</name>
         <load_address>0x1864e</load_address>
         <run_address>0x1864e</run_address>
         <size>0x124</size>
         <input_file_ref idref="fl-e3"/>
      </object_component>
      <object_component id="oc-342">
         <name>.debug_info</name>
         <load_address>0x18772</load_address>
         <run_address>0x18772</run_address>
         <size>0x11a</size>
         <input_file_ref idref="fl-e4"/>
      </object_component>
      <object_component id="oc-46">
         <name>.debug_info</name>
         <load_address>0x1888c</load_address>
         <run_address>0x1888c</run_address>
         <size>0x111</size>
         <input_file_ref idref="fl-e5"/>
      </object_component>
      <object_component id="oc-113">
         <name>.debug_info</name>
         <load_address>0x1899d</load_address>
         <run_address>0x1899d</run_address>
         <size>0x126</size>
         <input_file_ref idref="fl-e6"/>
      </object_component>
      <object_component id="oc-2c4">
         <name>.debug_info</name>
         <load_address>0x18ac3</load_address>
         <run_address>0x18ac3</run_address>
         <size>0x137</size>
         <input_file_ref idref="fl-e7"/>
      </object_component>
      <object_component id="oc-32b">
         <name>.debug_info</name>
         <load_address>0x18bfa</load_address>
         <run_address>0x18bfa</run_address>
         <size>0x12c</size>
         <input_file_ref idref="fl-e8"/>
      </object_component>
      <object_component id="oc-13d">
         <name>.debug_info</name>
         <load_address>0x18d26</load_address>
         <run_address>0x18d26</run_address>
         <size>0x313</size>
         <input_file_ref idref="fl-e9"/>
      </object_component>
      <object_component id="oc-51">
         <name>.debug_info</name>
         <load_address>0x19039</load_address>
         <run_address>0x19039</run_address>
         <size>0x1b4</size>
         <input_file_ref idref="fl-e9"/>
      </object_component>
      <object_component id="oc-138">
         <name>.debug_info</name>
         <load_address>0x191ed</load_address>
         <run_address>0x191ed</run_address>
         <size>0x46</size>
         <input_file_ref idref="fl-e9"/>
      </object_component>
      <object_component id="oc-1f0">
         <name>.debug_info</name>
         <load_address>0x19233</load_address>
         <run_address>0x19233</run_address>
         <size>0x2c</size>
         <input_file_ref idref="fl-e9"/>
      </object_component>
      <object_component id="oc-4f">
         <name>.debug_info</name>
         <load_address>0x1925f</load_address>
         <run_address>0x1925f</run_address>
         <size>0x29d</size>
         <input_file_ref idref="fl-ea"/>
      </object_component>
      <object_component id="oc-1b">
         <name>.debug_info</name>
         <load_address>0x194fc</load_address>
         <run_address>0x194fc</run_address>
         <size>0x1df</size>
         <input_file_ref idref="fl-ea"/>
      </object_component>
      <object_component id="oc-4a">
         <name>.debug_info</name>
         <load_address>0x196db</load_address>
         <run_address>0x196db</run_address>
         <size>0x46</size>
         <input_file_ref idref="fl-ea"/>
      </object_component>
      <object_component id="oc-130">
         <name>.debug_info</name>
         <load_address>0x19721</load_address>
         <run_address>0x19721</run_address>
         <size>0x2c</size>
         <input_file_ref idref="fl-ea"/>
      </object_component>
      <object_component id="oc-12e">
         <name>.debug_info</name>
         <load_address>0x1974d</load_address>
         <run_address>0x1974d</run_address>
         <size>0x293</size>
         <input_file_ref idref="fl-eb"/>
      </object_component>
      <object_component id="oc-14">
         <name>.debug_info</name>
         <load_address>0x199e0</load_address>
         <run_address>0x199e0</run_address>
         <size>0x245</size>
         <input_file_ref idref="fl-eb"/>
      </object_component>
      <object_component id="oc-3a">
         <name>.debug_info</name>
         <load_address>0x19c25</load_address>
         <run_address>0x19c25</run_address>
         <size>0x60</size>
         <input_file_ref idref="fl-eb"/>
      </object_component>
      <object_component id="oc-1e9">
[...]
         <value>0x576d</value>
         <object_component_ref idref="oc-22f"/>
      </symbol>
      <symbol id="sm-51b">
         <name>MPU_Get_Accelerometer</name>
         <value>0x59c3</value>
         <object_component_ref idref="oc-22f"/>
      </symbol>
      <symbol id="sm-51c">
         <name>MPU_Set_LPF</name>
         <value>0x5799</value>
         <object_component_ref idref="oc-22f"/>
      </symbol>
      <symbol id="sm-539">
         <name>MPU_Read_Len</name>
         <value>0x60e7</value>
         <object_component_ref idref="oc-2b7"/>
      </symbol>
      <symbol id="sm-53a">
         <name>MPU_Read_Byte</name>
         <value>0x60a5</value>
         <object_component_ref idref="oc-2b7"/>
      </symbol>
      <symbol id="sm-53b">
         <name>MPU_Write_Len</name>
         <value>0x617d</value>
         <object_component_ref idref="oc-2b7"/>
      </symbol>
      <symbol id="sm-53c">
         <name>MPU_Write_Byte</name>
         <value>0x6063</value>
         <object_component_ref idref="oc-2b7"/>
      </symbol>
      <symbol id="sm-555">
         <name>MotorInit</name>
         <value>0x6351</value>
         <object_component_ref idref="oc-20b"/>
      </symbol>
      <symbol id="sm-556">
         <name>MotorSet</name>
         <value>0x63ad</value>
         <object_component_ref idref="oc-20b"/>
      </symbol>
      <symbol id="sm-59c">
         <name>Beep_Flag</name>
         <value>0x20000234</value>
         <object_component_ref idref="oc-f7"/>
      </symbol>
      <symbol id="sm-59d">
         <name>Set_Low_Speed_temp</name>
         <value>0x20000236</value>
         <object_component_ref idref="oc-f7"/>
      </symbol>
      <symbol id="sm-59e">
         <name>Beep_Counter</name>
         <value>0x20000238</value>
         <object_component_ref idref="oc-f7"/>
      </symbol>
      <symbol id="sm-59f">
         <name>t_conter</name>
         <value>0x20000244</value>
         <object_component_ref idref="oc-f7"/>
      </symbol>
      <symbol id="sm-5a0">
         <name>Set_Low_Speed</name>
         <value>0x20000235</value>
         <object_component_ref idref="oc-f7"/>
      </symbol>
      <symbol id="sm-5a1">
         <name>Counter</name>
         <value>0x20000230</value>
         <object_component_ref idref="oc-f7"/>
      </symbol>
      <symbol id="sm-5a2">
         <name>Speed</name>
         <value>0x20000240</value>
         <object_component_ref idref="oc-f7"/>
      </symbol>
      <symbol id="sm-5a3">
         <name>Time_Flag</name>
         <value>0x2000022c</value>
         <object_component_ref idref="oc-f7"/>
      </symbol>
      <symbol id="sm-5a4">
         <name>MotorContolTimer</name>
         <value>0x5a29</value>
         <object_component_ref idref="oc-30"/>
      </symbol>
      <symbol id="sm-5a5">
         <name>t_temp</name>
         <value>0x20000248</value>
         <object_component_ref idref="oc-f7"/>
      </symbol>
      <symbol id="sm-5a6">
         <name>timeFlag</name>
         <value>0x2000024c</value>
         <object_component_ref idref="oc-f7"/>
      </symbol>
      <symbol id="sm-5a7">
         <name>Beep_Fre</name>
         <value>0x2000023c</value>
         <object_component_ref idref="oc-f7"/>
      </symbol>
      <symbol id="sm-5a8">
         <name>Timer0IntHandler</name>
         <value>0x5aa3</value>
         <object_component_ref idref="oc-30"/>
      </symbol>
      <symbol id="sm-5a9">
         <name>Timer1IntHandler</name>
         <value>0x5ba1</value>
         <object_component_ref idref="oc-30"/>
      </symbol>
      <symbol id="sm-5b7">
         <name>delay_us</name>
         <value>0x7017</value>
         <object_component_ref idref="oc-223"/>
      </symbol>
      <symbol id="sm-5b8">
         <name>delay_ms</name>
         <value>0x6ffd</value>
         <object_component_ref idref="oc-223"/>
      </symbol>
      <symbol id="sm-625">
         <name>ReciveData_UART0</name>
         <value>0x20000290</value>
      </symbol>
      <symbol id="sm-626">
         <name>ReciveData_UART1</name>
         <value>0x200002a0</value>
      </symbol>
      <symbol id="sm-627">
         <name>MotorOrderDirection</name>
         <value>0x2000028e</value>
         <object_component_ref idref="oc-cc"/>
      </symbol>
      <symbol id="sm-628">
         <name>UART1IntHandler</name>
         <value>0x3f11</value>
         <object_component_ref idref="oc-2a"/>
      </symbol>
      <symbol id="sm-629">
         <name>Uart1Iint</name>
         <value>0x434d</value>
         <object_component_ref idref="oc-2a"/>
      </symbol>
      <symbol id="sm-62a">
         <name>Uart0Iint</name>
         <value>0x3e91</value>
         <object_component_ref idref="oc-2a"/>
      </symbol>
      <symbol id="sm-62b">
         <name>UART1Send</name>
         <value>0x430d</value>
         <object_component_ref idref="oc-2a"/>
      </symbol>
      <symbol id="sm-62c">
         <name>UART0Send</name>
         <value>0x3e69</value>
         <object_component_ref idref="oc-2a"/>
      </symbol>
      <symbol id="sm-62d">
         <name>ReciveData_i_UART1</name>
         <value>0x2000028d</value>
         <object_component_ref idref="oc-cc"/>
      </symbol>
      <symbol id="sm-62e">
         <name>ReciveData_i_UART0</name>
         <value>0x2000028c</value>
         <object_component_ref idref="oc-cc"/>
      </symbol>
      <symbol id="sm-62f">
         <name>UARTIntHandler</name>
         <value>0x3dfd</value>
         <object_component_ref idref="oc-2a"/>
      </symbol>
      <symbol id="sm-630">
         <name>MotorOrderDisplacement</name>
         <value>0x2000028f</value>
         <object_component_ref idref="oc-cc"/>
      </symbol>
      <symbol id="sm-69f">
         <name>UARTgetc</name>
         <value>0x4a13</value>
         <object_component_ref idref="oc-ed"/>
      </symbol>
      <symbol id="sm-6a0">
         <name>UARTgets</name>
         <value>0x4959</value>
         <object_component_ref idref="oc-ed"/>
      </symbol>
      <symbol id="sm-6a1">
         <name>UARTStdioConfig</name>
         <value>0x48cd</value>
         <object_component_ref idref="oc-ed"/>
      </symbol>
      <symbol id="sm-6a2">
         <name>UARTwrite</name>
         <value>0x4913</value>
         <object_component_ref idref="oc-ed"/>
      </symbol>
      <symbol id="sm-6a3">
         <name>UARTprintf</name>
         <value>0x4d33</value>
         <object_component_ref idref="oc-ed"/>
      </symbol>
      <symbol id="sm-6a4">
         <name>UARTvprintf</name>
         <value>0x4a39</value>
         <object_component_ref idref="oc-ed"/>
      </symbol>
      <symbol id="sm-6b5">
         <name>FPULazyStackingEnable</name>
         <value>0x7225</value>
         <object_component_ref idref="oc-1f9"/>
      </symbol>
      <symbol id="sm-707">
         <name>GPIOPinConfigure</name>
         <value>0x6e31</value>
         <object_component_ref idref="oc-ae"/>
      </symbol>
      <symbol id="sm-708">
         <name>GPIOPinTypeGPIOInput</name>
         <value>0x71dd</value>
         <object_component_ref idref="oc-359"/>
      </symbol>
      <symbol id="sm-709">
         <name>GPIOPinTypeUART</name>
         <value>0x71ef</value>
         <object_component_ref idref="oc-b4"/>
      </symbol>
      <symbol id="sm-70a">
         <name>GPIOPinTypeGPIOOutput</name>
         <value>0x7181</value>
         <object_component_ref idref="oc-205"/>
      </symbol>
      <symbol id="sm-70b">
         <name>GPIOPinRead</name>
         <value>0x72d9</value>
         <object_component_ref idref="oc-21d"/>
      </symbol>
      <symbol id="sm-70c">
         <name>GPIODirModeSet</name>
         <value>0x70cf</value>
         <object_component_ref idref="oc-17f"/>
      </symbol>
      <symbol id="sm-70d">
         <name>GPIOPinWrite</name>
         <value>0x72df</value>
         <object_component_ref idref="oc-89"/>
      </symbol>
      <symbol id="sm-70e">
         <name>GPIOPadConfigSet</name>
         <value>0x65bf</value>
         <object_component_ref idref="oc-185"/>
      </symbol>
      <symbol id="sm-73e">
         <name>IntEnable</name>
         <value>0x6d01</value>
         <object_component_ref idref="oc-c0"/>
      </symbol>
      <symbol id="sm-73f">
         <name>IntMasterEnable</name>
         <value>0x7235</value>
         <object_component_ref idref="oc-a8"/>
      </symbol>
      <symbol id="sm-79d">
         <name>SysCtlPeripheralPresent</name>
         <value>0x6f8d</value>
         <object_component_ref idref="oc-1ae"/>
      </symbol>
      <symbol id="sm-79e">
         <name>SysCtlClockSet</name>
         <value>0x68fd</value>
         <object_component_ref idref="oc-1ff"/>
      </symbol>
      <symbol id="sm-79f">
         <name>SysCtlDelay</name>
         <value>0x72e5</value>
         <object_component_ref idref="oc-95"/>
      </symbol>
      <symbol id="sm-7a0">
         <name>SysCtlPeripheralEnable</name>
         <value>0x706d</value>
         <object_component_ref idref="oc-a2"/>
      </symbol>
      <symbol id="sm-7a1">
         <name>SysCtlClockGet</name>
         <value>0x66f1</value>
         <object_component_ref idref="oc-8f"/>
      </symbol>
      <symbol id="sm-7df">
         <name>TimerLoadSet</name>
         <value>0x7201</value>
         <object_component_ref idref="oc-d8"/>
      </symbol>
      <symbol id="sm-7e0">
         <name>TimerDisable</name>
         <value>0x7199</value>
         <object_component_ref idref="oc-217"/>
      </symbol>
      <symbol id="sm-7e1">
         <name>TimerEnable</name>
         <value>0x7245</value>
         <object_component_ref idref="oc-d2"/>
      </symbol>
      <symbol id="sm-7e2">
         <name>TimerIntEnable</name>
         <value>0x72c1</value>
         <object_component_ref idref="oc-106"/>
      </symbol>
      <symbol id="sm-7e3">
         <name>TimerConfigure</name>
         <value>0x6dd1</value>
         <object_component_ref idref="oc-100"/>
      </symbol>
      <symbol id="sm-7e4">
         <name>TimerIntClear</name>
         <value>0x72eb</value>
         <object_component_ref idref="oc-10c"/>
      </symbol>
      <symbol id="sm-847">
         <name>UARTCharPutNonBlocking</name>
         <value>0x7261</value>
         <object_component_ref idref="oc-9c"/>
      </symbol>
      <symbol id="sm-848">
         <name>UARTConfigSetExpClk</name>
         <value>0x6ec1</value>
         <object_component_ref idref="oc-ba"/>
      </symbol>
      <symbol id="sm-849">
         <name>UARTDisable</name>
         <value>0x7141</value>
         <object_component_ref idref="oc-18c"/>
      </symbol>
      <symbol id="sm-84a">
         <name>UARTIntEnable</name>
         <value>0x72c9</value>
         <object_component_ref idref="oc-c6"/>
      </symbol>
      <symbol id="sm-84b">
         <name>UARTCharsAvail</name>
         <value>0x726f</value>
         <object_component_ref idref="oc-96"/>
      </symbol>
      <symbol id="sm-84c">
         <name>UARTCharGetNonBlocking</name>
         <value>0x7253</value>
         <object_component_ref idref="oc-83"/>
      </symbol>
      <symbol id="sm-84d">
         <name>UARTCharPut</name>
         <value>0x72ad</value>
         <object_component_ref idref="oc-1b4"/>
      </symbol>
      <symbol id="sm-84e">
         <name>UARTEnable</name>
         <value>0x71c9</value>
         <object_component_ref idref="oc-192"/>
      </symbol>
      <symbol id="sm-84f">
         <name>UARTIntClear</name>
         <value>0x72ef</value>
         <object_component_ref idref="oc-7d"/>
      </symbol>
      <symbol id="sm-850">
         <name>UARTIntStatus</name>
         <value>0x72b7</value>
         <object_component_ref idref="oc-77"/>
      </symbol>
      <symbol id="sm-851">
         <name>UARTCharGet</name>
         <value>0x72a3</value>
         <object_component_ref idref="oc-1ba"/>
      </symbol>
      <symbol id="sm-85b">
         <name>CPUcpsie</name>
         <value>0x728b</value>
         <object_component_ref idref="oc-174"/>
      </symbol>
      <symbol id="sm-893">
         <name>asinl</name>
         <value>0x4d69</value>
         <object_component_ref idref="oc-2da"/>
      </symbol>
      <symbol id="sm-894">
         <name>asin</name>
         <value>0x4d69</value>
         <object_component_ref idref="oc-2da"/>
      </symbol>
      <symbol id="sm-8ce">
         <name>atan2</name>
         <value>0x5cc1</value>
         <object_component_ref idref="oc-2e5"/>
      </symbol>
      <symbol id="sm-8cf">
         <name>atan2l</name>
         <value>0x5cc1</value>
         <object_component_ref idref="oc-2e5"/>
      </symbol>
      <symbol id="sm-8f1">
         <name>sqrtl</name>
         <value>0x61f9</value>
         <object_component_ref idref="oc-360"/>
      </symbol>
      <symbol id="sm-8f2">
         <name>sqrt</name>
         <value>0x61f9</value>
         <object_component_ref idref="oc-360"/>
      </symbol>
      <symbol id="sm-928">
         <name>atanl</name>
         <value>0x5481</value>
         <object_component_ref idref="oc-379"/>
      </symbol>
      <symbol id="sm-929">
         <name>atan</name>
         <value>0x5481</value>
         <object_component_ref idref="oc-379"/>
      </symbol>
      <symbol id="sm-938">
         <name>__aeabi_uidivmod</name>
         <value>0x6f4d</value>
         <object_component_ref idref="oc-1c9"/>
      </symbol>
      <symbol id="sm-939">
         <name>__aeabi_uidiv</name>
         <value>0x6f4d</value>
         <object_component_ref idref="oc-1c9"/>
      </symbol>
      <symbol id="sm-948">
         <name>__aeabi_memset</name>
         <value>0x6bab</value>
         <object_component_ref idref="oc-13e"/>
      </symbol>
      <symbol id="sm-949">
         <name>memset</name>
         <value>0x6bb1</value>
         <object_component_ref idref="oc-13e"/>
      </symbol>
      <symbol id="sm-94a">
         <name>__aeabi_memset8</name>
         <value>0x6bab</value>
         <object_component_ref idref="oc-13e"/>
      </symbol>
      <symbol id="sm-94b">
         <name>__aeabi_memset4</name>
         <value>0x6bab</value>
         <object_component_ref idref="oc-13e"/>
      </symbol>
      <symbol id="sm-94c">
         <name>__aeabi_memclr8</name>
         <value>0x6ba9</value>
         <object_component_ref idref="oc-13e"/>
      </symbol>
      <symbol id="sm-94d">
         <name>__aeabi_memclr4</name>
         <value>0x6ba9</value>
         <object_component_ref idref="oc-13e"/>
      </symbol>
      <symbol id="sm-94e">
         <name>__aeabi_memclr</name>
         <value>0x6ba9</value>
         <object_component_ref idref="oc-13e"/>
      </symbol>
      <symbol id="sm-965">
         <name>__aeabi_dsub</name>
         <value>0x5ead</value>
         <object_component_ref idref="oc-e3"/>
      </symbol>
      <symbol id="sm-966">
         <name>__aeabi_dadd</name>
         <value>0x5eb7</value>
         <object_component_ref idref="oc-e3"/>
      </symbol>
      <symbol id="sm-978">
         <name>__aeabi_cdrcmple</name>
         <value>0x6b23</value>
         <object_component_ref idref="oc-366"/>
      </symbol>
      <symbol id="sm-98c">
         <name>__aeabi_ddiv</name>
         <value>0x6489</value>
         <object_component_ref idref="oc-117"/>
      </symbol>
      <symbol id="sm-997">
         <name>__aeabi_dmul</name>
         <value>0x6801</value>
         <object_component_ref idref="oc-2e0"/>
      </symbol>
      <symbol id="sm-9a1">
         <name>__aeabi_d2iz</name>
         <value>0x6e79</value>
         <object_component_ref idref="oc-11c"/>
      </symbol>
      <symbol id="sm-9ad">
         <name>__aeabi_d2f</name>
         <value>0x6c23</value>
         <object_component_ref idref="oc-e8"/>
      </symbol>
      <symbol id="sm-9b8">
         <name>__aeabi_f2d</name>
         <value>0x7035</value>
         <object_component_ref idref="oc-de"/>
      </symbol>
      <symbol id="sm-9c2">
         <name>__aeabi_i2d</name>
         <value>0x70a1</value>
         <object_component_ref idref="oc-2f0"/>
      </symbol>
      <symbol id="sm-9cb">
         <name>__aeabi_lmul</name>
         <value>0x71b1</value>
         <object_component_ref idref="oc-340"/>
      </symbol>
      <symbol id="sm-9e6">
         <name>memcpy</name>
         <value>0x69f1</value>
         <object_component_ref idref="oc-44"/>
      </symbol>
      <symbol id="sm-9e7">
         <name>__aeabi_memcpy</name>
         <value>0x69f1</value>
         <object_component_ref idref="oc-44"/>
      </symbol>
      <symbol id="sm-9e8">
         <name>__aeabi_memcpy8</name>
         <value>0x69f1</value>
         <object_component_ref idref="oc-44"/>
      </symbol>
      <symbol id="sm-9e9">
         <name>__aeabi_memcpy4</name>
         <value>0x69f1</value>
         <object_component_ref idref="oc-44"/>
      </symbol>
      <symbol id="sm-9f3">
         <name>__aeabi_ui2d</name>
         <value>0x7161</value>
         <object_component_ref idref="oc-112"/>
      </symbol>
      <symbol id="sm-a01">
         <name>__aeabi_ldivmod</name>
         <value>0x6c91</value>
         <object_component_ref idref="oc-2c3"/>
      </symbol>
      <symbol id="sm-a0e">
         <name>__aeabi_uldivmod</name>
         <value>0x6a8d</value>
         <object_component_ref idref="oc-329"/>
      </symbol>
      <symbol id="sm-a27">
         <name>__TI_zero_init_nomemset</name>
         <value>0x7213</value>
         <object_component_ref idref="oc-50"/>
      </symbol>
      <symbol id="sm-a3e">
         <name>__TI_decompress_none</name>
         <value>0x727d</value>
         <object_component_ref idref="oc-18"/>
      </symbol>
      <symbol id="sm-a61">
         <name>__TI_decompress_lzss</name>
         <value>0x6d69</value>
         <object_component_ref idref="oc-12"/>
      </symbol>
      <symbol id="sm-a74">
         <name>__stack</name>
         <value>0x20000000</value>
         <object_component_ref idref="oc-21"/>
      </symbol>
      <symbol id="sm-a75">
         <name>_c_int00_noargs</name>
         <value>0x6fc5</value>
         <object_component_ref idref="oc-62"/>
      </symbol>
      <symbol id="sm-a8b">
         <name>__aeabi_errno_addr</name>
         <value>0x72d1</value>
         <object_component_ref idref="oc-36b"/>
      </symbol>
      <symbol id="sm-a8c">
         <name>errno</name>
         <value>0x20000288</value>
         <object_component_ref idref="oc-3d9"/>
      </symbol>
      <symbol id="sm-a97">
         <name>C$$EXIT</name>
         <value>0x72f7</value>
         <object_component_ref idref="oc-241"/>
      </symbol>
      <symbol id="sm-a98">
         <name>abort</name>
         <value>0x72f7</value>
         <object_component_ref idref="oc-241"/>
      </symbol>
      <symbol id="sm-aaa">
         <name>memcmp</name>
         <value>0x711d</value>
         <object_component_ref idref="oc-2c8"/>
      </symbol>
      <symbol id="sm-ab4">
         <name>__aeabi_idiv0</name>
         <value>0x61f7</value>
         <object_component_ref idref="oc-2a2"/>
      </symbol>
      <symbol id="sm-ab5">
         <name>__aeabi_ldiv0</name>
         <value>0x61f7</value>
         <object_component_ref idref="oc-2a2"/>
      </symbol>
      <symbol id="sm-add">
         <name>__TI_auto_init_nobinit_nopinit</name>
         <value>0x6f09</value>
         <object_component_ref idref="oc-24d"/>
      </symbol>
      <symbol id="sm-ae7">
         <name>_system_pre_init</name>
         <value>0x72f3</value>
         <object_component_ref idref="oc-144"/>
      </symbol>
      <symbol id="sm-ae9">
         <name>__TI_static_base__</name>
         <value>0x0</value>
      </symbol>
      <symbol id="sm-aec">
         <name>__mpu_init</name>
         <value>0x0</value>
      </symbol>
      <symbol id="sm-aed">
         <name>_system_post_cinit</name>
         <value>0x0</value>
      </symbol>
   </symbol_table>
   <title>Link successful</title>
</link_info>
